[    0.000000] Initializing cgroup subsys cpuset
[    0.000000] Initializing cgroup subsys cpu
[    0.000000] Initializing cgroup subsys cpuacct
[    0.000000] Linux version 4.4.0-133-generic (buildd@lgw01-amd64-029) (gcc version 5.4.0 20160609 (Ubuntu 5.4.0-6ubuntu1~16.04.10) ) #159-Ubuntu SMP Fri Aug 10 7:3143 UTC01 (buntu 4.4.0-133.159-generic 4.4.134)
[   .0000] Cmmndlie: BO_IGE=/bot/mlnuz-4.4.0-133-generic root=LABEL=cloudimg-rootfs ro console=tty conole=yS
[   .0000]ERNELsuported cpus:
[   .0000]  InelGeuinentl[    0.000000]   AMD AuthenticAMD
[    0.000000]   Centaur CentaurHauls
[    0.000000] x86/fpu: xstate_offset[2]:  576, xstate_sizes[2]:  256
[    0.000000] x86/fpu: Supporting XSAVE feature 0x01: 'x87 floating point registers'
[    0.000000] x86/fpu: Supporting XSAVE feature 0x2:'SE egisters'
[  000000x8fpu: Spptig XSAVEeaure 0x04: 'VX registes'
[    0.000000] x86/fpu: Enabled xstate features 0x7, context size is 832 bytes, using 'standard' format.
[    0.000000] x86/fpu: Using 'eager' FPU context switches.
[    0.000000] e820: BIOS-provided pysical RAM map:
[  000000]IO-e820: [mem 0x0000000000000000-0x000000000009fbff] usable
[    0.000000] BIOS-e820: [mem 0x000000000009fc00-0x000000000009ffff] reserved
[    0.000000] BIOS-e820: [mem 0x00000000000f0000-0x0000000000fffff] reserved
[  0.000000] BIOS-e820: [mem 00000000000100000-00000003fefff] usbl
   0.00000BIS-e82: em0x000003ff0000-0x00000003ffff] CPdaa
[  0.0000] BIOS-e820: [me 0000000fec0000-0000000fe0ff] resrv
    0.000]BIOS-e820: [mem 0x00000000fee00000-0x00000000fee00ff]rerved
[   .0000] BIOS-e820: [mem 0x00000000fffc000-0000000fffff]reservd    0.00] NX (Execute Disable) protectio: cte
[    .0000]SMBIOS2. prset.
  0.00000] Hypervisor detete: VM
[    0.000000] e820: last_pfn = 0x3fff0 max_arch_fn= 400000000
[   .00000]MTRR: Disabled
[   .0000] x86PAT:MTRs disbld,kippingPAT initialzaio to
   0.00000] U TRRsalblnk - rtalzed ysem
    0.000]x86/PAT: onigraion [07] W  T  UC- UC  WB  WT  UC- UC  
[    0.000000] found SMP MP-table at [mem 0x0009fff0-0x0009ffff] mapped at [ffff88000009fff0]
[    0.000000] Scanning 1 areas for low memory corruption
[    0.000000] RAMDISK: [mem 0x3630cc000-0x3717dfff]
[    0.000000] ACPI: Early table checksum verification disabed
[    0.000000] ACPI: RSDP 0x00000000000E0000 000024 (v02 VBOX  )
[    0.000000] ACPI: XSDT 0x000000003FFF0030 00003C (v01 VBOX   VBOXXSDT 00000001 ASL  00000061)
[    0.000000] ACPI: FACP 0x000000003FFF00F0 0000F4 (v04 VBOX   VBOXFACP 00000001 ASL  00000061)
[    0.000000] ACPI: DSDT 0x000000003FFF0470 0021FF (v02 VBOX   VBOXBIOS 00000002 INTL 20100528)
[    0.000000] ACPI: FACS 0x000000003FFF0200 000040
[    0.000000] ACPI: FACS 0x0000000FFF0200 0004
[   0.000000] ACPI: APIC 0x0000003FF040 00005C (v02 VBO  VBXAPIC 00000001 ASL  00000061)
[    0.000000] ACPI: SSDT 0x000000003FFF02A0 0001CC (v01 VBOX   VBOXCPUT 00000002 INTL 20100528)
[    0.000000] No NUMA configuration found
[    0.000000] Faking a node at [mem 0x0000000000000000-0x000000003ffeffff]
[    0.000000] NODE_DATA(0) allocated [mem 0x3ffeb000-0x3ffeffff]
[    0.000000] kvm-clock: Using msrs 4b564d01 and 4b564d00
[    0.000000] kvm-clock: cpu 0, msr 0:3ffe3001, primary cpu clock
[    0.000000] kvm-clock: using sched offset of 4277995035 cycles
[    0.000000] clocksource: kvm-clock: mask: 0xffffffffffffffff max_cycles: 0x1cd42e4dffb, max_idle_ns: 881590591483 ns
[    0.000000] Zone ranges:
[    0.000000]   DMA      [mem 0x0000000000001000-0x0000000000ffffff]
[    0.000000]   DMA32    [mem 0x0000000001000000-0x000000003ffeffff]
[    0.000000]   Normal   empty
[    0.000000]   Devic   emty[    0.000000] ovlezone tat oreachnoe
[    0.000000] Early memory node ranges
[   0.00000]  od   0: emx000000001000-x000000009ff
    0.0000]  ode    [em0x0000000000100000-0x00000003feff]
[  000000] Initmm etp ode  [m x00000000001000-0x000000003ffeffff]
[    0.000000] ACPI: PM-Timer IO Port: 0x4008
[    0.000000] IOAPIC[0]: apic_id 2, version 32, address 0xfec00000, GSI 0-23
[    0.000000] ACPI: INT_SRC_OVR (bus 0 bus_irq 0 global_iq 2 dfl dfl)
[  000000] CPI: INT_SRC_OVR (bus 0 bus_irq 9 global_irq 9 low lve
[    00000 UsinAC (ADT) for SMP configuration information
[   .0000] smpoo: llowin 2CPs,0 hoplg PUs
[    0.000]PM: Restre nosa memry [mem 0x00000000-0x0000ff]
[    0.000000] PM: egisteedosve memry[mm x009000-0x00ffff]
[    0.000000] PM: Registered nosave memory: [mem 0x000a0000-0x000effff]
[    0.000000] PM: Registered nosave memory: [mem 0x000f0000-0x000fffff]
[    0.000000] e820: [mem 0x40000000-0xfebfffff] available for PCI devices
[    0.000000] Booting paravirtualized kernel on KVM
[    0.000000] clocksource: refined-jiffies: mask: 0xffffffff max_cycles: 0xffffffff, max_idle_ns: 7645519600211568 ns
[    0.000000] setup_percpu: NR_CPUS:512 nr_cpumask_bits:512 nr_cpu_ids:2 nr_node_ids:1
[    0.000000] PERCPU: Embedded 34 pages/cpu @ffff88003fc00000 s99544 r8192 d31528 u1048576
[    0.000000] PV qspinlock hash table entries: 256 (order: 0, 4096 bytes)
[    0.000000] Built 1 zonelists in Node order, mobility grouping on.  Total pages: 257912
[    0.000000] Policy zone: DMA32
[    0.000000] Kernel command line: BOOT_IMAGE=/boot/vmlinuz-4.4.0-133-generic root=LABEL=cloudimg-rootfs ro console=tty1 console=ttyS0
[    0.000000] PID hash table entries: 4096 (order: 3, 32768 bytes)
[    0.000000] Memory: 997712K/1048120K available (8550K kernel code, 1314K rwdata, 4004K rodata, 1528K nit,31K bs 5408Kesved, 0K c-rserved)
[    0.000000] SLUB: HWalign=64, Order=0-3, MinObjects=0, CPUs=2, Nodes=1
[    0.000000] Kernel/User page tables isolation: enabled
[    0.000000] Hierarchical RCU implementation.
[    0.000000] 	Build-time adjustment of leaf fanout to 64.
[    0.000000] 	RCU restricting CPUs from NR_CPUS=512 to nr_cpu_ids=2.
[    0.000000] RCU: Adjusting geometry for rcu_fanout_leaf=64, nr_cpu_ids=2
[    0.000000] NR_IRQS:33024 nr_irqs:440 16
[    0.000000] Console: colour VGA+ 80x25
[    0.000000] console [tty1] enabled
[    0.000000] console [ttyS0] enabled
[    0.000000] tsc: Detected 2194.926 MHz processor
[    5.499183] Calibrating delay loop (skipped) preset value.. 4389.85 BogoMIPS (lpj=8779704)
[    5.500782] pid_max: default: 32768 minimum: 301
[    5.501644] ACPI: Core revisio 250930
[    5.540204] ACPI: 2 ACPI AML tables successfully acquired and loaded
[    5.541384] Security Framework initialized
[    5.607365] Yama: becoming mindful.
[    5.704629] AppArmor: AppArmor initialized
[    5.787683] Dentry cache hash table entries: 131072 (order: 8, 1048576 bytes)
[    5.872220] Inode-cache hash table entries: 65536 (order: 7, 524288 bytes)
[    5.967696] Mount-cache hash table entries: 2048 (order: 2, 16384 bytes)
[    5.968869] Mountpoint-cache hash table entries: 2048 (order: 2, 16384 bytes)
[    5.970150] Initializing cgroup subsys io
[    5.970988] Initializing cgroup subsys memory
[    5.987834] Initializing cgroup subsys devices
[    6.055133] Initializing cgroup subsys freezer
[    6.105127] Initializing cgroup subsys net_cls
[    6.155762] Initializing cgroup subsys perf_event
[    6.179453] Initializing cgroup subsys net_prio
[    6.180284] Initializing cgroup subsys hugetlb
[    6.181092] Initializing cgroup subsys pids
[    6.182872] mce: CPU supports 0 MCE banks
[    6.183642] Last level iTLB entries: 4KB 1024, 2MB 1024, 4MB 1024
[    6.184698] Last level dTLB entries: 4KB 1024, 2MB 1024, 4MB 1024, 1GB 4
[    6.185822] Spectre V2 : Mitigation: Full generic retpoline
[    6.186817] Spectre V2 : Speculation control IBPB not-supported IBRS not-supported
[    6.204564] Speculative Store Bypass: Vulnerable
[    6.302482] Freeing SMP alternatives memory: 32K
[    6.380137] ftrace: allocating 32262 entries in 127 pages
[    6.527906] smpboot: APIC(0) Converting physical 0 to logical package 0
[    6.537288] smpboot: Max logical packages: 1
[    6.538390] x2apic enabled
[    6.539248] Switched APIC routing to physical x2apic.
[    6.541295] ..TIMER: vector=0x30 apic1=0 pin1=2 apic2=-1 pin2=-1
[    6.659086] APIC calibration not consistent with PM-Timer: 108ms instead of 100ms
[    6.664458] APIC delta adjusted to PM-Timer: 6245289 (6753596)
[    6.665512] smpboot: CPU0: Intel(R) Core(TM) i7-4702MQ CPU @ 2.20GHz (family: 0x6, model: 0x3c, stepping: 0x3)
[    6.667402] Performance Events: unsupported p6 CPU model 60 no PMU driver, software events only.
[    6.669083] KVM setup paravirtual spinlock
[    6.670508] x86: Booting SMP configuration:
[    6.671295] .... node  #0, CPUs:      #1
[    6.672154] kvm-clock: cpu 1, msr 0:3ffe3041, secondary cpu clock
[    6.673766] mce: CPU supports 0 MCE banks
[    6.676257] x86: Booted up 1 node, 2 CPUs
[    6.678533] smpboot: Total of 2 processors activated (8779.70 BogoMIPS)
[    6.680114] devtmpfs: initialized
[    6.682133] evm: security.selinux
[    6.682859] evm: security.SMACK64
[    6.694804] evm: security.SMACK64EXEC
[    6.695528] evm: security.SMACK64TRANSMUTE
[    6.696340] evm: security.SMACK64MMAP
[    6.697069] evm: security.ima
[    6.697714] evm: security.capability
[    6.698670] clocksource: jiffies: mask: 0xffffffff max_cycles: 0xffffffff, max_idle_ns: 7645041785100000 ns
[    6.700422] futex hash table entries: 512 (order: 3, 32768 bytes)
[    6.701626] pinctrl core: initialized pinctrl subsystem
[    6.729965] RTC time: 20:57:49, date: 08/28/18
[    6.765158] NET: Registered protocol family 16
[    6.835874] cpuidle: using governor ladder
[    6.900382] cpuidle: using governor menu
[    6.970021] PCCT header not found.
[    7.015933] ACPI: bus type PCI registered
[    7.091057] acpiphp: ACPI Hot Plug PCI Controller Driver version: 0.5
[    7.235751] PCI: Using configuration type 1 for base access
[    7.352048] ACPI: Added _OSI(Module Device)
[    7.390915] ACPI: Added _OSI(Processor Device)
[    7.447512] ACPI: Added _OSI(3.0 _SCP Extensions)
[    7.511206] ACPI: Added _OSI(Processor Aggregator Device)
[    7.512909] ACPI: Executed 1 blocks of module-level executable AML code
[    7.516152] ACPI: Interpreter enabled
[    7.516957] ACPI: (supports S0 S5)
[    7.547094] ACPI: Using IOAPIC for interrupt routing
[    7.590330] PCI: Using host bridge windows from ACPI; if necessary, use "pci=nocrs" and report a bug
[    7.598594] ACPI: PCI Root Bridge [PCI0] (domain 0000 [bus 00-ff])
[    7.599679] acpi PNP0A03:00: _OSC: OS supports [ASPM ClockPM Segments MSI]
[    7.600903] acpi PNP0A03:00: _OSC: not requesting OS control; OS requires [ExtendedConfig ASPM ClockPM MSI]
[    7.602672] acpi PNP0A03:00: fail to add MMCONFIG information, can't access extended PCI configuration space under this bridge.
[    7.605577] PCI host bridge to bus 0000:00
[    7.606442] pci_bus 0000:00: root bus resource [io  0x0000-0x0cf7 window]
[    7.607896] pci_bus 0000:00: root bus resource [io  0x0d00-0xffff window]
[    7.618028] pci_bus 0000:00: root bus resource [mem 0x000a0000-0x000bffff window]
[    7.676274] pci_bus 0000:00: root bus resource [mem 0x40000000-0xfdffffff window]
[    7.776825] pci_bus 0000:00: root bus resource [bus 00-ff]
[    7.836884] pci 0000:00:01.1: legacy IDE quirk: reg 0x10: [io  0x01f0-0x01f7]
[    7.861028] pci 0000:00:01.1: legacy IDE quirk: reg 0x14: [io  0x03f6]
[    7.953677] pci 0000:00:01.1: legacy IDE quirk: reg 0x18: [io  0x0170-0x0177]
[    7.954890] pci 0000:00:01.1: legacy IDE quirk: reg 0x1c: [io  0x0376]
[    7.970242] pci 0000:00:07.0: quirk: [io  0x4000-0x403f] claimed by PIIX4 ACPI
[    8.067828] pci 0000:00:07.0: quirk: [io  0x4100-0x410f] claimed by PIIX4 SMB
[    8.179005] ACPI: PCI Interrupt Link [LNKA] (IRQs 5 9 10 *11)
[    8.278619] ACPI: PCI Interrupt Link [LNKB] (IRQs 5 9 *10 11)
[    8.327104] ACPI: PCI Interrupt Link [LNKC] (IRQs 5 *9 10 11)
[    8.330206] ACPI: PCI Interrupt Link [LNKD] (IRQs 5 9 10 *11)
[    8.331744] ACPI: Enabled 2 GPEs in block 00 to 07
[    8.333039] vgaarb: setting as boot device: PCI:0000:00:02.0
[    8.402393] vgaarb: device added: PCI:0000:00:02.0,decodes=io+mem,owns=io+mem,locks=none
[    8.534441] vgaarb: loaded
[    8.574167] vgaarb: bridge control possible 0000:00:02.0
[    8.608045] SCSI subsystem initialized
[    8.609023] ACPI: bus type USB registered
[    8.609827] usbcore: registered new interface driver usbfs
[    8.610812] usbcore: registered new interface driver hub
[    8.611769] usbcore: registered new device driver usb
[    8.625150] PCI: Using ACPI for IRQ routing
[    8.660571] NetLabel: Initializing
[    8.661292] NetLabel:  domain hash size = 128
[    8.662125] NetLabel:  protocols = UNLABELED CIPSOv4
[    8.663045] NetLabel:  unlabeled traffic allowed by default
[    8.664260] amd_nb: Cannot enumerate AMD northbridges
[    8.672059] clocksource: Switched to clocksource kvm-clock
[   .6549]ApArr:pprm Fesstm nale
[   1965pn P APIni
  9.7329] pnp PP ACPI found 3 devices

[    9.743380] clocksource: acpi_pm: mask: 0xffffff max_cycles: 0xffffff, max_idle_ns: 2085701024 ns
[    9.775637] NET: Registered protocol family 2
[    9.776635] TCP established hash table entries: 8192 (order: 4, 65536 bytes)
[    9.785914] TCP bind hash table entries: 8192 (order: 5, 131072 bytes)
[    9.787070] TCP: Hash tables configured (established 8192 bind 8192)
[    9.788186] UDP hash table entries: 512 (order: 2, 16384 bytes)
[    9.789247] UDP-Lite hash table entries: 512 (order: 2, 16384 bytes)
[    9.790391] NET: Registered protocol family 1
[    9.791246] pci 0000:00:00.0: Limiting direct PCI/PCI transfers
[    9.792356] pci 0000:00:01.0: Activating ISA DMA hang workarounds
[    9.793638] Unpacking initramfs...
[   10.055537] Freeing initrd memory: 14792K
[   10.085711] RAPL PMU detected, API unit is 2^-32 Joules, 4 fixed counters 10737418240 ms ovfl timer
[   10.145415] hw unit of domain pp0-core 2^-0 Joules
[   10.148502] hw unit of domain package 2^-0 Joules
[   10.156220] hw unit of domain dram 2^-0 Joules
[   10.157018] hw unit of domain pp1-gpu 2^-0 Joules
[   10.157911] platform rtc_cmos: registered platform RTC device (no PNP device found)
[   10.164965] Scanning for low memory corruption every 60 seconds
[   10.220740] audit: initializing netlink subsys (disabled)
[   10.251582] audit: type=2000 audit(1535489869.584:1): initialized
[   10.254403] Initialise system trusted keyring
[   10.257994] HugeTLB registered 2 MB page size, pre-allocated 0 pages
[   10.260522] zbud: loaded
[   10.261532] VFS: Disk quotas dquot_6.6.0
[   10.262315] VFS: Dquot-cache hash table entries: 512 (order 0, 4096 bytes)
[   10.263665] squashfs: version 4.0 (2009/01/31) Phillip Lougher
[   10.265059] fuse init (API version 7.23)
[   10.280961] Key type big_key registered
[   10.311159] Allocating IMA MOK and blacklist keyrings.
[   10.312979] Key type asymmetric registered
[   10.313783] Asymmetric key parser 'x509' registered
[   10.314733] Block layer SCSI generic (bsg) driver version 0.4 loaded (major 249)
[   10.316216] io scheduler noop registered
[   10.318938] io scheduler deadline registered (default)
[   10.319907] io scheduler cfq registered
[   10.320798] pci_hotplug: PCI Hot Plug PCI Core version: 0.5
[   10.321778] pciehp: PCI Express Hot Plug Controller Driver version: 0.4
[   10.323010] ACPI: AC Adapter [AC] (on-line)
[   10.323930] input: Power Button as /devices/LNXSYSTM:00/LNXPWRBN:00/input/input0
[   10.325447] ACPI: Power Button [PWRF]
[   10.326253] input: Sleep Button as /devices/LNXSYSTM:00/LNXSLPBN:00/input/input1
[   10.395343] ACPI: Sleep Button [SLPF]
[   10.412844] GHES: HEST is not enabled!
[   10.413508] ACPI: Battery Slot [BAT0] (battery present)
[   10.441524] Serial: 8250/16550 driver, 32 ports, IRQ sharing enabled
[   10.509142] 00:02: ttyS0 at I/O 0x3f8 (irq = 4, base_baud = 115200) is a 16550A
[   10.511718] Linux agpgart interface v0.103
[   10.526040] loop: module loaded
[   10.550001] scsi host0: ata_piix
[   10.590535] scsi host1: ata_piix
[   10.599089] ata1: PATA max UDMA/33 cmd 0x1f0 ctl 0x3f6 bmdma 0xd000 irq 14
[   10.632430] ata2: PATA max UDMA/33 cmd 0x170 ctl 0x376 bmdma 0xd008 irq 15
[   10.685198] libphy: Fixed MDIO Bus: probed
[   10.688619] tun: Universal TUN/TAP device driver, 1.6
[   10.689526] tun: (C) 1999-2004 Max Krasnyansky <maxk@qualcomm.com>
[   10.690592] PPP generic driver version 2.4.2
[   10.691467] ehci_hcd: USB 2.0 'Enhanced' Host Controller (EHCI) Driver
[   10.692548] ehci-pci: EHCI PCI platform driver
[   10.693395] ehci-platform: EHCI generic platform driver
[   10.700923] ohci_hcd: USB 1.1 'Open' Host Controller (OHCI) Driver
[   10.701932] ohci-pci: OHCI PCI platform driver
[   10.702755] ohci-platform: OHCI generic platform driver
[   10.703679] uhci_hcd: USB Universal Host Controller Interface driver
[   10.704903] i8042: PNP: PS/2 Controller [PNP0303:PS2K,PNP0f03:PS2M] at 0x60,0x64 irq 1,12
[   10.706917] serio: i8042 KBD port at 0x60,0x64 irq 1
[   10.736736] serio: i8042 AUX port at 0x60,0x64 irq 12
[   10.741328] mousedev: PS/2 mouse device common for all mice
[   10.742768] rtc_cmos rtc_cmos: rtc core: registered rtc_cmos as rtc0
[   10.743987] rtc_cmos rtc_cmos: alarms up to one day, 114 bytes nvram
[   10.745160] i2c /dev entries driver
[   10.757620] input: AT Translated Set 2 keyboard as /devices/platform/i8042/serio0/input/input2
[   10.757624] device-mapper: uevent: version 1.0.3
[   10.802369] device-mapper: ioctl: 4.34.0-ioctl (2015-10-28) initialised: dm-devel@redhat.com
[   10.806010] ledtrig-cpu: registered to indicate activity on CPUs
[   10.807699] NET: Registered protocol family 10
[   10.815198] NET: Registered protocol family 17
[   10.816102] Key type dns_resolver registered
[   10.817546] registered taskstats version 1
[   10.841371] Loading compiled-in X.509 certificates
[   106135 LadedX.9 cert'Bild meautoenrated kernel key: 2bd7eec8ea2fedbeeda78e0b663eb647cf617c40'

[   11.156280] tsc: Refined TSC clocksource calibration: 2195.005 MHz
[   11.156283] clocksource: tsc: mask: 0xffffffffffffffff max_cycles: 0x1fa3c45e452, max_idle_ns: 440795285021 ns
[   11.285864] zswap: loaded using pool lzo/zbud
[   11.288587] Key type trusted registered
[   11.316458] Key type encrypted registered
[   11.356824] AppArmor: AppArmor sha1 policy hashing enabled
[   11.431966] ima: No TPM chip found, activating TPM-bypass!
[   11.527664] ima: Allocated hash algorithm: sha1
[   11.614517] evm: HMAC attrs: 0x1
[   11.657969]   Magic number: 14:681:1004
[   11.714055] input input1: hash matches
[   11.744696] rtc_cmos rtc_cmos: setting system clock to 2018-08-28 20:57:54 UTC (1535489874)
[   11.833652] BIOS EDD facility v0.16 2004-Jun-25, 0 devices found
[   11.871721] EDD information not available.
[   11.880778] Freeing unused kernel memory: 1528K
[   11.896265] Write protecting the kernel read-only data: 14336k
[   11.901851] Freeing unused kernel memory: 1676K
[   11.902988] Freeing unused kernel memory: 92K
Loading, please wait...
starting version[   12.171507] random: systemd-udevd: uninitialized urandom read (16 bytes read, 3 bits of entropy available)
 229
[   12.173544] random: udevadm: uninitialized urandom read (16 bytes read, 3 bits of entropy available)
[   12.173572] random: udevadm: uninitialized urandom read (16 bytes read, 3 bits of entropy available)
[   12.180980] random: udevadm: uninitialized urandom read (16 bytes read, 3 bits of entropy available)
[   12.181016] random: udevadm: uninitialized urandom read (16 bytes read, 3 bits of entropy available)
[   12.181130] random: udevadm: uninitialized urandom read (16 bytes read, 3 bits of entropy available)
[   12.181172] random: udevadm: uninitialized urandom read (16 bytes read, 3 bits of entropy available)
[   12.181216] random: udevadm: uninitialized urandom read (16 bytes read, 3 bits of entropy available)
[   12.181256] random: udevadm: uninitialized urandom read (16 bytes read, 3 bits of entropy available)
[   12.181296] random: udevadm: uninitialized urandom read (16 bytes read, 3 bits of entropy available)
[   13.043028] e1000: Intel(R) PRO/1000 Network Driver - version 7.3.21-k8-NAPI
[   13.044295] e1000: Copyright (c) 1999-2006 Intel Corporation.
[   13.049803] Fusion MPT base driver 3.04.20
[   13.050624] Copyright (c) 1999-2008 LSI Corporation
[   13.056930] Fusion MPT SPI Host driver 3.04.20
[   13.074499] AVX2 version of gcm_enc/dec engaged.
[   13.075448] AES CTR mode by8 optimization enabled
[   13.276022] input: ImExPS/2 Generic Explorer Mouse as /devices/platform/i8042/serio1/input/input4
[   13.414247] e1000 0000:00:03.0 eth0: (PCI:33MHz:32-bit) 02:00:84:9a:cf:24
[   14.132933] e1000 0000:00:03.0 eth0: Intel(R) PRO/1000 Network Connection
[   14.712850] e1000 0000:00:08.0 eth1: (PCI:33MHz:32-bit) 08:00:27:44:fb:21
[   15.109396] e1000 0000:00:08.0 eth1: Intel(R) PRO/1000 Network Connection
[   15.111244] mptbase: ioc0: Initiating bringup
[   15.111574] e1000 0000:00:08.0 enp0s8: renamed from eth1
[   15.129640] e1000 0000:00:03.0 enp0s3: renamed from eth0
[   15.208636] ioc0: LSI53C1030 A0: Capabilities={Initiator}
[   15.427133] scsi host2: ioc0: LSI53C1030 A0, FwRev=00000000h, Ports=1, MaxQ=256, IRQ=20
[   15.624811] scsi 2:0:0:0: Direct-Access     VBOX     HARDDISK         1.0  PQ: 0 ANSI: 5
[   15.743476] scsi target2:0:0: Beginning Domain Validation
[   15.755582] scsi target2:0:0: Domain Validation skipping write tests
[   15.756722] scsi target2:0:0: Ending Domain Validation
[   15.775435] scsi target2:0:0: asynchronous
[   15.805312] scsi 2:0:1:0: Direct-Access     VBOX     HARDDISK         1.0  PQ: 0 ANSI: 5
[   15.865107] scsi target2:0:1: Beginning Domain Validation
[   15.894195] scsi target2:0:1: Domain Validation skipping write tests
[   15.895300] scsi target2:0:1: Ending Domain Validation
[   15.896319] scsi target2:0:1: asynchronous
[   15.902311] sd 2:0:0:0: Attached scsi generic sg0 type 0
[   15.902564] sd 2:0:0:0: [sda] 20971520 512-byte logical blocks: (10.7 GB/10.0 GiB)
[   15.902672] sd 2:0:0:0: [sda] Write Protect is off
[   15.902743] sd 2:0:0:0: [sda] Incomplete mode parameter data
[   15.902744] sd 2:0:0:0: [sda] Assuming drive cache: write through
[   15.924308]  sda: sda1
[   15.925327] sd 2:0:0:0: [sda] Attached SCSI disk
[   16.163615] sd 2:0:1:0: Attached scsi generic sg1 type 0
[   16.163830] sd 2:0:1:0: [sdb] 20480 512-byte logical blocks: (10.5 MB/10.0 MiB)
[   16.164134] sd 2:0:1:0: [sdb] Write Protect is off
[   16.164342] sd 2:0:1:0: [sdb] Incomplete mode parameter data
[   16.164343] sd 2:0:1:0: [sdb] Assuming drive cache: write through
[   16.196828] sd 2:0:1:0: [sdb] Attached SCSI disk
Begin: Loading e[   17.841461] md: linear personality registered for level -1
ssential drivers ... [   17.905981] md: multipath personality registered for level -4
[   17.914192] md: raid0 personality registered for level 0
[   17.919154] md: raid1 personality registered for level 1
[   18.028264] raid6: sse2x1   gen()  9438 MB/s
[   18.172207] raid6: sse2x1   xor()  6842 MB/s
[   18.276247] raid6: sse2x2   gen() 11020 MB/s
[   18.368459] raid6: sse2x2   xor()  7416 MB/s
[   18.452416] raid6: sse2x4   gen() 12662 MB/s
[   18.556535] raid6: sse2x4   xor()  9032 MB/s
[   18.636504] raid6: avx2x1   gen() 17759 MB/s
[   18.716653] raid6: avx2x2   gen() 13510 MB/s
[   18.788086] raid6: avx2x4   gen() 23657 MB/s
[   18.823811] raid6: using algorithm avx2x4 gen() 23657 MB/s
[   18.907805] raid6: using avx2x2 recovery algorithm
[   18.969940] xor: automatically using best checksumming function:
[   19.076303]    avx       : 29220.000 MB/sec
[   19.129906] async_tx: api initialized (async)
[   19.173994] md: raid6 personality registered for level 6
[   19.212473] md: raid5 personality registered for level 5
[   19.255986] md: raid4 personality registered for level 4
[   19.261823] md: raid10 personality registered for level 10
done.
Begin: Running /scripts/init-premount ... done.
Begin: M[   19.292415] Btrfs loaded
ounting root file system ... Begin: Running /scripts/local-top ... done.
Begin: Running /scripts/local-premount ... Scanning for Btrfs filesystems
done.
Warning: fsck not present, so skipping root file system
[   19.506249] EXT4-fs (sda1): mounted filesystem with ordered data mode. Opts: (null)
done.
Begin: Running /scripts/local-bottom ... done.
Begin: Running /scripts/init-bottom ... done.
[   20.052737] random: nonblocking pool is initialized
[   20.796014] systemd[1]: systemd 229 running in system mode. (+PAM +AUDIT +SELINUX +IMA +APPARMOR +SMACK +SYSVINIT +UTMP +LIBCRYPTSETUP +GCRYPT +GNUTLS +ACL +XZ -LZ4 +SECCOMP +BLKID +ELFUTILS +KMOD -IDN)
[   21.076173] systemd[1]: Detected virtualization oracle.
[   21.107895] systemd[1]: Detected architecture x86-64.

Welcome to [1mUbuntu 16.04.5 LTS[0m!

[   21.176948] systemd[1]: Set hostname to <ubuntu>.
[   21.269953] systemd[1]: Initializing machine ID from random generator.
[   21.271203] systemd[1]: Installed transient /etc/machine-id file.
[   22.138768] systemd[1]: Listening on LVM2 poll daemon socket.
[[0;32m  OK  [0m] Listening on LVM2 poll daemon socket.
[   22.141425] systemd[1]: Listening on udev Control Socket.
[[0;32m  OK  [0m] Listening on udev Control Socket.
[   22.143684] systemd[1]: Listening on Journal Socket.
[[0;32m  OK  [0m] Listening on Journal Socket.
[   22.145838] systemd[1]: Reached target User and Group Name Lookups.
[[0;32m  OK  [0m] Reached target User and Group Name Lookups.
[   22.638100] systemd[1]: Created slice User and Session Slice.
[[0;32m  OK  [0m] Created slice User and Session Slice.
[ 22444]ysem[1 Rched targe Sstem TmeSychonze. [[0;32m  OK  [0m] Reached target System Time Synchronized.
[ 23.776729] systemd[1]: Listening on Journal Audit Socket.
[[0;32m  OK  [0m] Listening on Journal Audit Socket.
[   23.824823] systemd[1]: Creatd slice System Slice.
[[0;32m  OK  [0m] Created slice System Slice.
[  24.1635syted[]:Cratd lice ystem-sril\2dety.lie.
[[0;32m  OK  [0m] Created slice system-serial\x2dgetty.slice.
[   24.792744] systemd[1]: Mounting Debug File System...
         Mounting Debug File System...
[   .8664]syte[1: ounting POSIX Message Queue File System...
         Mounting POSIX Message Queue File System...
[   25.145376] systemd[1]: Starting Uncomplicated firewall...
         Starting Uncomplicated firewall...
[   25.260875] systemd[1]: Starting Set console keymap...
         Starting Set console keymap...
[   25.364751] systemd[1]: Starting Load Kernel Modules...
         Starting Load Kernel Modules...
[   25.468394] systemd[1]: Listening on Journal Socket (/dev/log).
[[0;32m  OK  [0m] Listening on [   25.579921] Loading iSCSI transport class v2.0-870.
Journal Socket (/dev/log).
[   25.648465] iscsi: registered transport (tcp)
[   25.729001] systemd[1]: Starting Nameserver information manager...
         Starting Nameserver information manager...
[   25.765034] systemd[1]: Mounting Huge Pages File System...
         Mounting Huge Pages Fil[   25.811629] iscsi: registered transport (iser)
e System...
[   25.856968] systemd[1]: Reached target Encrypted Volumes.
[[0;32m  OK  [0m] Reached target Encrypted Volumes.
[   25.871908] systemd[1]: Started Trigger resolvconf update for networkd DNS.
[[0;32m  OK  [0m] Started Trigger resolvconf update for networkd DNS.
[   25.937377] systemd[1]: Set up automount Arbitrary Executable File Formats File System Automount Point.
[[0;32m  OK  [0m] Set up automount Arbitrary Executab...ats File System Automount Point.
[   25.977236] systemd[1]: Listening on /dev/initctl Compatibility Named Pipe.
[[0;32m  OK  [0m] Listening on /dev/initctl Compatibility Named Pipe.
[   26.060331] systemd[1]: Started Forward Password Requests to Wall Directory Watch.
[[0;32m  OK  [0m] Started Forward Password Requests to Wall Directory Watch.
[   26.296855] systemd[1]: Starting Remount Root and Kernel File Systems...
[   26.313346] EXT4-fs (sda1): re-mounted. Opts: (null)
         Starting Remount Root and Kernel File Systems...
[   26.385321] systemd[1]: Listening on Syslog Socket.
[[0;32m  OK  [0m] Listening on Syslog Socket.
[   26.387752] systemd[1]: Starting Journal Service...
         Starting Journal Service...
[   26.431944] systemd[1]: Listening on LVM2 metadata daemon socket.
[[0;32m  OK  [0m] Listening on LVM2 metadata daemon socket.
[   26.458413] systemd[1]: Listening on Device-mapper event daemon FIFOs.
[[0;32m  OK  [0m] Listening on Device-mapper event daemon FIFOs.
[   26.460654] systemd[1]: Listening on udev Kernel Socket.
[[0;32m  OK  [0m] Listening on udev Kernel Socket.
[   26.544982] systemd[1]: Starting Monitoring of LVM2 mirrors, snapshots etc. using dmeventd or progress polling...
         Starting Monitoring of LVM2 mirrors... dmeventd or progress polling...
[   26.662457] systemd[1]: Reached target Slices.
[[0;32m  OK  [0m] Reached target Slices.
[   26.664182] systemd[1]: Reached target Swap.
[[0;32m  OK  [0m] Reached target Swap.
[   26.676638] systemd[1]: Starting Create list of required static device nodes for the current kernel...
         Starting Create list of required st... nodes for the current kernel...
[   26.793727] systemd[1]: Mounted POSIX Message Queue File System.
[[0;32m  OK  [0m] Mounted POSIX Message Queue File System.
[   26.936574] systemd[1]: Mounted Huge Pages File System.
[[0;32m  OK  [0m] Mounted Huge Pages File System.
[   27.008998] systemd[1]: Mounted Debug File System.
[[0;32m  OK  [0m] Mounted Debug File System.
[   27.081259] systemd[1]: Started Journal Service.
[[0;32m  OK  [0m] Started Journal Service.
[[0;32m  OK  [0m] Started Uncomplicated firewall.
[[0;32m  OK  [0m] Started Set console keymap.
[[0;32m  OK  [0m] Started Load Kernel Modules.
[[0;32m  OK  [0m] Started Remount Root and Kernel File Systems.
[[0;32m  OK  [0m] Started Create list of required sta...ce nodes for the current kernel.
[[0;32m  OK  [0m] Started Nameserver information manager.
[[0;32m  OK  [0m] Started LVM2 metadata daemon.
         Starting Create Static Device Nodes in /dev...
         Starting Load/Save Random Seed...
         Starting udev Coldplug all Devices...
         Starting Apply Kernel Variables...
         Mounting FUSE Control File System...
         Starting Flush Journal to Persistent Storage...
[[0;32m  OK  [0m] Mounted FUSE Control File System.
[[0;32m  OK  [0m] Started Create Static Device Nodes in /dev.
[[0;32m  OK  [0m] Started Load/Save Random Seed.
[[0;32m  OK  [0m] Started Monitoring of LVM2 mirrors,...ng dmeventd or progress polling.
[[0;32m  OK  [0m] Started Apply Kernel Variables.
[[0;32m  OK  [0m] Started udev Coldplug all Devices.
         Starting udev Kernel Device Manager...
[[0;32m  OK  [0m] Started Flush Journal to Persistent Storage.
[[0;32m  OK  [0m] Started udev Kernel Device Manager.
[[0;32m  OK  [0m] Reached target Local File Systems (Pre).
[[0;32m  OK  [0m] Reached target Local File Systems.
         Starting Commit a transient machine-id on disk...
         Starting Tell Plymouth To Write Out Runtime Data...
         Starting Set console font and keymap...
         Starting Create Volatile Files and Directories...
         Starting LSB: AppArmor initialization...
         Starting Initial cloud-init job (pre-networking)...
[[0;32m  OK  [0m] Started Dispatch Password Requests to Console Directory Watch.
[[0;32m  OK  [0m] Started Commit a transient machine-id on disk.
[[0;32m  OK  [0m] Started Tell Plymouth To Write Out Runtime Data.
[[0;32m  OK  [0m] Started Create Volatile Files and Directories.
[[0;32m  OK  [0m] Found device /dev/ttyS0.
[[0;32m  OK  [0m] Listening on Load/Save RF Kill Switch Status /dev/rfkill Watch.
         Starting Update UTMP about System Boot/Shutdown...
[[0;32m  OK  [0m] Started Update UTMP about System Boot/Shutdown.
[[0;32m  OK  [0m] Started Set console font and keymap.
[[0;32m  OK  [0m] Created slice system-getty.slice.
[[0;32m  OK  [0m] Started LSB: AppArmor initialization.
[   25.434635] cloud-init[487]: Cloud-init v. 18.3-9-g2e62cb8a-0ubuntu1~16.04.2 running 'init-local' at Tue, 28 Aug 2018 20:58:15 +0000. Up 24.91 seconds.
[[0;32m  OK  [0m] Started Initial cloud-init job (pre-networking).
[[0;32m  OK  [0m] Reached target Network (Pre).
         Starting Raise network interfaces...
[[0;32m  OK  [0m] Started Raise network interfaces.
[[0;32m  OK  [0m] Reached target Network.
         Starting Initial cloud-init job (metadata service crawler)...
[   28.239139] cloud-init[936]: Cloud-init v. 18.3-9-g2e62cb8a-0ubuntu1~16.04.2 running 'init' at Tue, 28 Aug 2018 20:58:17 +0000. Up 26.40 seconds.
[[0;32m  OK  [0m] Started Initial cloud-init job (metadata service crawler).
[[0;32m  OK  [0m] Reached target System Initialization.
[[0;32m  OK  [0m] Listening on UUID daemon activation socket.
[   28.322862] cloud-init[936]: ci-info: +++++++++++++++++++++++++++++++++++++Net device info+++++++++++++++++++++++++++++++++++++
[   28.558054] cloud-init[936]: ci-info: +--------+-------+-------------------------+---------------+--------+-------------------+
[   28.565355] cloud-init[936]: ci-info: | Device |   Up  |         Address         |      Mask     | Scope  |     Hw-Address    |
         Starting LXD - unix socket.
[[0;32m  OK  [0m] Listening on ACPID Listen Socket.
[[0;32m  OK  [0m] Listening on D-Bus System Message Bus Socket.
         Starting Socket activation for snappy daemon.
[   28.573674] cloud-init[936]: ci-info: +--------+-------+-------------------------+---------------+--------+-------------------+
[   28.957019] [cloud-init[0;32m  OK  [0m[936]: ] ci-info: | enp0s3 |  True |        10.0.2.15        | 255.255.255.0 | global | 02:00:84:9a:cf:24 |Started ACPI Events Check.

[   29.204618] [cloud-init[0;32m  OK  [0m[936]: ] ci-info: | enp0s3 |  True | fe80::84ff:fe9a:cf24/64 |       .       |  link  | 02:00:84:9a:cf:24 |Reached target Paths.

[   29.397833] [cloud-init[0;32m  OK  [0m[936]: ] ci-info: | enp0s8 | False |            .            |       .       |   .    | 08:00:27:44:fb:21 |Started Daily Cleanup of Temporary Directories.

[   29.632971] [[0;32m  OK  [0m] Started Daily apt download activities.
[cloud-init[0;32m  OK  [0m[936]: ] ci-info: |   lo   |  True |        127.0.0.1        |   255.0.0.0   |  host  |         .         |Started Daily apt upgrade and clean activities.

[   29.868653] [cloud-init[0;32m  OK  [0m[936]: ] ci-info: |   lo   |  True |         ::1/128         |       .       |  host  |         .         |Reached target Timers.

[   30.111367] [cloud-init[0;32m  OK  [0m[936]: ] ci-info: +--------+-------+-------------------------+---------------+--------+-------------------+Reached target Cloud-config availability.

[[0;32m  OK  [0m] Reached target Network is Online.
[   30.111878] cloud-init[936]: ci-info: +++++++++++++++++++++++++++Route IPv4 info++++++++++++++++++++++++++++
[   30.429204]          cloud-initStarting iSCSI initiator daemon (iscsid)...[936]: 
ci-info: +-------+-------------+----------+---------------+-----------+-------+
[   30.664848] [cloud-init[0;32m  OK  [0m[936]: ] ci-info: | Route | Destination | Gateway  |    Genmask    | Interface | Flags |Listening on LXD - unix socket.

[   30.729068] [[0;32m  OK  [0m] Listening on Socket activation for snappy daemon.
cloud-init[936]: ci-info: +-------+-------------+----------+---------------+-----------+-------+
[   30.783229] [cloud-init[0;32m  OK  [0m[936]: ci-info: |   0   |   0.0.0.0   | 10.0.2.2 |    0.0.0.0    |   enp0s3  |   UG  |
] Reached target Sockets.
[[0;32m  OK  [0m] Reached target Basic System.
[   30.783721] cloud-init[936]: ci-info: |   1   |   10.0.2.0  | 0.0.0.0  | 255.255.255.0 |   enp0s3  |   U   |
[   31.057659]          cloud-initStarting LSB: Record successful boot for GRUB...[936]: 
ci-info: +-------+-------------+----------+---------------+-----------+-------+
[   31.174346]          cloud-initStarting System Logging Service...[936]: 
ci-info: +++++++++++++++++++Route IPv6 info+++++++++++++++++++
[   31.180197] cloud-init[936]: ci-info: +-------+-------------+---------+-----------+-------+
[   31.181837] cloud-init[936]: ci-info: | Route | Destination | Gateway | Interface | Flags |
[   31.183571] cloud-init[936]: ci-info: +-------+-------------+---------+-----------+-------+
[   31.185210] cloud-init[936]: ci-info: |   0   |  fe80::/64  |    ::   |   enp0s3  |   U   |
[   31.186798] cloud-init[936]: ci-info: |   3   |   ff00::/8  |    ::   |   enp0s3  |   U   |
[[0;32m  OK  [0m] Started Deferred execution scheduler.
[[0;32m  OK  [0m] Started Unattended Upgrades Shutdown.
[   31.241767] cloud-init[936]: ci-info: +-------+-------------+---------+-----------+-------+
[   31.424868]          cloud-initStarting LSB: MD monitoring daemon...[936]: 
Generating public/private rsa key pair.
[   31.521123] cloud-init[936]: Your identification has been saved in /etc/ssh/ssh_host_rsa_key.
[   31.565430] cloud-init[936]: Your public key has been saved in /etc/ssh/ssh_host_rsa_key.pub.
[   31.565796] cloud-init[936]: The key fingerprint is:
[   31.565926] cloud-init[936]: SHA256:535U1F9fmR86lbCGauBc3W1+rj7qzPNm65uwFCsvLJE root@ubuntu-xenial
[   31.566059] cloud-init[936]: The key's randomart image is:
[   31.566193] cloud-init[936]: +---[RSA 2048]----+
[   31.566330] cloud-init[936]: |             ...+|
[   31.566465] cloud-init[936]: |          . o +*+|
[   31.566600] cloud-init[936]: |       . . o =ooB|
[   31.566885] cloud-init[936]: |      o o . .o+ +|
[   31.567016] cloud-init[936]: |       oS+. .....|
[   31.567157] cloud-init[936]: |        Eo  .o ..|
[   31.567286] cloud-init[936]: |         oo.+   .|
[   31.567422] cloud-init[936]: |        ..o*oo+o |
[   31.567558] cloud-init[936]: |         ..+BOO+ |
[   31.567877] cloud-init[936]: +----[SHA256]-----+
[   31.568004] cloud-init[936]: Generating public/private dsa key pair.
[   31.568292] cloud-init[936]: Your identification has been saved in /etc/ssh/ssh_host_dsa_key.
[   31.568415] cloud-init[936]: Your public key has been saved in /etc/ssh/ssh_host_dsa_key.pub.
[   31.568554] cloud-init[936]: The key fingerprint is:
[   31.568847] cloud-init[936]: SHA256:ardses0tGgLKavZwf2GIzgwKDd2Z4F3Us1S7FF2Fvko root@ubuntu-xenial
[   31.568975] cloud-init[936]: The key's randomart image is:
[   31.569111] cloud-init[936]: +---[DSA 1024]----+
[   31.569246] cloud-init[936]: |     ... .o. ..o.|
[   31.569380] cloud-init[936]: |  .   . +  o. .  |
[   31.569516] cloud-init[936]: | o + + . oo  .   |
[   31.569793] cloud-init[936]: |. o =   .. .  .  |
[   31.569926] cloud-init[936]: | o  o . S .    . |
[   31.570062] cloud-init[936]: |.o.o o +    E .  |
[   31.570199] cloud-init[936]: |o.B.  = +o o .   |
[   31.570331] cloud-init[936]: |.+o+.. =oo+ o    |
[   31.570466] cloud-init[936]: |+ .. .o++. .     |
[   31.570624] cloud-init[936]: +----[SHA256]-----+
[   31.570740] cloud-init[936]: Generating public/private ecdsa key pair.
[   31.570873] cloud-init[936]: Your identification has been saved in /etc/ssh/ssh_host_ecdsa_key.
[   31.571011] cloud-init[936]: Your public key has been saved in /etc/ssh/ssh_host_ecdsa_key.pub.
[   31.571149] cloud-init[936]: The key fingerprint is:
[   31.571280] cloud-init[936]: SHA256:3uMVSb2AXiH/UQvvbn/EowayiZDtr4pIm04FKBMMGx0 root@ubuntu-xenial
[   31.571417] cloud-init[936]: The key's randomart image is:
[   31.571551] cloud-init[936]: +---[ECDSA 256]---+
[   31.571834] cloud-init[936]: |*.E.      . ..  .|
[   31.571964] cloud-init[936]: |.=.        + oo..|
[   31.572244] cloud-init[936]: |=.        . = oo |
[   31.572376] cloud-init[936]: |...      . o +.o |
[   31.572507] cloud-init[936]: |   .  o S . o oo |
[   31.572785] cloud-init[936]: |  .  o o o . ...o|
[   31.572917] cloud-init[936]: | o    o o * o .+.|
[   31.573051] cloud-init[936]: |o + .  o + o o. o|
[   31.573191] cloud-init[936]: |.= . ...o.. .   o|
[   31.573322] cloud-init[936]: +----[SHA256]-----+
[   31.573458] cloud-init[936]: Generating public/private ed25519 key pair.
[[0;32m  OK  [0m] Started D-Bus System Message Bus.
[   31.573668] cloud-init[936]: Your identification has been saved in /etc/ssh/ssh_host_ed25519_key.
[   31.972853] cloud-init[936]: Your public key has been saved in /etc/ssh/ssh_host_ed25519_key.pub.
[   31.973145] cloud-init[936]: The key fingerprint is:
         Starting Pollinate to seed the pseudo random number generator...
[   31.973365] cloud-init[936]: SHA256:+P5irhVWKrZ56ZU0VOFKeAjb1MaA5n6uHwWcjm8ItBY root@ubuntu-xenial
[   32.001294] cloud-init[936]: The key's randomart image is:
[   32.002785] cloud-init[936]: +--[ED25519 256]--+
[   32.003799] cloud-init[936]: |      ..o+  o.   |
[   32.004942] cloud-init[936]: |      o* ++o     |
[   32.005966] cloud-init[936]: |    Eo. B.= .    |
[   32.016903] cloud-init[936]: |   . o.+ B .     |
         Starting Accounts Service...
[   32.017180] cloud-init[936]: |    +.= S =      |
         Starting /etc/rc.local Compatibility...
[   32.122305] cloud-init[936]: |   . o.O.= o     |
[   32.237272] cloud-init[936]: |      +oO o      |
[   32.237510] cloud-init[936]: |       *+o       |
[[0;32m  OK  [0m] Started ACPI event daemon.
[   32.237797] cloud-init[936]: |      o*=o.      |
[   32.392822] cloud-init[936]: +----[SHA256]-----+
[[0;32m  OK  [0m] Started Regular background program processing daemon.
[[0;32m  OK  [0m] Started FUSE filesystem for LXC.
         Starting Login Service...
         Starting Virtualbox guest utils...
         Starting Snappy daemon...
         Starting LXD - container startup/shutdown...
[[0;32m  OK  [0m] Started System Logging Service.
[[0;32m  OK  [0m] Started iSCSI initiator daemon (iscsid).
[[0;32m  OK  [0m] Started /etc/rc.local Compatibility.
         Starting Authenticate and Authorize Users to Run Privileged Tasks...
         Starting Login to default iSCSI targets...
[[0;32m  OK  [0m] Started Login Service.
[[0;32m  OK  [0m] Started LSB: Record successful boot for GRUB.
[[0;32m  OK  [0m] Started LSB: MD monitoring daemon.
[[0;32m  OK  [0m] Started Authenticate and Authorize Users to Run Privileged Tasks.
[[0;32m  OK  [0m] Started Login to default iSCSI targets.
[[0;32m  OK  [0m] Started Accounts Service.
[[0;32m  OK  [0m] Reached target Remote File Systems (Pre).
[[0;32m  OK  [0m] Reached target Remote File Systems.
         Starting LSB: automatic crash report generation...
         Starting Permit User Sessions...
         Starting LSB: daemon to balance interrupts for SMP systems...
         Starting LSB: Set the CPU Frequency Scaling governor to "ondemand"...
[[0;32m  OK  [0m] Started Virtualbox guest utils.
[[0;32m  OK  [0m] Started Permit User Sessions.
[[0;32m  OK  [0m] Started LSB: Set the CPU Frequency Scaling governor to "ondemand".
         Starting Terminate Plymouth Boot Screen...
         Starting Hold until boot process finishes up...
[[0;32m  OK  [0m] Started Terminate Plymouth Boot Screen.
[[0;32m  OK  [0m] Started LSB: automatic crash report generation.
[[0;32m  OK  [0m] Started Hold until boot process finishes up.
[[0;32m  OK  [0m] Started Getty on tty1.
         Starting Set console scheme...
[[0;32m  OK  [0m] Started Serial Getty on ttyS0.
[[0;32m  OK  [0m] Reached target Login Prompts.
[[0;32m  OK  [0m] Started LSB: daemon to balance interrupts for SMP systems.
[[0;32m  OK  [0m] Started Pollinate to seed the pseudo random number generator.
[[0;32m  OK  [0m] Started Set console scheme.
         Starting OpenBSD Secure Shell server...
[[0;32m  OK  [0m] Started OpenBSD Secure Shell server.
[[0;32m  OK  [0m] Started LXD - container startup/shutdown.
[[0;32m  OK  [0m] Started Snappy daemon.
         Starting Wait until snapd is fully seeded...
[[0;32m  OK  [0m] Created slice User Slice of vagrant.
         Starting User Manager for UID 1000...
[[0;32m  OK  [0m] Started Session 1 of user vagrant.
[[0;32m  OK  [0m] Started User Manager for UID 1000.
[   39.758762] cloud-init[1442]: Generating locales (this might take a while)...

Ubuntu 16.04.5 LTS ubuntu-xenial ttyS0

ubuntu-xenial login: [   40.856699] cloud-init[1442]:   en_US.UTF-8... done
[   40.856915] cloud-init[1442]: Generation complete.
[   42.268176] cloud-init[1442]: Cloud-init v. 18.3-9-g2e62cb8a-0ubuntu1~16.04.2 running 'modules:config' at Tue, 28 Aug 2018 20:58:30 +0000. Up 39.52 seconds.
ci-info: no authorized ssh keys fingerprints found for user ubuntu.
<14>Aug 28 20:58:33 ec2: 
<14>Aug 28 20:58:33 ec2: #############################################################
<14>Aug 28 20:58:33 ec2: -----BEGIN SSH HOST KEY FINGERPRINTS-----
<14>Aug 28 20:58:33 ec2: 1024 SHA256:ardses0tGgLKavZwf2GIzgwKDd2Z4F3Us1S7FF2Fvko root@ubuntu-xenial (DSA)
<14>Aug 28 20:58:33 ec2: 256 SHA256:3uMVSb2AXiH/UQvvbn/EowayiZDtr4pIm04FKBMMGx0 root@ubuntu-xenial (ECDSA)
<14>Aug 28 20:58:33 ec2: 256 SHA256:+P5irhVWKrZ56ZU0VOFKeAjb1MaA5n6uHwWcjm8ItBY root@ubuntu-xenial (ED25519)
<14>Aug 28 20:58:33 ec2: 2048 SHA256:535U1F9fmR86lbCGauBc3W1+rj7qzPNm65uwFCsvLJE root@ubuntu-xenial (RSA)
<14>Aug 28 20:58:33 ec2: -----END SSH HOST KEY FINGERPRINTS-----
<14>Aug 28 20:58:33 ec2: #############################################################
-----BEGIN SSH HOST KEY KEYS-----
ecdsa-sha2-nistp256 AAAAE2VjZHNhLXNoYTItbmlzdHAyNTYAAAAIbmlzdHAyNTYAAABBBHWc5tUOLuH9n3dT9+8OxfruKKgZYeodEF+TJDPs7vSao4BB8dsZTUGICVuYNg3K+Eqv64eIKrcAfn1qDuAJq/s= root@ubuntu-xenial
ssh-ed25519 AAAAC3NzaC1lZDI1NTE5AAAAIDHkUZvUOiTTrEqs9d27m2uDCyxzCNZwefHUJWVh8crK root@ubuntu-xenial
ssh-rsa AAAAB3NzaC1yc2EAAAADAQABAAABAQDgQqfaqhQXX4mGFz8zhKaUHdYApbwM7CMM0N0EZqlGqoHeiEumNySlJon7Lh0ubpU3LkMKNU4nTiU9XsyTDQIdzSo4bSD/FcrOItoBQumYcBRk11JTIfbUoPC84DGIjH/knfyAcQGIleBdSKxy1ru3NV8TctdSv7rn2ibzrGG9FwrMWPnIQ2KYvP0Qho+i0PmK8bWc0bWnpcA/MOewebx5LO+HL0F4sShFd6ry/WxyZAN3Ls387Lnqy5Mz5P7ty4qY8G5FbPcLnR7nRBF3io0ARcUApPoHKc7R7YTe04Z0yUE4NlSoKmBpBeNJVpQil14yx82gITpowi2IxF/MUxNR root@ubuntu-xenial
-----END SSH HOST KEY KEYS-----
[   42.790054] cloud-init[1684]: Cloud-init v. 18.3-9-g2e62cb8a-0ubuntu1~16.04.2 running 'modules:final' at Tue, 28 Aug 2018 20:58:33 +0000. Up 42.59 seconds.
[   42.790233] cloud-init[1684]: ci-info: no authorized ssh keys fingerprints found for user ubuntu.
[   42.790335] cloud-init[1684]: Cloud-init v. 18.3-9-g2e62cb8a-0ubuntu1~16.04.2 finished at Tue, 28 Aug 2018 20:58:33 +0000. Datasource DataSourceNoCloud [seed=/dev/sdb][dsmode=net].  Up 42.78 seconds
