[    0.000000] Initializing cgroup subsys cpuset
[    0.000000] Initializing cgroup subsys cpu
[    0.000000] Initializing cgroup subsys cpuacct
[    0.000000] Linux version 4.4.0-134-generic (buildd@lgw01-amd64-033) (gcc version 5.4.0 20160609 (Ubuntu 5.4.0-6ubuntu1~16.04.10) ) #160-Ubuntu SMP Wed Aug 15 14:58:00 UTC 2018 (Ubuntu 4.4.0-134.160-generic 4.4.140)
[    0.000000] Command line: BOOT_IMAGE=/boot/vmlinuz-4.4.0-134-generic root=LABEL=cloudimg-rootfs ro console=tty1 console=ttyS0
[    0.000000] KERNEL supported cpus:
[    0.000000]   Intel GenuineIntel
[    0.000000]   AMD AuthenticAMD
[    0.000000]   Centaur CentaurHauls
[    0.000000] x86/fpu: xstate_offset[2]:  576, xstate_sizes[2]:  256
[    0.000000] x86/fpu: Supporting XSAVE feature 0x01: 'x87 floating point registers'
[    0.000000] x86/fpu: Supporting XSAVE feature 0x02: 'SSE registers'
[    0.000000] x86/fpu: Supporting XSAVE feature 0x04: 'AVX registers'
[    0.000000] x86/fpu: Enabled xstate features 0x7, context size is 832 bytes, using 'standard' format.
[    0.000000] e820: BIOS-provided physical RAM map:
[    0.000000] BIOS-e820: [mem 0x0000000000000000-0x000000000009fbff] usable
[    0.000000] BIOS-e820: [mem 0x000000000009fc00-0x000000000009ffff] reserved
[    0.000000] BIOS-e820: [mem 0x00000000000f0000-0x00000000000fffff] reserved
[    0.000000] BIOS-e820: [mem 0x0000000000100000-0x000000003ffeffff] usable
[    0.000000] BIOS-e820: [mem 0x000000003fff0000-0x000000003fffffff] ACPI data
[    0.000000] BIOS-e820: [mem 0x00000000fec00000-0x00000000fec00fff] reserved
[    0.000000] BIOS-e820: [mem 0x00000000fee00000-0x00000000fee00fff] reserved
[    0.000000] BIOS-e820: [mem 0x00000000fffc0000-0x00000000ffffffff] reserved
[    0.000000] NX (Execute Disable) protection: active
[    0.000000] SMBIOS 2.5 present.
[    0.000000] Hypervisor detected: KVM
[    0.000000] e820: last_pfn = 0x3fff0 max_arch_pfn = 0x400000000
[    0.000000] MTRR: Disabled
[    0.000000] x86/PAT: MTRRs disabled, skipping PAT initialization too.
[    0.000000] CPU MTRRs all blank - virtualized system.
[    0.000000] x86/PAT: Configuration [0-7]: WB  WT  UC- UC  WB  WT  UC- UC  
[    0.000000] found SMP MP-table at [mem 0x0009fff0-0x0009ffff] mapped at [ffff88000009fff0]
[    0.000000] Scanning 1 areas for low memory corruption
[    0.000000] RAMDISK: [mem 0x3630c000-0x3717dfff]
[    0.000000] ACPI: Early table checksum verification disabled
[    0.000000] ACPI: RSDP 0x00000000000E0000 000024 (v02 VBOX  )
[    0.000000] ACPI: XSDT 0x000000003FFF0030 00003C (v01 VBOX   VBOXXSDT 00000001 ASL  00000061)
[    0.000000] ACPI: FACP 0x000000003FFF00F0 0000F4 (v04 VBOX   VBOXFACP 00000001 ASL  00000061)
[    0.000000] ACPI: DSDT 0x000000003FFF0470 0021FF (v02 VBOX   VBOXBIOS 00000002 INTL 20100528)
[    0.000000] ACPI: FACS 0x000000003FFF0200 000040
[    0.000000] ACPI: FACS 0x000000003FFF0200 000040
[    0.000000] ACPI: APIC 0x000000003FFF0240 00005C (v02 VBOX   VBOXAPIC 00000001 ASL  00000061)
[    0.000000] ACPI: SSDT 0x000000003FFF02A0 0001CC (v01 VBOX   VBOXCPUT 00000002 INTL 20100528)
[    0.000000] No NUMA configuration found
[    0.000000] Faking a node at [mem 0x0000000000000000-0x000000003ffeffff]
[    0.000000] NODE_DATA(0) allocated [mem 0x3ffeb000-0x3ffeffff]
[    0.000000] kvm-clock: Using msrs 4b564d01 and 4b564d00
[    0.000000] kvm-clock: cpu 0, msr 0:3ffe3001, primary cpu clock
[    0.000000] kvm-clock: using sched offset of 7195924265 cycles
[    0.000000] clocksource: kvm-clock: mask: 0xffffffffffffffff max_cycles: 0x1cd42e4dffb, max_idle_ns: 881590591483 ns
[    0.000000] Zone ranges:
[    0.000000]   DMA      [mem 0x0000000000001000-0x0000000000ffffff]
[    0.000000]   DMA32    [mem 0x0000000001000000-0x000000003ffeffff]
[    0.000000]   Normal   empty
[    0.000000]   Device   empty
[    0.000000] Movable zone start for each node
[    0.000000] Early memory node ranges
[    0.000000]   node   0: [mem 0x0000000000001000-0x000000000009efff]
[    0.000000]   node   0: [mem 0x0000000000100000-0x000000003ffeffff]
[    0.000000] Initmem setup node 0 [mem 0x0000000000001000-0x000000003ffeffff]
[    0.000000] ACPI: PM-Timer IO Port: 0x4008
[    0.000000] IOAPIC[0]: apic_id 2, version 32, address 0xfec00000, GSI 0-23
[    0.000000] ACPI: INT_SRC_OVR (bus 0 bus_irq 0 global_irq 2 dfl dfl)
[    0.000000] ACPI: INT_SRC_OVR (bus 0 bus_irq 9 global_irq 9 low level)
[    0.000000] Using ACPI (MADT) for SMP configuration information
[    0.000000] smpboot: Allowing 2 CPUs, 0 hotplug CPUs
[    0.000000] PM: Registered nosave memory: [mem 0x00000000-0x00000fff]
[    0.000000] PM: Registered nosave memory: [mem 0x0009f000-0x0009ffff]
[    0.000000] PM: Registered nosave memory: [mem 0x000a0000-0x000effff]
[    0.000000] PM: Registered nosave memory: [mem 0x000f0000-0x000fffff]
[    0.000000] e820: [mem 0x40000000-0xfebfffff] available for PCI devices
[    0.000000] Booting paravirtualized kernel on KVM
[    0.000000] clocksource: refined-jiffies: mask: 0xffffffff max_cycles: 0xffffffff, max_idle_ns: 7645519600211568 ns
[    0.000000] setup_percpu: NR_CPUS:512 nr_cpumask_bits:512 nr_cpu_ids:2 nr_node_ids:1
[    0.000000] PERCPU: Embedded 34 pages/cpu @ffff88003fc00000 s99544 r8192 d31528 u1048576
[    0.000000] PV qspinlock hash table entries: 256 (order: 0, 4096 bytes)
[    0.000000] Built 1 zonelists in Node order, mobility grouping on.  Total pages: 257912
[    0.000000] Policy zone: DMA32
[    0.000000] Kernel command line: BOOT_IMAGE=/boot/vmlinuz-4.4.0-134-generic root=LABEL=cloudimg-rootfs ro console=tty1 console=ttyS0
[    0.000000] PID hash table entries: 4096 (order: 3, 32768 bytes)
[    0.000000] Memory: 997724K/1048120K available (8554K kernel code, 1314K rwdata, 4004K rodata, 1516K init, 1316K bss, 50396K reserved, 0K cma-reserved)
[    0.000000] SLUB: HWalign=64, Order=0-3, MinObjects=0, CPUs=2, Nodes=1
[    0.000000] Kernel/User page tables isolation: enabled
[    0.000000] Hierarchical RCU implementation.
[    0.000000] 	Build-time adjustment of leaf fanout to 64.
[    0.000000] 	RCU restricting CPUs from NR_CPUS=512 to nr_cpu_ids=2.
[    0.000000] RCU: Adjusting geometry for rcu_fanout_leaf=64, nr_cpu_ids=2
[    0.000000] NR_IRQS:33024 nr_irqs:440 16
[    0.000000] Console: colour VGA+ 80x25
[    0.000000] console [tty1] enabled
[    0.000000] console [ttyS0] enabled
[    0.000000] tsc: Detected 2807.998 MHz processor
[    3.893278] Calibrating delay loop (skipped) preset value.. 5615.99 BogoMIPS (lpj=11231992)
[    3.920398] pid_max: default: 32768 minimum: 301
[    3.931678] ACPI: Core revision 20150930
[    3.942868] ACPI: 2 ACPI AML tables successfully acquired and loaded
[    3.949771] Security Framework initialized
[    3.965711] Yama: becoming mindful.
[    3.969231] AppArmor: AppArmor initialized
[    3.975483] Dentry cache hash table entries: 131072 (order: 8, 1048576 bytes)
[    3.984816] Inode-cache hash table entries: 65536 (order: 7, 524288 bytes)
[    3.994707] Mount-cache hash table entries: 2048 (order: 2, 16384 bytes)
[    4.000158] Mountpoint-cache hash table entries: 2048 (order: 2, 16384 bytes)
[    4.011667] Initializing cgroup subsys io
[    4.015524] Initializing cgroup subsys memory
[    4.019530] Initializing cgroup subsys devices
[    4.034934] Initializing cgroup subsys freezer
[    4.040498] Initializing cgroup subsys net_cls
[    4.048645] Initializing cgroup subsys perf_event
[    4.052752] Initializing cgroup subsys net_prio
[    4.063147] Initializing cgroup subsys hugetlb
[    4.072911] Initializing cgroup subsys pids
[    4.094609] mce: CPU supports 0 MCE banks
[    4.100235] Last level iTLB entries: 4KB 64, 2MB 8, 4MB 8
[    4.105474] Last level dTLB entries: 4KB 64, 2MB 0, 4MB 0, 1GB 4
[    4.119505] Spectre V2 : Mitigation: Full generic retpoline
[    4.138563] Spectre V2 : Speculation control IBPB not-supported IBRS not-supported
[    4.146546] Spectre V2 : Filling RSB on context switch
[    4.163171] Speculative Store Bypass: Vulnerable
[    4.185801] Freeing SMP alternatives memory: 32K
[    4.244379] ftrace: allocating 32266 entries in 127 pages
[    4.568902] smpboot: APIC(0) Converting physical 0 to logical package 0
[    4.594288] smpboot: Max logical packages: 1
[    4.599337] x2apic enabled
[    4.612744] Switched APIC routing to physical x2apic.
[    4.630543] ..TIMER: vector=0x30 apic1=0 pin1=2 apic2=-1 pin2=-1
[    4.753745] smpboot: CPU0: Intel(R) Core(TM) i7-6600U CPU @ 2.60GHz (family: 0x6, model: 0x4e, stepping: 0x3)
[    4.780430] Performance Events: unsupported p6 CPU model 78 no PMU driver, software events only.
[    4.795286] KVM setup paravirtual spinlock
[    4.802265] x86: Booting SMP configuration:
[    4.813027] .... node  #0, CPUs:      #1
[    4.829454] kvm-clock: cpu 1, msr 0:3ffe3041, secondary cpu clock
[    4.870647] mce: CPU supports 0 MCE banks
[    4.908129] x86: Booted up 1 node, 2 CPUs
[    4.914404] smpboot: Total of 2 processors activated (11231.99 BogoMIPS)
[    4.942837] devtmpfs: initialized
[    4.952176] evm: security.selinux
[    4.963771] evm: security.SMACK64
[    4.977557] evm: security.SMACK64EXEC
[    4.994968] evm: security.SMACK64TRANSMUTE
[    5.011416] evm: security.SMACK64MMAP
[    5.027521] evm: security.ima
[    5.038041] evm: security.capability
[    5.045710] clocksource: jiffies: mask: 0xffffffff max_cycles: 0xffffffff, max_idle_ns: 7645041785100000 ns
[    5.098787] futex hash table entries: 512 (order: 3, 32768 bytes)
[    5.119645] pinctrl core: initialized pinctrl subsystem
[    5.132731] RTC time:  6:48:06, date: 09/03/18
[    5.140132] NET: Registered protocol family 16
[    5.159094] cpuidle: using governor ladder
[    5.174066] cpuidle: using governor menu
[    5.178840] PCCT header not found.
[    5.182766] ACPI: bus type PCI registered
[    5.187230] acpiphp: ACPI Hot Plug PCI Controller Driver version: 0.5
[    5.202533] PCI: Using configuration type 1 for base access
[    5.233437] ACPI: Added _OSI(Module Device)
[    5.237439] ACPI: Added _OSI(Processor Device)
[    5.251969] ACPI: Added _OSI(3.0 _SCP Extensions)
[    5.258306] ACPI: Added _OSI(Processor Aggregator Device)
[    5.280503] ACPI: Executed 1 blocks of module-level executable AML code
[    5.329148] ACPI: Interpreter enabled
[    5.338773] ACPI: (supports S0 S5)
[    5.350668] ACPI: Using IOAPIC for interrupt routing
[    5.358372] PCI: Using host bridge windows from ACPI; if necessary, use "pci=nocrs" and report a bug
[    5.415391] ACPI: PCI Root Bridge [PCI0] (domain 0000 [bus 00-ff])
[    5.440269] acpi PNP0A03:00: _OSC: OS supports [ASPM ClockPM Segments MSI]
[    5.449378] acpi PNP0A03:00: _OSC: not requesting OS control; OS requires [ExtendedConfig ASPM ClockPM MSI]
[    5.483316] acpi PNP0A03:00: fail to add MMCONFIG information, can't access extended PCI configuration space under this bridge.
[    5.511501] PCI host bridge to bus 0000:00
[    5.516165] pci_bus 0000:00: root bus resource [io  0x0000-0x0cf7 window]
[    5.522237] pci_bus 0000:00: root bus resource [io  0x0d00-0xffff window]
[    5.530749] pci_bus 0000:00: root bus resource [mem 0x000a0000-0x000bffff window]
[    5.540529] pci_bus 0000:00: root bus resource [mem 0x40000000-0xfdffffff window]
[    5.560301] pci_bus 0000:00: root bus resource [bus 00-ff]
[    5.581206] pci 0000:00:01.1: legacy IDE quirk: reg 0x10: [io  0x01f0-0x01f7]
[    5.587596] pci 0000:00:01.1: legacy IDE quirk: reg 0x14: [io  0x03f6]
[    5.602289] pci 0000:00:01.1: legacy IDE quirk: reg 0x18: [io  0x0170-0x0177]
[    5.613424] pci 0000:00:01.1: legacy IDE quirk: reg 0x1c: [io  0x0376]
[    5.717726] pci 0000:00:07.0: quirk: [io  0x4000-0x403f] claimed by PIIX4 ACPI
[    5.769901] pci 0000:00:07.0: quirk: [io  0x4100-0x410f] claimed by PIIX4 SMB
[    5.851558] ACPI: PCI Interrupt Link [LNKA] (IRQs 5 9 10 *11)
[    5.877797] ACPI: PCI Interrupt Link [LNKB] (IRQs 5 9 *10 11)
[    5.900393] ACPI: PCI Interrupt Link [LNKC] (IRQs 5 *9 10 11)
[    5.924087] ACPI: PCI Interrupt Link [LNKD] (IRQs 5 9 10 *11)
[    5.950575] ACPI: Enabled 2 GPEs in block 00 to 07
[    5.960720] vgaarb: setting as boot device: PCI:0000:00:02.0
[    5.971530] vgaarb: device added: PCI:0000:00:02.0,decodes=io+mem,owns=io+mem,locks=none
[    5.987910] vgaarb: loaded
[    5.993780] vgaarb: bridge control possible 0000:00:02.0
[    6.012328] SCSI subsystem initialized
[    6.028501] ACPI: bus type USB registered
[    6.040522] usbcore: registered new interface driver usbfs
[    6.062608] usbcore: registered new interface driver hub
[    6.078865] usbcore: registered new device driver usb
[    6.098268] PCI: Using ACPI for IRQ routing
[    6.102916] NetLabel: Initializing
[    6.109240] NetLabel:  domain hash size = 128
[    6.126817] NetLabel:  protocols = UNLABELED CIPSOv4
[    6.132688] NetLabel:  unlabeled traffic allowed by default
[    6.162782] amd_nb: Cannot enumerate AMD northbridges
[    6.182576] clocksource: Switched to clocksource kvm-clock
[    6.232185] AppArmor: AppArmor Filesystem Enabled
[    6.241549] pnp: PnP ACPI int
[    6.324273] pn: PnP ACPI: found 3 devices
[    6.525225] clocksource: acpi_pm: mask: 0xfffff max_cycles: 0xffffff, max_idle_ns: 2085701024 ns
[   6.617780] NET: Registered protocol family 2

[    6.736077] TCP established hash tableentries: 8192 (order: 4, 65536 bytes)
[    6.927875] TCP bind hash table entries: 8192 (order: 5, 131072 bytes)
[    6.95207] TCP: Hash tables configured (established 8192 bind 8192)
[    7.053227] UDP hash table entries: 512 (order: 2, 16384 bytes)
[    7.064065] UDP-Lite hash table entries: 512 (order: 2, 16384 bytes)
[    7.070776] NET: Registered protocol family 1
[    7.079099] pci 0000:00:00.0: Limiting direct PCI/PCI transfers
[    7.085111] pci 0000:00:01.0: Activating ISA DMA hang workarounds
[    7.095622] Unpacking initramfs...

[    8.649895] Freeing initrd memory: 14792K
[    8.663835] platform rtc_cmos: registered platform RTC device (no PNP device found)
[    8.672041] Scanning for low memory corruption every 60 seconds
[    8.703574] audit: initializing netlink subsys (disabled)
[    8.710589] audit: type=2000 audit(1535957293.274:1): initialized
[    8.726066] Initialise system trusted keyring
[    8.731156] HugeTLB registered 2 MB page size, pre-allocated 0 pages
[    8.745579] zbud: loaded
[    8.750184] VFS: Disk quotas dquot_6.6.0
[    8.753315] VFS: Dquot-cache hash table entries: 512 (order 0, 4096 bytes)
[    8.766264] squashfs: version 4.0 (2009/01/31) Phillip Lougher
[    8.774607] fuse init (API version 7.23)
[    8.779592] Key typ big_key registered
[   8.915823] Allocating IMA MOK nd blacklist keyrings.

[    9.085793] Key type asymmetric registered
[    9.094770] Asymmetric key parser 'x509' registered
[    9.113614] Block layer SCSI generic (bsg) driver version 0.4 loaded (major 249)
[    9.148667] io scheduler noop registered
[    9.162940] io scheduler deadline registered (default)
[    9.167235] io scheduler cfq registered
[    9.183324] pci_hotplug: PCI Hot Plug PCI Core version: 0.5
[    9.189137] pciehp: PCI Express Hot Plug Controller Driver version: 0.4
[    9.218028] ACPI: AC Adapter [AC] (on-line)
[    9.229871] input: Power Button as /devices/LNXSYSTM:00/LNXPWRBN:00/input/input0
[    9.269532] ACPI: Power Button [PWRF]
[    9.279690] input: Sleep Button as /devices/LNXSYSTM:00/LNXSLPBN:00/input/input1
[    9.310101] ACPI: Sleep Button [SLPF]
[    9.324860] GHES: HEST is not enabled!
[    9.329100] ACPI: BatterySlot [BAT0] (battery present)

[    9.445781] Serial: 8250/16550 driver, 32 ports, IRQ sharing enabled
[    9.483248] 00:02: ttyS0 at I/O 0x3f8 (irq = 4, base_baud = 115200) is a 16550A
[    9.515816] Linux agpgart interface v0.103
[    9.536027] loop: module loaded
[    9.550987] scsi host0: ata_piix
[    9.564277] scsi host1: ata_piix
[    9.588711] ata1: PATA max UDMA/33 cmd 0x1f0 ctl 0x3f6 bmdma 0xd000 irq 14
[    9.599136] ata2: PATA max UDMA/33 cmd 0x170 ctl 0x376 bmdma 0xd008 irq 15
[    9.628761] libphy: Fixed MDIO Bus: probed
[    9.644528] tun: Universal TUN/TAP device driver, 1.6
[    9.650804] tun: (C) 1999-2004 Max Krasnyansky <maxk@qualcomm.com>
[    9.659223] PPP generic driver version 2.4.2
[    9.664481] ehci_hcd: USB 2.0 'Enhanced' Host Controller (EHCI) Driver
[    9.670109] ehci-pci: EHCI PCI platform driver
[    9.680169] ehci-platform: EHCI generic platform driver
[    9.685782] ohci_hcd: USB 1.1 'Open' Host Controller (OHCI) Driver
[    9.700903] ohci-pci: OHCI PCI platform driver
[    9.707094] ohci-platform: OHCI generic platform driver
[    9.714234] uhci_hcd: USB Universal Host Controller Interface driver
[    9.719815] i8042: PNP: PS/2 Controller [PNP0303:PS2K,PNP0f03:PS2M] at 0x60,0x64 irq 1,12
[    9.733912] serio: i8042 KBD port at 0x60,0x64 irq 1
[    9.744636] serio: i8042 AUX port at 0x60,0x64 irq 12
[    9.751080] mousedev: PS/2 mouse device common for all mice
[    9.766167] input: AT Translated Set 2 keyboard as /devices/platform/i8042/serio0/input/input2
[    9.819506] rtc_cmos rtc_cmos: rtc core: registered rtc_cmos as rtc0
[    9.841084] rtc_cmos rtc_cmos: alarms up to one day, 114 bytes nvram
[    9.857110] i2c /dev entries driver
[    9.867955] device-mapper: uevent: version 1.0.3
[    9.875635] device-mapper: ioctl: 4.34.0-ioctl (2015-10-28) initialised: dm-devel@redhat.com
[    9.886337] ledtrig-cpu: registered to indicate activity on CPUs
[    9.905118] NET: Registered protocol family 10
[    9.914506] NET: Registered protocol family 17
[    9.919342] Key type dns_resolver registered
[    9.934085] registered taskstats version 1
[    9.945468] Loading compiled-in X.509 certificates
[    9.953924] Loaded X.509 cert 'Build time autogenerated kernel key: 4eb3d024ac16f76c1747ffd474694c84db21038b'
[    9.974037] zswap: loaded using pool lzo/zbud
[    9.994273] Key type trusted registered
[   10.057829] Key type encrypted registered
[   10.063098] AppArmor: AppArmor sha1 policy hashing enabled
[   10.068101] ima: No TPM chip found, activating TPM-bypass!
[   10.080952] ima: Allocated hash algorithm: sha1
[   10.094988] evm: HMAC attrs: 0x1
[   10.101570]   Magic number: 2:664:821
[   10.109729] rtc_cmos rtc_cmos: setting system clock to 2018-09-03 06:48:11 UTC (1535957291)
[   10.129322] BIOS EDD facility v0.16 2004-Jun-25, 0 devices found
[   10.134836] EDD information not available.
[   10.150057] Freeing unused kernel memory: 1516K
[   10.171205] Write protecting the kernel read-only data: 14336k
[   10.800286] Freeing unused kernel memory: 1672K
[   11.798284] clocksource: tsc: mask: 0xffffffffffffffff max_cycles: 0x2879c456dd4, max_idle_ns: 440795285767 ns
[   11.811073] Freeing unused kernel memory: 92K
Loading, please wait...
starting version 229
[   11.885644] random: systemd-udevd: uninitialized urandom read (16 bytes read, 7 bits of entropy available)
[   11.891560] random: udevadm: uninitialized urandom read (16 bytes read, 7 bits of entropy available)
[   11.891646] random: udevadm: uninitialized urandom read (16 bytes read, 7 bits of entropy available)
[   11.965940] random: udevadm: uninitialized urandom read (16 bytes read, 7 bits of entropy available)
[   11.966125] random: udevadm: uninitialized urandom read (16 bytes read, 7 bits of entropy available)
[   11.966943] random: udevadm: uninitialized urandom read (16 bytes read, 7 bits of entropy available)
[   11.967185] random: udevadm: uninitialized urandom read (16 bytes read, 7 bits of entropy available)
[   11.967461] random: udevadm: uninitialized urandom read (16 bytes read, 7 bits of entropy available)
[   11.967698] random: udevadm: uninitialized urandom read (16 bytes read, 7 bits of entropy available)
[   11.967970] random: udevadm: uninitialized urandom read (16 bytes read, 7 bits of entropy available)
[   12.367532] e1000: Intel(R) PRO/1000 Network Driver - version 7.3.21-k8-NAPI
[   12.385599] e1000: Copyright (c) 1999-2006 Intel Corporation.
[   12.441263] Fusion MPT base driver 3.04.20
[   12.464891] Copyright (c) 1999-2008 LSI Corporation
[   12.553827] AVX2 version of gcm_enc/dec engaged.
[   12.592310] AES CTR mode by8 optimization enabled
[   12.625138] Fusion MPT SPI Host driver 3.04.20
[   12.751368] input: ImExPS/2 Generic Explorer Mouse as /devices/platform/i8042/serio1/input/input4
[   13.550583] e1000 0000:00:03.0 eth0: (PCI:33MHz:32-bit) 02:1d:76:b3:3c:fe
[   13.569052] e1000 0000:00:03.0 eth0: Intel(R) PRO/1000 Network Connection
[   14.385969] e1000 0000:00:08.0 eth1: (PCI:33MHz:32-bit) 08:00:27:93:0d:8b
[   14.452693] e1000 0000:00:08.0 eth1: Intel(R) PRO/1000 Network Connection
[   15.585383] e1000 0000:00:09.0 eth2: (PCI:33MHz:32-bit) 08:00:27:5f:15:3b
[   15.597300] e1000 0000:00:09.0 eth2: Intel(R) PRO/1000 Network Connection
[   15.610750] mptbase: ioc0: Initiating bringup
[   15.612379] e1000 0000:00:03.0 enp0s3: renamed from eth0
[   15.651848] e1000 0000:00:09.0 enp0s9: renamed from eth2
[   15.678063] e1000 0000:00:08.0 enp0s8: renamed from eth1
[   15.711823] ioc0: LSI53C1030 A0: Capabilities={Initiator}
[   15.943091] scsi host2: ioc0: LSI53C1030 A0, FwRev=00000000h, Ports=1, MaxQ=256, IRQ=20
[   16.692477] scsi 2:0:0:0: Direct-Access     VBOX     HARDDISK         1.0  PQ: 0 ANSI: 5
[   16.743883] scsi target2:0:0: Beginning Domain Validation
[   16.767000] scsi target2:0:0: Domain Validation skipping write tests
[   16.792791] scsi target2:0:0: Ending Domain Validation
[   16.799573] scsi target2:0:0: asynchronous
[   16.811997] scsi 2:0:1:0: Direct-Access     VBOX     HARDDISK         1.0  PQ: 0 ANSI: 5
[   16.878375] scsi target2:0:1: Beginning Domain Validation
[   16.912509] scsi target2:0:1: Domain Validation skipping write tests
[   16.929717] scsi target2:0:1: Ending Domain Validation
[   16.939944] scsi target2:0:1: asynchronous
[   16.993481] sd 2:0:0:0: [sda] 20971520 512-byte logical blocks: (10.7 GB/10.0 GiB)
[   17.013399] sd 2:0:0:0: Attached scsi generic sg0 type 0
[   17.033622] sd 2:0:0:0: [sda] Write Protect is off
[   17.045376] sd 2:0:1:0: [sdb] 20480 512-byte logical blocks: (10.5 MB/10.0 MiB)
[   17.045672] sd 2:0:1:0: Attached scsi generic sg1 type 0
[   17.096100] sd 2:0:0:0: [sda] Incomplete mode parameter data
[   17.111728] sd 2:0:0:0: [sda] Assuming drive cache: write through
[   17.112611] sd 2:0:1:0: [sdb] Write Protect is off
[   17.112971] sd 2:0:1:0: [sdb] Incomplete mode parameter data
[   17.112980] sd 2:0:1:0: [sdb] Assuming drive cache: write through
[   17.136195] sd 2:0:1:0: [sdb] Attached SCSI disk
[   17.218760]  sda: sda1
[   17.227795] sd 2:0:0:0: [sda] Attached SCSI disk
Begin: Loading essential drivers ... [   20.273507] md: linear personality registered for level -1
[   20.301686] md: multipath personality registered for level -4
[   20.340810] md: raid0 personality registered for level 0
[   20.381181] md: raid1 personality registered for level 1
[   20.479505] raid6: sse2x1   gen()   701 MB/s
[   20.563036] raid6: sse2x1   xor()   817 MB/s
[   20.634684] raid6: sse2x2   gen()  1721 MB/s
[   20.710948] raid6: sse2x2   xor()   754 MB/s
[   20.782678] raid6: sse2x4   gen()   715 MB/s
[   20.855873] raid6: sse2x4   xor()   750 MB/s
[   20.934901] raid6: avx2x1   gen()  3256 MB/s
[   21.015193] raid6: avx2x2   gen()  3918 MB/s
[   21.094943] raid6: avx2x4   gen()  4167 MB/s
[   21.111516] raid6: using algorithm avx2x4 gen() 4167 MB/s
[   21.123913] raid6: using avx2x2 recovery algorithm
[   21.143716] xor: automatically using best checksumming function:
[   21.198828]    avx       :  5025.000 MB/sec
[   21.231015] async_tx: api initialized (async)
[   21.278084] md: raid6 personality registered for level 6
[   21.284775] md: raid5 personality registered for level 5
[   21.292883] md: raid4 personality registered for level 4
[   21.349228] md: raid10 personality registered for level 10
done.
Begin: Running /scripts/init-premount ... done.
Begin: Mounting root file system ... Begin: Running /scripts/local-top ... done.
Begin: Running /scripts/local-premount ... [   21.530620] Btrfs loaded
Scanning for Btrfs filesystems
done.
Warning: fsck not present, so skipping root file system
[   21.674884] EXT4-fs (sda1): mounted filesystem with ordered data mode. Opts: (null)
done.
Begin: Running /scripts/local-bottom ... done.
Begin: Running /scripts/init-bottom ... done.
[   22.097853] systemd[1]: systemd 229 running in system mode. (+PAM +AUDIT +SELINUX +IMA +APPARMOR +SMACK +SYSVINIT +UTMP +LIBCRYPTSETUP +GCRYPT +GNUTLS +ACL +XZ -LZ4 +SECCOMP +BLKID +ELFUTILS +KMOD -IDN)
[   22.125006] systemd[1]: Detected virtualization oracle.
[   22.135784] systemd[1]: Detected architecture x86-64.

Welcome to [1mUbuntu 16.04.5 LTS[0m!

[   22.172427] systemd[1]: Set hostname to <node-6>.
[   22.423085] random: nonblocking pool is initialized
[   22.780240] systemd[1]: Created slice User and Session Slice.
[[0;32m  OK  [0m] Created slice User and Session Slice.
[  2.900893] systemd[1] Set up automont ArbitrryExecutable File Formats File System Automount Point.

[[0;32m  OK  [0m] Set up automount Arbitrary Executab...ats File System Automount Point.
[   23.417178] systemd[: Reached target Swap.

[[0;32m  OK  [0m] Reached target Swap.
[   23.637201] systemd[1]: Listening on Journal Socket.
[[0;32m  OK  [0m] Listening on Journal Socket.
[   23.667414] systemd[1]: Started Forward Password Requests to Wall Directory Watch.
[[0;32m  OK  [0m] Started Forward Password Requests to Wall Directory Watch.
[   23.698391] systemd[1]: Reached target System Time Synchronized.
[[0;32m  OK  [0m] Reached target System Time Synchronized.
[   23.724266] systemd[1]: Listening on udev Control Socket.
[[0;32m  OK  [0m] Listening on udev Control Socket.
[   23.752639] systemd[1]: Listening on LVM2 metadata daemon socket.
[[0;32m  OK  [0m] Listening on LVM2 metadata daemon socket.
[   23.790739] systemd[1]: Listening on udev Kernel Socket.
[[0;32m  OK  [0m] Listening on udev Kernel Socket.
[   23.809160] systemd[1]: Started Trigger resolvconf update for networkd DNS.
[[0;32m  OK  [0m] Started Trigger resolvconf update for networkd DNS.
[   23.857135] systemd[1]: Listening on Journal Audit Socket.
[[0;32m  OK  [0m] Listening on Journal Audit Socket.
[   23.911045] systemd[1]: Listening on Journal Socket (/dev/log).
[[0;32m  OK  [0m] Listening on Journal Socket (/dev/log).
[   23.942697] systemd[1]: Reached target Encrypted Volumes.
[[0;32m  OK  [0m] Reached target Encrypted Volumes.
[   23.976246] systemd[1]: Listening on LVM2 poll daemon socket.
[[0;32m  OK  [0m] Listening on LVM2 poll daemon socket.
[   24.007670] stemd[1]: ached target User and Group ame Lookups.

[[0;32m  OK  [0m] Reached target User and Group Name Lookups.
[   24.427682] systemd[1]: Listening on Device-mapperevnt daemon FIFOs.
[[0;32m  OK  [0m] Listening on Device-mapper event daemon FIFOs.
[   24.784200] systemd[1]: Listening on /dev/initctl Compatibility Named Pipe.
[[0;32m  OK  [0m] Listening on /dev/initctl Compatibility Named Pipe.
[   24.800438] systemd[1]: Listening on Syslog Socket.
[[0;32m  OK  [0m] Listening on Syslog Socket.
[   2.830959] systemd[1]: Created slice System Slice.
[[0;32m  OK  [0m] Created slice System Slice.
[   25.560118] systemd[1]: Starting Remount Root and Kernel File Systems...
         Starting Remount Root and Kernel File Systems...
[   25.600769] systemd[1]: Starting Uncomplicated firewall...
         Starting Uncomplicated firewall...
[   25.632660] systemd[1]: Reached target Slices.
[[0;32m  OK  [0m] Reached target Slices.
[   25.654152] EXT4-fs (sda1): re-mounted. Opts: (null)
[   25.683349] systemd[1]: Starting Monitoring of LVM2 mirrors, snapshots etc. using dmeventd or progress polling...
         Starting Monitoring of LVM2 mirrors... dmeventd or progress polling...
[   25.750078] systemd[1]: Mounting Debug File System...
         Mounting Debug File System...
[   25.780642] systemd[1]: Starting Set console keymap...
         Starting Set console keymap...
[   25.895799] systemd[1]: Mounting Huge Pages File System...
         Mounting Huge Pages File System...
[   25.967792] systemd[1]: Created slice system-serial\x2dgetty.slice.
[[0;32m  OK  [0m] Created slice system-serial\x2dgetty.slice.
[   26.096857] systemd[1]: Starting Load Kernel Modules...
         Starting Load Kernel Modules...
[   26.170135] systemd[1]: Starting Nameserver information manager...
[   26.199613] Loading iSCSI transport class v2.0-870.
         Starting Nameserver information manager...
[   26.260188] iscsi: registered transport (tcp)
[   26.267759] systemd[1]: Starting Create list of required static device nodes for the current kernel...
         Starting Create list of required st... nodes for the current kernel...
[   26.332765] systemd[1]: Starting Journal Service...
         Starting Journal Service...
[   26.438845] systemd[1]: Mounting POSIX Message Queue File System...
         Mounting POSIX Message Queue File System...
[   26.580231] iscsi: registered transport (iser)
[   26.696510] systemd[1]: Mounted Debug File System.
[[0;32m  OK  [0m] Mounted Debug File System.
[   26.730296] systemd[1]: Mounted Huge Pages File System.
[[0;32m  OK  [0m] Mounted Huge Pages File System.
[   26.798354] systemd[1]: Mounted POSIX Message Queue File System.
[[0;32m  OK  [0m] Mounted POSIX Message Queue File System.
[   26.819081] systemd[1]: Started Journal Service.
[[0;32m  OK  [0m] Started Journal Service.
[[0;32m  OK  [0m] Started Remount Root and Kernel File Systems.
[[0;32m  OK  [0m] Started Uncomplicated firewall.
[[0;32m  OK  [0m] Started Set console keymap.
[[0;32m  OK  [0m] Started Load Kernel Modules.
[[0;32m  OK  [0m] Started Create list of required sta...ce nodes for the current kernel.
[[0;32m  OK  [0m] Started Nameserver information manager.
[[0;32m  OK  [0m] Started LVM2 metadata daemon.
         Starting Create Static Device Nodes in /dev...
         Starting Apply Kernel Variables...
         Mounting FUSE Control File System...
         Starting udev Coldplug all Devices...
         Starting Load/Save Random Seed...
         Starting Flush Journal to Persistent Storage...
[[0;32m  OK  [0m] Mounted FUSE Control File System.
[[0;32m  OK  [0m] Started Create Static Device Nodes in /dev.
[[0;32m  OK  [0m] Started Apply Kernel Variables.
[[0;32m  OK  [0m] Started Monitoring of LVM2 mirrors,...ng dmeventd or progress polling.
[[0;32m  OK  [0m] Started Load/Save Random Seed.
[[0;32m  OK  [0m] Started udev Coldplug all Devices.
[[0;32m  OK  [0m] Started Flush Journal to Persistent Storage.
         Starting udev Kernel Device Manager...
[[0;32m  OK  [0m] Started udev Kernel Device Manager.
[[0;32m  OK  [0m] Started Dispatch Password Requests to Console Directory Watch.
[[0;32m  OK  [0m] Reached target Local File Systems (Pre).
[[0;32m  OK  [0m] Reached target Local File Systems.
         Starting Create Volatile Files and Directories...
         Starting Tell Plymouth To Write Out Runtime Data...
         Starting LSB: AppArmor initialization...
         Starting Set console font and keymap...
         Starting Initial cloud-init job (pre-networking)...
[[0;32m  OK  [0m] Started Create Volatile Files and Directories.
[[0;32m  OK  [0m] Started Tell Plymouth To Write Out Runtime Data.
         Starting Update UTMP about System Boot/Shutdown...
[[0;32m  OK  [0m] Started Update UTMP about System Boot/Shutdown.
[[0;32m  OK  [0m] Started LSB: AppArmor initialization.
[[0;32m  OK  [0m] Found device /dev/ttyS0.
[[0;32m  OK  [0m] Listening on Load/Save RF Kill Switch Status /dev/rfkill Watch.
[[0;32m  OK  [0m] Found device 82540EM Gigabit Ethern...r (PRO/1000 MT Desktop Adapter).
[[0;32m  OK  [0m] Found device 82540EM Gigabit Ethern...r (PRO/1000 MT Desktop Adapter).
[[0;32m  OK  [0m] Found device 82540EM Gigabit Ethern...r (PRO/1000 MT Desktop Adapter).
[[0;32m  OK  [0m] Started Set console font and keymap.[   31.382946] cloud-init[505]: Cloud-init v. 18.3-9-g2e62cb8a-0ubuntu1~16.04.2 running 'init-local' at Mon, 03 Sep 2018 06:48:35 +0000. Up 29.17 seconds.
[[0;32m  OK  [0m] Created slice system-getty.slice.

[[0;32m  OK  [0m] Started Initial cloud-init job (pre-networking).
[[0;32m  OK  [0m] Reached target Network (Pre).
[[0;32m  OK  [0m] Started ifup for enp0s9.
[[0;32m  OK  [0m] Started ifup for enp0s8.
         Starting Raise network interfaces...
[[0;32m  OK  [0m] Started ifup for enp0s3.
[[0;32m  OK  [0m] Started Raise network interfaces.
         Starting Initial cloud-init job (metadata service crawler)...
[[0;32m  OK  [0m] Reached target Network.
[   37.500904] cloud-init[1179]: Cloud-init v. 18.3-9-g2e62cb8a-0ubuntu1~16.04.2 running 'init' at Mon, 03 Sep 2018 06:48:42 +0000. Up 35.71 seconds.
[   37.549323] cloud-init[1179]: ci-info: ++++++++++++++++++++++++++++++++++++++Net device info+++++++++++++++++++++++++++++++++++++++
[   37.599526] cloud-init[1179]: ci-info: +--------+------+-----------------------------+---------------+--------+-------------------+
[   37.613361] cloud-init[1179]: ci-info: | Device |  Up  |           Address           |      Mask     | Scope  |     Hw-Address    |
[   37.644017] cloud-init[1179]: ci-info: +--------+------+-----------------------------+---------------+--------+-------------------+
[   37.650830] cloud-init[1179]: ci-info: | enp0s3 | True |          10.0.2.15          | 255.255.255.0 | global | 02:1d:76:b3:3c:fe |
[   37.666611] cloud-init[1179]: ci-info: | enp0s3 | True |  fe80::1d:76ff:feb3:3cfe/64 |       .       |  link  | 02:1d:76:b3:3c:fe |
[   37.682258] cloud-init[1179]: ci-info: | enp0s8 | True |        192.168.100.6        | 255.255.255.0 | global | 08:00:27:93:0d:8b |
[   37.715190] cloud-init[1179]: ci-info: | enp0s8 | True |  fe80::a00:27ff:fe93:d8b/64 |       .       |  link  | 08:00:27:93:0d:8b |
[   37.750582] cloud-init[1179]: ci-info: | enp0s9 | True |        192.168.101.6        | 255.255.255.0 | global | 08:00:27:5f:15:3b |
[[0;32m  OK  [0m] Started Initial cloud-init job (metadata service crawler).
[   37.789230] cloud-init[1179]: ci-info: | enp0s9 | True | fe80::a00:27ff:fe5f:153b/64 |       .       |  link  | 08:00:27:5f:15:3b |
[   37.828126] cloud-init[1179]: ci-info: |   lo   | True |          127.0.0.1          |   255.0.0.0   |  host  |         .         |
[[0;32m  OK  [0m] Reached target Cloud-config availability.
[   37.849843] cloud-init[1179]: ci-info: |   lo   | True |           ::1/128           |       .       |  host  |         .         |
[[0;32m  OK  [0m] Reached target System Initialization.
[   37.892686] cloud-init[1179]: ci-info: +--------+------+-----------------------------+---------------+--------+-------------------+
[   37.923326] cloud-init[1179]: ci-info: ++++++++++++++++++++++++++++Route IPv4 info+++++++++++++++++++++++++++++
[   37.959941] cloud-init[1179]: ci-info: +-------+---------------+----------+---------------+-----------+-------+
[   37.961114] cloud-init[1179]: ci-info: | Route |  Destination  | Gateway  |    Genmask    | Interface | Flags |
[   37.962603] cloud-init[1179]: ci-info: +-------+---------------+----------+---------------+-----------+-------+
[   37.963932] cloud-init[1179]: ci-info: |   0   |    0.0.0.0    | 10.0.2.2 |    0.0.0.0    |   enp0s3  |   UG  |
[   37.965381] cloud-init[1179]: ci-info: |   1   |    10.0.2.0   | 0.0.0.0  | 255.255.255.0 |   enp0s3  |   U   |
[[0;32m  OK  [0m] Listening on UUID daemon activation socket.
[   37.966315] cloud-init[1179]: ci-info: |   2   | 192.168.100.0 | 0.0.0.0  | 255.255.255.0 |   enp0s8  |   U   |
         Starting LXD - unix socket.[   38.133854] cloud-init[1179]: ci-info: |   3   | 192.168.101.0 | 0.0.0.0  | 255.255.255.0 |   enp0s9  |   U   |

[   38.140993] cloud-init[1179]: ci-info: +-------+---------------+----------+---------------+-----------+-------+
[   38.226843] cloud-init[1179]: ci-info: +++++++++++++++++++Route IPv6 info+++++++++++++++++++
[[0;32m  OK  [0m] Listening on ACPID Listen Socket.
[   38.227470] cloud-init[1179]: ci-info: +-------+-------------+---------+-----------+-------+
[   38.772730] cloud-init[1179]: ci-info: | Route | Destination | Gateway | Interface | Flags |
[   38.774354] cloud-init[1179]: ci-info: +-------+-------------+---------+-----------+-------+
[[0;32m  OK  [0m] Started Daily apt download activities.
         [   38.775841] cloud-init[1179]: ci-info: |   0   |  fe80::/64  |    ::   |   enp0s8  |   U   |
[   38.853765] cloud-init[1179]: ci-info: |   1   |  fe80::/64  |    ::   |   enp0s9  |   U   |
Starting Socket activation for snappy daemon.
[   38.856414] cloud-init[1179]: ci-info: |   2   |  fe80::/64  |    ::   |   enp0s3  |   U   |
[   38.925038] cloud-init[1179]: ci-info: |   8   |   ff00::/8  |    ::   |   enp0s8  |   U   |
[   38.927532] cloud-init[1179]: ci-info: |   9   |   ff00::/8  |    ::   |   enp0s9  |   U   |
[   38.929288] cloud-init[1179]: ci-info: |   10  |   ff00::/8  |    ::   |   enp0s3  |   U   |
[[0;32m  OK  [0m] Started Daily apt upgrade and clean activities.
[   38.930046] cloud-init[1179]: ci-info: +-------+-------------+---------+-----------+-------+
[[0;32m  OK  [0m] Listening on D-Bus System Message Bus Socket.
[[0;32m  OK  [0m] Started ACPI Events Check.
[[0;32m  OK  [0m] Reached target Paths.
[[0;32m  OK  [0m] Started Daily Cleanup of Temporary Directories.
[[0;32m  OK  [0m] Reached target Timers.
[[0;32m  OK  [0m] Reached target Network is Online.
         Starting iSCSI initiator daemon (iscsid)...
[[0;32m  OK  [0m] Listening on LXD - unix socket.
[[0;32m  OK  [0m] Listening on Socket activation for snappy daemon.
[[0;32m  OK  [0m] Started iSCSI initiator daemon (iscsid).
         Starting Login to default iSCSI targets...
[[0;32m  OK  [0m] Reached target Sockets.
[[0;32m  OK  [0m] Reached target Basic System.
[[0;32m  OK  [0m] Started Unattended Upgrades Shutdown.
         Starting Accounts Service...
[[0;32m  OK  [0m] Started ACPI event daemon.
[[0;32m  OK  [0m] Started Deferred execution scheduler.
[[0;32m  OK  [0m] Started FUSE filesystem for LXC.
[[0;32m  OK  [0m] Started D-Bus System Message Bus.
         Starting Virtualbox guest utils...
         Starting OpenBSD Secure Shell server...
         Starting Login Service...
         Starting /etc/rc.local Compatibility...
         Starting System Logging Service...
[[0;32m  OK  [0m] Started Regular background program processing daemon.
         Starting LSB: MD monitoring daemon...
         Starting LXD - container startup/shutdown...
         Starting Snappy daemon...
         Starting LSB: Record successful boot for GRUB...
[[0;32m  OK  [0m] Started OpenBSD Secure Shell server.
[[0;32m  OK  [0m] Started System Logging Service.
[[0;32m  OK  [0m] Started /etc/rc.local Compatibility.
[[0;32m  OK  [0m] Started Login to default iSCSI targets.
[[0;32m  OK  [0m] Started LXD - container startup/shutdown.
[[0;32m  OK  [0m] Started Snappy daemon.
[[0;32m  OK  [0m] Started LSB: MD monitoring daemon.
[[0;32m  OK  [0m] Started LSB: Record successful boot for GRUB.
         Starting Authenticate and Authorize Users to Run Privileged Tasks...
         Starting Wait until snapd is fully seeded...
[[0;32m  OK  [0m] Reached target Remote File Systems (Pre).
[[0;32m  OK  [0m] Reached target Remote File Systems.
         Starting LSB: daemon to balance interrupts for SMP systems...
         Starting LSB: Set the CPU Frequency Scaling governor to "ondemand"...
         Starting Permit User Sessions...
         Starting LSB: automatic crash report generation...
[[0;32m  OK  [0m] Started Virtualbox guest utils.
[[0;32m  OK  [0m] Started Wait until snapd is fully seeded.
[[0;32m  OK  [0m] Started Permit User Sessions.
[[0;32m  OK  [0m] Started Login Service.
[[0;32m  OK  [0m] Started Authenticate and Authorize Users to Run Privileged Tasks.
[[0;32m  OK  [0m] Started Accounts Service.
[[0;32m  OK  [0m] Started LSB: daemon to balance interrupts for SMP systems.
[[0;32m  OK  [0m] Started LSB: Set the CPU Frequency Scaling governor to "ondemand".
         Starting Hold until boot process finishes up...
         Starting Terminate Plymouth Boot Screen...
         Starting Apply the settings specified in cloud-config...
[[0;32m  OK  [0m] Started LSB: automatic crash report generation.
[[0;32m  OK  [0m] Started Hold until boot process finishes up.
[[0;32m  OK  [0m] Started Terminate Plymouth Boot Screen.
         Starting Set console scheme...
[[0;32m  OK  [0m] Started Serial Getty on ttyS0.
[[0;32m  OK  [0m] Started Getty on tty1.
[[0;32m  OK  [0m] Reached target Login Prompts.
[[0;32m  OK  [0m] Reached target Multi-User System.
[[0;32m  OK  [0m] Reached target Graphical Interface.
         Starting Update UTMP about System Runlevel Changes...
[[0;32m  OK  [0m] Started Set console scheme.
[[0;32m  OK  [0m] Started Update UTMP about System Runlevel Changes.
[   46.508853] cloud-init[1421]: Cloud-init v. 18.3-9-g2e62cb8a-0ubuntu1~16.04.2 running 'modules:config' at Mon, 03 Sep 2018 06:48:52 +0000. Up 45.57 seconds.
[[0;32m  OK  [0m] Started Apply the settings specified in cloud-config.
         Starting Execute cloud user/final scripts...

Ubuntu 16.04.5 LTS node-6 ttyS0

node-6 login: [   50.163074] cloud-init[1444]: Cloud-init v. 18.3-9-g2e62cb8a-0ubuntu1~16.04.2 running 'modules:final' at Mon, 03 Sep 2018 06:48:55 +0000. Up 49.14 seconds.
[   50.166084] cloud-init[1444]: Cloud-init v. 18.3-9-g2e62cb8a-0ubuntu1~16.04.2 finished at Mon, 03 Sep 2018 06:48:56 +0000. Datasource DataSourceNoCloud [seed=/dev/sdb][dsmode=net].  Up 50.11 seconds
