[    0.000000] Initializing cgroup subsys cpuset
[    0.000000] Initializing cgroup subsys cpu
[    0.000000] Initializing cgroup subsys cpuacct
[    0.000000] Linux version 4.4.0-135-generic (buildd@lcy01-amd64-020) (gcc version 5.4.0 20160609 (Ubuntu 5.4.0-6ubuntu1~16.04.10) ) #161-Ubuntu SMP Mon Aug 27 10:45:01 UTC 2018 (Ubuntu 4.4.0-135.161-generic 4.4.140)
[    0.000000] Command line: BOOT_IMAGE=/boot/vmlinuz-4.4.0-135-generic root=LABEL=cloudimg-rootfs ro console=tty1 console=ttyS0
[    0.000000] KERNEL supported cpus:
[    0.000000]   Intel GenuineIntel
[    0.000000]   AMD AuthenticAMD
[    0.000000]   Centaur CentaurHauls
[    0.000000] x86/fpu: xstate_offset[2]:  576, xstate_sizes[2]:  256
[    0.000000] x86/fpu: Supporting XSAVE feature 0x01: 'x87 floating point registers'
[    0.000000] x86/fpu: Supporting XSAVE feature 0x02: 'SSE registers'
[    0.000000] x86/fpu: Supporting XSAVE feature 0x04: 'AVX registers'
[    0.000000] x86/fpu: Enabled xstate features 0x7, context size is 832 bytes, using 'standard' format.
[    0.000000] e820: BIOS-provided physical RAM map:
[    0.000000] BIOS-e820: [mem 0x0000000000000000-0x000000000009fbff] usable
[    0.000000] BIOS-e820: [mem 0x000000000009fc00-0x000000000009ffff] reserved
[    0.000000] BIOS-e820: [mem 0x00000000000f0000-0x00000000000fffff] reserved
[    0.000000] BIOS-e820: [mem 0x0000000000100000-0x000000003ffeffff] usable
[    0.000000] BIOS-e820: [mem 0x000000003fff0000-0x000000003fffffff] ACPI data
[    0.000000] BIOS-e820: [mem 0x00000000fec00000-0x00000000fec00fff] reserved
[    0.000000] BIOS-e820: [mem 0x00000000fee00000-0x00000000fee00fff] reserved
[    0.000000] BIOS-e820: [mem 0x00000000fffc0000-0x00000000ffffffff] reserved
[    0.000000] NX (Execute Disable) protection: active
[    0.000000] SMBIOS 2.5 present.
[    0.000000] Hypervisor detected: KVM
[    0.000000] e820: last_pfn = 0x3fff0 max_arch_pfn = 0x400000000
[    0.000000] MTRR: Disabled
[    0.000000] x86/PAT: MTRRs disabled, skipping PAT initialization too.
[    0.000000] CPU MTRRs all blank - virtualized system.
[    0.000000] x86/PAT: Configuration [0-7]: WB  WT  UC- UC  WB  WT  UC- UC  
[    0.000000] found SMP MP-table at [mem 0x0009fff0-0x0009ffff] mapped at [ffff88000009fff0]
[    0.000000] Scanning 1 areas for low memory corruption
[    0.000000] RAMDISK: [mem 0x3630a000-0x3717cfff]
[    0.000000] ACPI: Early table checksum verification disabled
[    0.000000] ACPI: RSDP 0x00000000000E0000 000024 (v02 VBOX  )
[    0.000000] ACPI: XSDT 0x000000003FFF0030 00003C (v01 VBOX   VBOXXSDT 00000001 ASL  00000061)
[    0.000000] ACPI: FACP 0x000000003FFF00F0 0000F4 (v04 VBOX   VBOXFACP 00000001 ASL  00000061)
[    0.000000] ACPI: DSDT 0x000000003FFF0470 0021FF (v02 VBOX   VBOXBIOS 00000002 INTL 20160108)
[    0.000000] ACPI: FACS 0x000000003FFF0200 000040
[    0.000000] ACPI: FACS 0x000000003FFF0200 000040
[    0.000000] ACPI: APIC 0x000000003FFF0240 00005C (v02 VBOX   VBOXAPIC 00000001 ASL  00000061)
[    0.000000] ACPI: SSDT 0x000000003FFF02A0 0001CC (v01 VBOX   VBOXCPUT 00000002 INTL 20160108)
[    0.000000] No NUMA configuration found
[    0.000000] Faking a node at [mem 0x0000000000000000-0x000000003ffeffff]
[    0.000000] NODE_DATA(0) allocated [mem 0x3ffeb000-0x3ffeffff]
[    0.000000] kvm-clock: Using msrs 4b564d01 and 4b564d00
[    0.000000] kvm-clock: cpu 0, msr 0:3ffe3001, primary cpu clock
[    0.000000] kvm-clock: using sched offset of 3506713932 cycles
[    0.000000] clocksource: kvm-clock: mask: 0xffffffffffffffff max_cycles: 0x1cd42e4dffb, max_idle_ns: 881590591483 ns
[    0.000000] Zone ranges:
[    0.000000]   DMA      [mem 0x0000000000001000-0x0000000000ffffff]
[    0.000000]   DMA32    [mem 0x0000000001000000-0x000000003ffeffff]
[    0.000000]   Normal   empty
[    0.000000]   Device   empty
[    0.000000] Movable zone start for each node
[    0.000000] Early memory node ranges
[    0.000000]   node   0: [mem 0x0000000000001000-0x000000000009efff]
[    0.000000]   node   0: [mem 0x0000000000100000-0x000000003ffeffff]
[    0.000000] Initmem setup node 0 [mem 0x0000000000001000-0x000000003ffeffff]
[    0.000000] ACPI: PM-Timer IO Port: 0x4008
[    0.000000] IOAPIC[0]: apic_id 2, version 32, address 0xfec00000, GSI 0-23
[    0.000000] ACPI: INT_SRC_OVR (bus 0 bus_irq 0 global_irq 2 dfl dfl)
[    0.000000] ACPI: INT_SRC_OVR (bus 0 bus_irq 9 global_irq 9 low level)
[    0.000000] Using ACPI (MADT) for SMP configuration information
[    0.000000] smpboot: Allowing 2 CPUs, 0 hotplug CPUs
[    0.000000] PM: Registered nosave memory: [mem 0x00000000-0x00000fff]
[    0.000000] PM: Registered nosave memory: [mem 0x0009f000-0x0009ffff]
[    0.000000] PM: Registered nosave memory: [mem 0x000a0000-0x000effff]
[    0.000000] PM: Registered nosave memory: [mem 0x000f0000-0x000fffff]
[    0.000000] e820: [mem 0x40000000-0xfebfffff] available for PCI devices
[    0.000000] Booting paravirtualized kernel on KVM
[    0.000000] clocksource: refined-jiffies: mask: 0xffffffff max_cycles: 0xffffffff, max_idle_ns: 7645519600211568 ns
[    0.000000] setup_percpu: NR_CPUS:512 nr_cpumask_bits:512 nr_cpu_ids:2 nr_node_ids:1
[    0.000000] PERCPU: Embedded 34 pages/cpu @ffff88003fc00000 s99544 r8192 d31528 u1048576
[    0.000000] PV qspinlock hash table entries: 256 (order: 0, 4096 bytes)
[    0.000000] Built 1 zonelists in Node order, mobility grouping on.  Total pages: 257912
[    0.000000] Policy zone: DMA32
[    0.000000] Kernel command line: BOOT_IMAGE=/boot/vmlinuz-4.4.0-135-generic root=LABEL=cloudimg-rootfs ro console=tty1 console=ttyS0
[    0.000000] PID hash table entries: 4096 (order: 3, 32768 bytes)
[    0.000000] Memory: 997720K/1048120K available (8554K kernel code, 1314K rwdata, 4004K rodata, 1516K init, 1316K bss, 50400K reserved, 0K cma-reserved)
[    0.000000] SLUB: HWalign=64, Order=0-3, MinObjects=0, CPUs=2, Nodes=1
[    0.000000] Kernel/User page tables isolation: enabled
[    0.000000] Hierarchical RCU implementation.
[    0.000000] 	Build-time adjustment of leaf fanout to 64.
[    0.000000] 	RCU restricting CPUs from NR_CPUS=512 to nr_cpu_ids=2.
[    0.000000] RCU: Adjusting geometry for rcu_fanout_leaf=64, nr_cpu_ids=2
[    0.000000] NR_IRQS:33024 nr_irqs:440 16
[    0.000000] Console: colour VGA+ 80x25
[    0.000000] console [tty1] enabled
[    0.000000] console [ttyS0] enabled
[    0.000000] tsc: Detected 2099.982 MHz processor
[    0.158077] Calibrating delay loop (skipped) preset value.. 4199.96 BogoMIPS (lpj=8399928)
[    0.159741] pid_max: default: 32768 minimum: 301
[    0.160598] ACPI: Core revision 20150930
[    0.162433] ACPI: 2 ACPI AML tables successfully acquired and loaded
[    0.163771] Security Framework initialized
[    0.164596] Yama: becoming mindful.
[    0.165336] AppArmor: AppArmor initialized
[    0.166197] Dentry cache hash table entries: 131072 (order: 8, 1048576 bytes)
[    0.168421] Inode-cache hash table entries: 65536 (order: 7, 524288 bytes)
[    0.169669] Mount-cache hash table entries: 2048 (order: 2, 16384 bytes)
[    0.170818] Mountpoint-cache hash table entries: 2048 (order: 2, 16384 bytes)
[    0.172273] Initializing cgroup subsys io
[    0.173073] Initializing cgroup subsys memory
[    0.173896] Initializing cgroup subsys devices
[    0.174745] Initializing cgroup subsys freezer
[    0.175596] Initializing cgroup subsys net_cls
[    0.176424] Initializing cgroup subsys perf_event
[    0.177305] Initializing cgroup subsys net_prio
[    0.178148] Initializing cgroup subsys hugetlb
[    0.179031] Initializing cgroup subsys pids
[    0.180605] mce: CPU supports 0 MCE banks
[    0.181462] Last level iTLB entries: 4KB 64, 2MB 8, 4MB 8
[    0.182453] Last level dTLB entries: 4KB 64, 2MB 0, 4MB 0, 1GB 4
[    0.183553] Spectre V2 : Mitigation: Full generic retpoline
[    0.184609] Spectre V2 : Speculation control IBPB not-supported IBRS not-supported
[    0.185939] Speculative Store Bypass: Vulnerable
[    0.189549] Freeing SMP alternatives memory: 32K
[    0.198624] ftrace: allocating 32266 entries in 127 pages
[    0.252752] smpboot: APIC(0) Converting physical 0 to logical package 0
[    0.253952] smpboot: Max logical packages: 1
[    0.255035] x2apic enabled
[    0.255877] Switched APIC routing to physical x2apic.
[    0.257950] ..TIMER: vector=0x30 apic1=0 pin1=2 apic2=-1 pin2=-1
[    0.365341] smpboot: CPU0: Intel(R) Xeon(R) CPU E5-2620 v4 @ 2.10GHz (family: 0x6, model: 0x4f, stepping: 0x1)
[    0.367371] Performance Events: unsupported p6 CPU model 79 no PMU driver, software events only.
[    0.369100] KVM setup paravirtual spinlock
[    0.370595] x86: Booting SMP configuration:
[    0.372573] .... node  #0, CPUs:      #1
[    0.373624] kvm-clock: cpu 1, msr 0:3ffe3041, secondary cpu clock
[    0.376179] mce: CPU supports 0 MCE banks
[    0.379155] x86: Booted up 1 node, 2 CPUs
[    0.380145] smpboot: Total of 2 processors activated (8399.92 BogoMIPS)
[    0.381884] devtmpfs: initialized
[    0.383917] evm: security.selinux
[    0.384627] evm: security.SMACK64
[    0.385366] evm: security.SMACK64EXEC
[    0.386116] evm: security.SMACK64TRANSMUTE
[    0.386956] evm: security.SMACK64MMAP
[    0.387754] evm: security.ima
[    0.388418] evm: security.capability
[    0.389431] clocksource: jiffies: mask: 0xffffffff max_cycles: 0xffffffff, max_idle_ns: 7645041785100000 ns
[    0.391375] futex hash table entries: 512 (order: 3, 32768 bytes)
[    0.392731] pinctrl core: initialized pinctrl subsystem
[    0.393850] RTC time: 22:59:55, date: 11/01/18
[    0.395003] NET: Registered protocol family 16
[    0.405107] cpuidle: using governor ladder
[    0.417479] cpuidle: using governor menu
[    0.418381] PCCT header not found.
[    0.419216] ACPI: bus type PCI registered
[    0.420051] acpiphp: ACPI Hot Plug PCI Controller Driver version: 0.5
[    0.421357] PCI: Using configuration type 1 for base access
[    0.433482] ACPI: Added _OSI(Module Device)
[    0.434328] ACPI: Added _OSI(Processor Device)
[    0.435219] ACPI: Added _OSI(3.0 _SCP Extensions)
[    0.436087] ACPI: Added _OSI(Processor Aggregator Device)
[    0.437704] ACPI: Executed 1 blocks of module-level executable AML code
[    0.440923] ACPI: Interpreter enabled
[    0.442832] ACPI: (supports S0 S5)
[    0.443490] ACPI: Using IOAPIC for interrupt routing
[    0.444543] PCI: Using host bridge windows from ACPI; if necessary, use "pci=nocrs" and report a bug
[    0.449552] ACPI: PCI Root Bridge [PCI0] (domain 0000 [bus 00-ff])
[    0.450545] acpi PNP0A03:00: _OSC: OS supports [ASPM ClockPM Segments MSI]
[    0.452831] acpi PNP0A03:00: _OSC: not requesting OS control; OS requires [ExtendedConfig ASPM ClockPM MSI]
[    0.454562] acpi PNP0A03:00: fail to add MMCONFIG information, can't access extended PCI configuration space under this bridge.
[    0.456755] PCI host bridge to bus 0000:00
[    0.457576] pci_bus 0000:00: root bus resource [io  0x0000-0x0cf7 window]
[    0.458687] pci_bus 0000:00: root bus resource [io  0x0d00-0xffff window]
[    0.459810] pci_bus 0000:00: root bus resource [mem 0x000a0000-0x000bffff window]
[    0.461274] pci_bus 0000:00: root bus resource [mem 0x40000000-0xfdffffff window]
[    0.462731] pci_bus 0000:00: root bus resource [bus 00-ff]
[    0.465185] pci 0000:00:01.1: legacy IDE quirk: reg 0x10: [io  0x01f0-0x01f7]
[    0.466388] pci 0000:00:01.1: legacy IDE quirk: reg 0x14: [io  0x03f6]
[    0.468756] pci 0000:00:01.1: legacy IDE quirk: reg 0x18: [io  0x0170-0x0177]
[    0.469920] pci 0000:00:01.1: legacy IDE quirk: reg 0x1c: [io  0x0376]
[    0.492062] pci 0000:00:07.0: quirk: [io  0x4000-0x403f] claimed by PIIX4 ACPI
[    0.502999] pci 0000:00:07.0: quirk: [io  0x4100-0x410f] claimed by PIIX4 SMB
[    0.527220] ACPI: PCI Interrupt Link [LNKA] (IRQs 5 9 10 *11)
[    0.528805] ACPI: PCI Interrupt Link [LNKB] (IRQs 5 9 *10 11)
[    0.530268] ACPI: PCI Interrupt Link [LNKC] (IRQs 5 *9 10 11)
[    0.531950] ACPI: PCI Interrupt Link [LNKD] (IRQs 5 9 10 *11)
[    0.533446] ACPI: Enabled 2 GPEs in block 00 to 07
[    0.534747] vgaarb: setting as boot device: PCI:0000:00:02.0
[    0.535792] vgaarb: device added: PCI:0000:00:02.0,decodes=io+mem,owns=io+mem,locks=none
[    0.537304] vgaarb: loaded
[    0.537907] vgaarb: bridge control possible 0000:00:02.0
[    0.539090] SCSI subsystem initialized
[    0.539960] ACPI: bus type USB registered
[    0.540756] usbcore: registered new interface driver usbfs
[    0.541817] usbcore: registered new interface driver hub
[    0.542799] usbcore: registered new device driver usb
[    0.544851] PCI: Using ACPI for IRQ routing
[    0.545990] NetLabel: Initializing
[    0.546688] NetLabel:  domain hash size = 128
[    0.547547] NetLabel:  protocols = UNLABELED CIPSOv4
[    0.548483] NetLabel:  unlabeled traffic allowed by default
[    0.549597] amd_nb: Cannot enumerate AMD northbridges
[    0.550591] clocksource: Switched to clocksource kvm-clock
[    0.558737] AppArmor: AppArmor Filesystem Enabled
[    0.559759] pnp: PnP ACPI init
[    0.561108] pnp: PnP ACPI: found 3 devices
[    0.572179] clocksource: acpi_pm: mask: 0xffffff max_cycles: 0xffffff, max_idle_ns: 2085701024 ns
[    0.580875] NET: Registered protocol family 2
[    0.582814] TCP established hash table entries: 8192 (order: 4, 65536 bytes)
[    0.585064] TCP bind hash table entries: 8192 (order: 5, 131072 bytes)
[    0.587185] TCP: Hash tables configured (established 8192 bind 8192)
[    0.589235] UDP hash table entries: 512 (order: 2, 16384 bytes)
[    0.591249] UDP-Lite hash table entries: 512 (order: 2, 16384 bytes)
[    0.593331] NET: Registered protocol family 1
[    0.594921] pci 0000:00:00.0: Limiting direct PCI/PCI transfers
[    0.596820] pci 0000:00:01.0: Activating ISA DMA hang workarounds
[    0.598944] Unpacking initramfs...
[    0.919276] Freeing initrd memory: 14796K
[    0.920583] platform rtc_cmos: registered platform RTC device (no PNP device found)
[    0.922497] Scanning for low memory corruption every 60 seconds
[    0.924402] audit: initializing netlink subsys (disabled)
[    0.925687] audit: type=2000 audit(1541113201.621:1): initialized
[    0.927386] Initialise system trusted keyring
[    0.928731] HugeTLB registered 2 MB page size, pre-allocated 0 pages
[    0.931938] zbud: loaded
[    0.933165] VFS: Disk quotas dquot_6.6.0
[    0.934195] VFS: Dquot-cache hash table entries: 512 (order 0, 4096 bytes)
[    0.936040] squashfs: version 4.0 (2009/01/31) Phillip Lougher
[    0.937709] fuse init (API version 7.23)
[    0.938868] Key type big_key registered
[    0.939923] Allocating IMA MOK and blacklist keyrings.
[    0.942450] Key type asymmetric registered
[    0.943510] Asymmetric key parser 'x509' registered
[    0.944699] Block layer SCSI generic (bsg) driver version 0.4 loaded (major 249)
[    0.946587] io scheduler noop registered
[    0.951800] io scheduler deadline registered (default)
[    0.953028] io scheduler cfq registered
[    0.954105] pci_hotplug: PCI Hot Plug PCI Core version: 0.5
[    0.955411] pciehp: PCI Express Hot Plug Controller Driver version: 0.4
[    0.956998] ACPI: AC Adapter [AC] (on-line)
[    0.958093] input: Power Button as /devices/LNXSYSTM:00/LNXPWRBN:00/input/input0
[    0.959958] ACPI: Power Button [PWRF]
[    0.960983] input: Sleep Button as /devices/LNXSYSTM:00/LNXSLPBN:00/input/input1
[    0.962800] ACPI: Sleep Button [SLPF]
[    0.964038] GHES: HEST is not enabled!
[    0.965097] Serial: 8250/16550 driver, 32 ports, IRQ sharing enabled
[    0.988929] 00:02: ttyS0 at I/O 0x3f8 (irq = 4, base_baud = 115200) is a 16550A
[    0.992115] Linux agpgart interface v0.103
[    0.995225] loop: module loaded
[    0.996843] scsi host0: ata_piix
[    0.997981] scsi host1: ata_piix
[    0.998899] ata1: PATA max UDMA/33 cmd 0x1f0 ctl 0x3f6 bmdma 0xd000 irq 14
[    1.000394] ata2: PATA max UDMA/33 cmd 0x170 ctl 0x376 bmdma 0xd008 irq 15
[    1.001979] libphy: Fixed MDIO Bus: probed
[    1.003048] tun: Universal TUN/TAP device driver, 1.6
[    1.004283] tun: (C) 1999-2004 Max Krasnyansky <maxk@qualcomm.com>
[    1.005687] PPP generic driver version 2.4.2
[    1.006793] ehci_hcd: USB 2.0 'Enhanced' Host Controller (EHCI) Driver
[    1.008234] ehci-pci: EHCI PCI platform driver
[    1.009344] ehci-platform: EHCI generic platform driver
[    1.010548] ohci_hcd: USB 1.1 'Open' Host Controller (OHCI) Driver
[    1.011998] ohci-pci: OHCI PCI platform driver
[    1.013082] ohci-platform: OHCI generic platform driver
[    1.014287] uhci_hcd: USB Universal Host Controller Interface driver
[    1.015777] i8042: PNP: PS/2 Controller [PNP0303:PS2K,PNP0f03:PS2M] at 0x60,0x64 irq 1,12
[    1.018299] serio: i8042 KBD port at 0x60,0x64 irq 1
[    1.019502] serio: i8042 AUX port at 0x60,0x64 irq 12
[    1.020798] mousedev: PS/2 mouse device common for all mice
[    1.022561] rtc_cmos rtc_cmos: rtc core: registered rtc_cmos as rtc0
[    1.024107] rtc_cmos rtc_cmos: alarms up to one day, 114 bytes nvram
[    1.025560] input: AT Translated Set 2 keyboard as /devices/platform/i8042/serio0/input/input2
[    1.027711] i2c /dev entries driver
[    1.028776] device-mapper: uevent: version 1.0.3
[    1.029948] device-mapper: ioctl: 4.34.0-ioctl (2015-10-28) initialised: dm-devel@redhat.com
[    1.032015] ledtrig-cpu: registered to indicate activity on CPUs
[    1.033919] NET: Registered protocol family 10
[    1.035312] NET: Registered protocol family 17
[    1.036399] Key type dns_resolver registered
[    1.037701] registered taskstats version 1
[    1.038736] Loading compiled-in X.509 certificates
[    1.040726] Loaded X.509 cert 'Build time autogenerated kernel key: b7189ebc996fd79c52efc1226b6676b25e4f6a2d'
[    1.042995] zswap: loaded using pool lzo/zbud
[    1.047599] Key type trusted registered
[    1.054550] Key type encrypted registered
[    1.055626] AppArmor: AppArmor sha1 policy hashing enabled
[    1.056871] ima: No TPM chip found, activating TPM-bypass!
[    1.058114] ima: Allocated hash algorithm: sha1
[    1.059249] evm: HMAC attrs: 0x1
[    1.060616]   Magic number: 10:881:1006
[    1.061680] rtc_cmos rtc_cmos: setting system clock to 2018-11-01 22:59:56 UTC (1541113196)
[    1.063895] BIOS EDD facility v0.16 2004-Jun-25, 0 devices found
[    1.065227] EDD information not available.
[    1.161129] Freeing unused kernel memory: 1516K
[    1.202429] Write protecting the kernel read-only data: 14336k
[    1.205216] Freeing unused kernel memory: 1672K
[    1.207034] Freeing unused kernel memory: 92K
Loading, please wait...
starting version 229
[    1.228705] random: systemd-udevd: uninitialized urandom read (16 bytes read, 3 bits of entropy available)
[    1.229634] random: udevadm: uninitialized urandom read (16 bytes read, 3 bits of entropy available)
[    1.229664] random: udevadm: uninitialized urandom read (16 bytes read, 3 bits of entropy available)
[    1.240883] random: udevadm: uninitialized urandom read (16 bytes read, 3 bits of entropy available)
[    1.240941] random: udevadm: uninitialized urandom read (16 bytes read, 3 bits of entropy available)
[    1.241124] random: udevadm: uninitialized urandom read (16 bytes read, 3 bits of entropy available)
[    1.241194] random: udevadm: uninitialized urandom read (16 bytes read, 3 bits of entropy available)
[    1.241259] random: udevadm: uninitialized urandom read (16 bytes read, 3 bits of entropy available)
[    1.241323] random: udevadm: uninitialized urandom read (16 bytes read, 3 bits of entropy available)
[    1.241386] random: udevadm: uninitialized urandom read (16 bytes read, 3 bits of entropy available)
[    1.293705] e1000: Intel(R) PRO/1000 Network Driver - version 7.3.21-k8-NAPI
[    1.312423] e1000: Copyright (c) 1999-2006 Intel Corporation.
[    1.319311] Fusion MPT base driver 3.04.20
[    1.331937] Copyright (c) 1999-2008 LSI Corporation
[    1.339486] Fusion MPT SPI Host driver 3.04.20
[    1.342233] mptbase: ioc0: Initiating bringup
[    1.363509] AVX2 version of gcm_enc/dec engaged.
[    1.516225] AES CTR mode by8 optimization enabled
[    1.668134] input: ImExPS/2 Generic Explorer Mouse as /devices/platform/i8042/serio1/input/input4
[    1.719113] ioc0: LSI53C1030 A0: Capabilities={Initiator}
[    1.880963] scsi host2: ioc0: LSI53C1030 A0, FwRev=00000000h, Ports=1, MaxQ=256, IRQ=20
[    1.918727] tsc: Refined TSC clocksource calibration: 2100.870 MHz
[    1.920947] clocksource: tsc: mask: 0xffffffffffffffff max_cycles: 0x1e486671271, max_idle_ns: 440795271408 ns
[    1.995250] scsi 2:0:0:0: Direct-Access     VBOX     HARDDISK         1.0  PQ: 0 ANSI: 5
[    1.998453] scsi target2:0:0: Beginning Domain Validation
[    2.002751] scsi target2:0:0: Domain Validation skipping write tests
[    2.004861] scsi target2:0:0: Ending Domain Validation
[    2.006766] scsi target2:0:0: asynchronous
[    2.009030] scsi 2:0:1:0: Direct-Access     VBOX     HARDDISK         1.0  PQ: 0 ANSI: 5
[    2.012018] scsi target2:0:1: Beginning Domain Validation
[    2.015880] scsi target2:0:1: Domain Validation skipping write tests
[    2.017973] scsi target2:0:1: Ending Domain Validation
[    2.019883] scsi target2:0:1: asynchronous
[    2.036209] sd 2:0:0:0: Attached scsi generic sg0 type 0
[    2.043617] sd 2:0:0:0: [sda] 20971520 512-byte logical blocks: (10.7 GB/10.0 GiB)
[    2.047037] sd 2:0:0:0: [sda] Write Protect is off
[    2.049080] sd 2:0:0:0: [sda] Incomplete mode parameter data
[    2.070833] sd 2:0:0:0: [sda] Assuming drive cache: write through
[    2.244831] sd 2:0:1:0: Attached scsi generic sg1 type 0
[    2.252402] sd 2:0:1:0: [sdb] 20480 512-byte logical blocks: (10.5 MB/10.0 MiB)
[    2.257247] sd 2:0:1:0: [sdb] Write Protect is off
[    2.261882] sd 2:0:1:0: [sdb] Incomplete mode parameter data
[    2.261884] sd 2:0:1:0: [sdb] Assuming drive cache: write through
[    2.312003]  sda: sda1
[    2.319967] sd 2:0:0:0: [sda] Attached SCSI disk
[    2.335785] sd 2:0:1:0: [sdb] Attached SCSI disk
[    2.383863] e1000 0000:00:03.0 eth0: (PCI:33MHz:32-bit) 02:fb:a8:4c:29:d0
[    2.576585] e1000 0000:00:03.0 eth0: Intel(R) PRO/1000 Network Connection
[    3.084122] e1000 0000:00:08.0 eth1: (PCI:33MHz:32-bit) 08:00:27:36:9b:e8
[    3.096280] e1000 0000:00:08.0 eth1: Intel(R) PRO/1000 Network Connection
[    3.444021] e1000 0000:00:09.0 eth2: (PCI:33MHz:32-bit) 08:00:27:f0:fc:ad
[    3.450941] e1000 0000:00:09.0 eth2: Intel(R) PRO/1000 Network Connection
[    3.902363] e1000 0000:00:0a.0 eth3: (PCI:33MHz:32-bit) 08:00:27:71:c3:d7
[    3.962366] e1000 0000:00:0a.0 eth3: Intel(R) PRO/1000 Network Connection
[    3.965216] e1000 0000:00:03.0 enp0s3: renamed from eth0
[    3.974949] e1000 0000:00:09.0 enp0s9: renamed from eth2
[    3.986929] e1000 0000:00:08.0 enp0s8: renamed from eth1
[    4.030802] e1000 0000:00:0a.0 enp0s10: renamed from eth3
Begin: Loading essential drivers ... [    5.469373] md: linear personality registered for level -1
[    5.476565] md: multipath personality registered for level -4
[    5.483427] md: raid0 personality registered for level 0
[    5.490702] md: raid1 personality registered for level 1
[    5.566668] raid6: sse2x1   gen()  5330 MB/s
[    5.758646] raid6: sse2x1   xor()  5080 MB/s
[    5.954605] raid6: sse2x2   gen()  8324 MB/s
[    6.150658] raid6: sse2x2   xor()  5465 MB/s
[    6.278605] raid6: sse2x4   gen() 13159 MB/s
[    6.390690] raid6: sse2x4   xor()  8824 MB/s
[    6.458691] raid6: avx2x1   gen() 17638 MB/s
[    6.526655] raid6: avx2x2   gen() 20234 MB/s
[    6.594659] raid6: avx2x4   gen() 23615 MB/s
[    6.623472] raid6: using algorithm avx2x4 gen() 23615 MB/s
[    6.624550] raid6: using avx2x2 recovery algorithm
[    6.628114] xor: automatically using best checksumming function:
[    6.682782]    avx       : 28103.000 MB/sec
[    6.694565] async_tx: api initialized (async)
[    6.710941] md: raid6 personality registered for level 6
[    6.712749] md: raid5 personality registered for level 5
[    6.714553] md: raid4 personality registered for level 4
[    6.724715] md: raid10 personality registered for level 10
done.
Begin: Running /scripts/init-premount ... done.
Begin: Mounting root file system ... Begin: Running /scripts/local-top ... done.
Begin: Running /scripts/local-premount ... [    6.774185] Btrfs loaded
Scanning for Btrfs filesystems
done.
Warning: fsck not present, so skipping root file system
[    7.348108] EXT4-fs (sda1): mounted filesystem with ordered data mode. Opts: (null)
done.
Begin: Running /scripts/local-bottom ... done.
Begin: Running /scripts/init-bottom ... done.
[    8.073297] systemd[1]: systemd 229 running in system mode. (+PAM +AUDIT +SELINUX +IMA +APPARMOR +SMACK +SYSVINIT +UTMP +LIBCRYPTSETUP +GCRYPT +GNUTLS +ACL +XZ -LZ4 +SECCOMP +BLKID +ELFUTILS +KMOD -IDN)
[    8.095365] systemd[1]: Detected virtualization oracle.
[    8.096716] systemd[1]: Detected architecture x86-64.
[    8.136938] random: nonblocking pool is initialized

Welcome to [1mUbuntu 16.04.5 LTS[0m!

[    8.140387] systemd[1]: Set hostname to <ubuntu>.
[    8.155563] systemd[1]: Initializing machine ID from random generator.
[    8.211845] systemd[1]: Installed transient /etc/machine-id file.
[    8.560366] systemd[1]: Reached target User and Group Name Lookups.
[[0;32m  OK  [0m] Reached target User and Group Name Lookups.
[    9.153369] systemd[1]: Reached target Encrypted Volumes.
[[0;32m  OK  [0m] Reached target Encrypted Volumes.
[    9.156105] systemd[1]: Listening on LVM2 metadata daemon socket.
[[0;32m  OK  [0m] Listening on LVM2 metadata daemon socket.
[    9.166828] systemd[1]: Started Trigger resolvconf update for networkd DNS.
[[0;32m  OK  [0m] Started Trigger resolvconf update for networkd DNS.
[    9.183575] systemd[1]: Set up automount Arbitrary Executable File Formats File System Automount Point.
[[0;32m  OK  [0m] Set up automount Arbitrary Executab...ats File System Automount Point.
[    9.187696] systemd[1]: Listening on LVM2 poll daemon socket.
[[0;32m  OK  [0m] Listening on LVM2 poll daemon socket.
[    9.190397] systemd[1]: Reached target System Time Synchronized.
[[0;32m  OK  [0m] Reached target System Time Synchronized.
[    9.194307] systemd[1]: Listening on udev Control Socket.
[[0;32m  OK  [0m] Listening on udev Control Socket.
[    9.203132] systemd[1]: Listening on Journal Socket (/dev/log).
[[0;32m  OK  [0m] Listening on Journal Socket (/dev/log).
[    9.205826] systemd[1]: Listening on udev Kernel Socket.
[[0;32m  OK  [0m] Listening on udev Kernel Socket.
[    9.208345] systemd[1]: Listening on Device-mapper event daemon FIFOs.
[[0;32m  OK  [0m] Listening on Device-mapper event daemon FIFOs.
[    9.211574] systemd[1]: Created slice System Slice.
[[0;32m  OK  [0m] Created slice System Slice.
[    9.214311] systemd[1]: Created slice system-serial\x2dgetty.slice.
[[0;32m  OK  [0m] Created slice system-serial\x2dgetty.slice.
[    9.217210] systemd[1]: Reached target Swap.
[[0;32m  OK  [0m] Reached target Swap.
[    9.219484] systemd[1]: Listening on Journal Audit Socket.
[[0;32m  OK  [0m] Listening on Journal Audit Socket.
[    9.222046] systemd[1]: Listening on /dev/initctl Compatibility Named Pipe.
[[0;32m  OK  [0m] Listening on /dev/initctl Compatibility Named Pipe.
[    9.305402] systemd[1]: Listening on Syslog Socket.
[[0;32m  OK  [0m] Listening on Syslog Socket.
[    9.308046] systemd[1]: Started Forward Password Requests to Wall Directory Watch.
[[0;32m  OK  [0m] Started Forward Password Requests to Wall Directory Watch.
[    9.312186] systemd[1]: Created slice User and Session Slice.
[[0;32m  OK  [0m] Created slice User and Session Slice.
[    9.315075] systemd[1]: Reached target Slices.
[[0;32m  OK  [0m] Reached target Slices.
[    9.317504] systemd[1]: Listening on Journal Socket.
[[0;32m  OK  [0m] Listening on Journal Socket.
[    9.330913] systemd[1]: Starting Journal Service...
         Starting Journal Service...
[    9.334305] systemd[1]: Mounting Debug File System...
         Mounting Debug File System...
[    9.337858] systemd[1]: Starting Nameserver information manager...
         Starting Nameserver information manager...
[    9.353240] systemd[1]: Mounting POSIX Message Queue File System...
         Mounting POSIX Message Queue File System...
[    9.357351] systemd[1]: Starting Monitoring of LVM2 mirrors, snapshots etc. using dmeventd or progress polling...
         Starting Monitoring of LVM2 mirrors... dmeventd or progress polling...
[    9.363395] systemd[1]: Mounting Huge Pages File System...
         Mounting Huge Pages File System...
[    9.367722] systemd[1]: Starting Remount Root and Kernel File Systems...
         Starting Remount Root and Kernel File Systems...
[    9.373176] systemd[1]: Starting Create list of required static device nodes for the current kernel...
         Starting Create list of required st... nodes for the current kernel...
[    9.390777] systemd[1]: Starting Load Kernel Modules...
         Starting Load Kernel Modules...[    9.393716] EXT4-fs (sda1): re-mounted. Opts: (null)

[    9.396291] systemd[1]: Starting Uncomplicated firewall...
         Starting Uncomplicated firewall...
[    9.401086] systemd[1]: Starting Set console keymap...
         Starting Set console keymap...
[    9.407856] systemd[1]: Mounted POSIX Message Queue File System.
[[0;32m  OK  [0m] Mounted POSIX Message Queue File System.
[    9.413182] systemd[1]: Mounted Debug File System.
[[0;32m  OK  [0m] Mounted Debug File System.
[    9.417737] systemd[1]: Mounted Huge Pages File System.
[[0;32m  OK  [0m] Mounted Huge Pages File System.
[    9.439904] systemd[1]: Started Remount Root and Kernel File Systems.
[    9.441799] Loading iSCSI transport class v2.0-870.
[[0;32m  OK  [0m] Started Remount Root and Kernel File Systems.
[    9.448799] systemd[1]: Started Create list of required static device nodes for the current kernel.
[[0;32m  OK  [0m] Started Create list of required sta...ce nodes for the current kernel.
[    9.454380] systemd[1]: Started Uncomplicated firewall.
[[0;32m  OK  [0m] Started Uncomplicated firewall.
[    9.465671] iscsi: registered transport (tcp)
[    9.482901] systemd[1]: Started Nameserver information manager.
[[0;32m  OK  [0m] Started Nameserver information manager.
[    9.487654] systemd[1]: Started Journal Service.
[[0;32m  OK  [0m] Started Journal Service.
[[0;32m  OK  [0m] Started Set console keymap.
[    9.499832] iscsi: registered transport (iser)
[[0;32m  OK  [0m] Started Load Kernel Modules.
         Starting Apply Kernel Variables...
         Mounting FUSE Control File System...
[[0;32m  OK  [0m] Started LVM2 metadata daemon.
         Starting Create Static Device Nodes in /dev...
         Starting Load/Save Random Seed...
         Starting Flush Journal to Persistent Storage...
         Starting udev Coldplug all Devices...
[[0;32m  OK  [0m] Mounted FUSE Control File System.
[[0;32m  OK  [0m] Started Apply Kernel Variables.
[[0;32m  OK  [0m] Started Load/Save Random Seed.
[[0;32m  OK  [0m] Started Flush Journal to Persistent Storage.
[[0;32m  OK  [0m] Started Create Static Device Nodes in /dev.
         Starting udev Kernel Device Manager...
[[0;32m  OK  [0m] Started Monitoring of LVM2 mirrors,...ng dmeventd or progress polling.
[[0;32m  OK  [0m] Started udev Kernel Device Manager.
[[0;32m  OK  [0m] Reached target Local File Systems (Pre).
[[0;32m  OK  [0m] Reached target Local File Systems.
         Starting Initial cloud-init job (pre-networking)...
         Starting Tell Plymouth To Write Out Runtime Data...
         Starting Set console font and keymap...
         Starting Commit a transient machine-id on disk...
         Starting LSB: AppArmor initialization...
         Starting Create Volatile Files and Directories...
[[0;32m  OK  [0m] Started udev Coldplug all Devices.
[[0;32m  OK  [0m] Started Dispatch Password Requests to Console Directory Watch.
[[0;32m  OK  [0m] Started Tell Plymouth To Write Out Runtime Data.
[[0;32m  OK  [0m] Started Create Volatile Files and Directories.
         Starting Update UTMP about System Boot/Shutdown...
[[0;32m  OK  [0m] Started Commit a transient machine-id on disk.
[[0;32m  OK  [0m] Started Update UTMP about System Boot/Shutdown.
[[0;32m  OK  [0m] Found device /dev/ttyS0.
[[0;32m  OK  [0m] Listening on Load/Save RF Kill Switch Status /dev/rfkill Watch.
[[0;32m  OK  [0m] Started LSB: AppArmor initialization.
[[0;32m  OK  [0m] Started Set console font and keymap.
[[0;32m  OK  [0m] Created slice system-getty.slice.
[   11.464280] cloud-init[475]: Cloud-init v. 18.3-9-g2e62cb8a-0ubuntu1~16.04.2 running 'init-local' at Thu, 01 Nov 2018 23:00:06 +0000. Up 11.03 seconds.
[[0;32m  OK  [0m] Started Initial cloud-init job (pre-networking).
[[0;32m  OK  [0m] Reached target Network (Pre).
         Starting Raise network interfaces...
[[0;32m  OK  [0m] Started Raise network interfaces.
         Starting Initial cloud-init job (metadata service crawler)...
[[0;32m  OK  [0m] Reached target Network.
[   13.563895] cloud-init[969]: Cloud-init v. 18.3-9-g2e62cb8a-0ubuntu1~16.04.2 running 'init' at Thu, 01 Nov 2018 23:00:07 +0000. Up 12.25 seconds.
[   13.570860] cloud-init[969]: ci-info: +++++++++++++++++++++++++++++++++++++++Net device info+++++++++++++++++++++++++++++++++++++++
[   13.573093] cloud-init[969]: ci-info: +---------+-------+----------------------------+---------------+--------+-------------------+
[   13.575307] cloud-init[969]: ci-info: |  Device |   Up  |          Address           |      Mask     | Scope  |     Hw-Address    |
[   13.577804] cloud-init[969]: ci-info: +---------+-------+----------------------------+---------------+--------+-------------------+
[   13.579928] cloud-init[969]: ci-info: | enp0s10 | False |             .              |       .       |   .    | 08:00:27:71:c3:d7 |
[   13.582128] cloud-init[969]: ci-info: |  enp0s3 |  True |         10.0.2.15          | 255.255.255.0 | global | 02:fb:a8:4c:29:d0 |
[   13.584301] cloud-init[969]: ci-info: |  enp0s3 |  True | fe80::fb:a8ff:fe4c:29d0/64 |       .       |  link  | 02:fb:a8:4c:29:d0 |
[   13.586413] cloud-init[969]: ci-info: |  enp0s8 | False |             .              |       .       |   .    | 08:00:27:36:9b:e8 |
[   13.588555] cloud-init[969]: ci-info: |  enp0s9 | False |             .              |       .       |   .    | 08:00:27:f0:fc:ad |
[   13.590755] cloud-init[969]: ci-info: |    lo   |  True |         127.0.0.1          |   255.0.0.0   |  host  |         .         |
[   13.599536] cloud-init[969]: ci-info: |    lo   |  True |          ::1/128           |       .       |  host  |         .         |
[   13.605374] cloud-init[969]: ci-info: +---------+-------+----------------------------+---------------+--------+-------------------+
[   13.609360] cloud-init[969]: ci-info: +++++++++++++++++++++++++++Route IPv4 info++++++++++++++++++++++++++++
[   13.617155] cloud-init[969]: ci-info: +-------+-------------+----------+---------------+-----------+-------+
[   13.621117] cloud-init[969]: ci-info: | Route | Destination | Gateway  |    Genmask    | Interface | Flags |
[   13.623106] cloud-init[969]: ci-info: +-------+-------------+----------+---------------+-----------+-------+
[   13.625102] cloud-init[969]: ci-info: |   0   |   0.0.0.0   | 10.0.2.2 |    0.0.0.0    |   enp0s3  |   UG  |
[   13.627076] cloud-init[969]: ci-info: |   1   |   10.0.2.0  | 0.0.0.0  | 255.255.255.0 |   enp0s3  |   U   |
[   13.629062] cloud-init[969]: ci-info: +-------+-------------+----------+---------------+-----------+-------+
[   13.631029] cloud-init[969]: ci-info: +++++++++++++++++++Route IPv6 info+++++++++++++++++++
[   13.633890] cloud-init[969]: ci-info: +-------+-------------+---------+-----------+-------+
[   13.635689] cloud-init[969]: ci-info: | Route | Destination | Gateway | Interface | Flags |
[   13.637221] cloud-init[969]: ci-info: +-------+-------------+---------+-----------+-------+
[   13.637532] cloud-init[969]: ci-info: |   0   |  fe80::/64  |    ::   |   enp0s3  |   U   |
[   13.637852] cloud-init[969]: ci-info: |   3   |   ff00::/8  |    ::   |   enp0s3  |   U   |
[   13.638180] cloud-init[969]: ci-info: +-------+-------------+---------+-----------+-------+
[   13.638524] cloud-init[969]: Generating public/private rsa key pair.
[   13.638847] cloud-init[969]: Your identification has been saved in /etc/ssh/ssh_host_rsa_key.
[   13.639174] cloud-init[969]: Your public key has been saved in /etc/ssh/ssh_host_rsa_key.pub.
[   13.639501] cloud-init[969]: The key fingerprint is:
[   13.639831] cloud-init[969]: SHA256:TTDdy99Sjaijc0/4i4UWy9FVhwCPi3CV+u21f/yh2lY root@ubuntu-xenial
[   13.640363] cloud-init[969]: The key's randomart image is:
[   13.640676] cloud-init[969]: +---[RSA 2048]----+
[   13.641002] cloud-init[969]: |        o.o+.. .o|
[   13.641328] cloud-init[969]: |         +oo. ...|
[   13.641656] cloud-init[969]: |      . ..o..o...|
[   13.641984] cloud-init[969]: |       o.+ o+.. o|
[   13.642313] cloud-init[969]: |        S.=o.. o |
[   13.642645] cloud-init[969]: |         .+*. +E.|
[   13.642969] cloud-init[969]: |         .*oo..= |
[   13.643315] cloud-init[969]: |        o..=o.o +|
[   13.643644] cloud-init[969]: |         o.o*+ .=|
[   13.643975] cloud-init[969]: +----[SHA256]-----+
[   13.644338] cloud-init[969]: Generating public/private dsa key pair.
[   13.644652] cloud-init[969]: Your identification has been saved in /etc/ssh/ssh_host_dsa_key.
[   13.644986] cloud-init[969]: Your public key has been saved in /etc/ssh/ssh_host_dsa_key.pub.
[   13.645311] cloud-init[969]: The key fingerprint is:
[   13.645639] cloud-init[969]: SHA256:8EAkigL9aeMnYgladS/m6CxThvG3Z+La4P4kXSCJISY root@ubuntu-xenial
[   13.645970] cloud-init[969]: The key's randomart image is:
[   13.646298] cloud-init[969]: +---[DSA 1024]----+
[   13.646629] cloud-init[969]: |Eo. ..o          |
[   13.646959] cloud-init[969]: |+o.+.+.          |
[   13.647291] cloud-init[969]: |o oooo+.         |
[   13.647624] cloud-init[969]: |o o =.o=.        |
[   13.647954] cloud-init[969]: |.o B = .S        |
[   13.648492] cloud-init[969]: |. = B.+.         |
[   13.648780] cloud-init[969]: | . *o+o.         |
[   13.649105] cloud-init[969]: |  o.o=o o        |
[   13.649438] cloud-init[969]: |   +++++         |
[   13.649763] cloud-init[969]: +----[SHA256]-----+
[   13.650092] cloud-init[969]: Generating public/private ecdsa key pair.
[   13.650422] cloud-init[969]: Your identification has been saved in /etc/ssh/ssh_host_ecdsa_key.
[   13.650752] cloud-init[969]: Your public key has been saved in /etc/ssh/ssh_host_ecdsa_key.pub.
[   13.651081] cloud-init[969]: The key fingerprint is:
[   13.651409] cloud-init[969]: SHA256:Me/ebQMxOnyEZUTZMSO11cowHMsK9LeL41Gu57mtOGA root@ubuntu-xenial
[   13.651739] cloud-init[969]: The key's randomart image is:
[   13.652118] cloud-init[969]: +---[ECDSA 256]---+
[   13.652410] cloud-init[969]: |        .  +===.o|
[   13.652738] cloud-init[969]: |       . . .Bo.=.|
[   13.653065] cloud-init[969]: |        + .+++.. |
[   13.653233] cloud-init[969]: |         =.o+.o  |
[   13.653560] cloud-init[969]: |        S.oooo   |
[   13.653885] cloud-init[969]: |        E.++o.   |
[   13.654214] cloud-init[969]: |       . .=oo.   |
[   13.654386] cloud-init[969]: |         o.*.+o  |
[   13.654709] cloud-init[969]: |          =+*+o. |
[   13.655039] cloud-init[969]: +----[SHA256]-----+
[   13.655365] cloud-init[969]: Generating public/private ed25519 key pair.
[   13.655701] cloud-init[969]: Your identification has been saved in /etc/ssh/ssh_host_ed25519_key.
[   13.656085] cloud-init[969]: Your public key has been saved in /etc/ssh/ssh_host_ed25519_key.pub.
[   13.656549] cloud-init[969]: The key fingerprint is:
[   13.656860] cloud-init[969]: SHA256:qjOsUxFa32G1RY6nfVbRYCVyBe+vNyYJ8btpupLZxZQ root@ubuntu-xenial
[   13.657188] cloud-init[969]: The key's randomart image is:
[   13.657517] cloud-init[969]: +--[ED25519 256]--+
[   13.657846] cloud-init[969]: |         ...+ **+|
[   13.658019] cloud-init[969]: |    o   o  = + oo|
[   13.658183] cloud-init[969]: |   o o o .o o . o|
[   13.658388] cloud-init[969]: |  . . . .  = E o |
[   13.658682] cloud-init[969]: |     .  S . * o .|
[   13.659007] cloud-init[969]: |    .  .   . *  .|
[   13.659176] cloud-init[969]: |   o  .   + o o .|
[   13.659498] cloud-init[969]: |  . +.   + . =.+.|
[   13.659672] cloud-init[969]: |  .o.o    .o+o=..|
[   13.659999] cloud-init[969]: +----[SHA256]-----+
[[0;32m  OK  [0m] Started Initial cloud-init job (metadata service crawler).
[[0;32m  OK  [0m] Reached target Cloud-config availability.
[[0;32m  OK  [0m] Reached target Network is Online.
         Starting iSCSI initiator daemon (iscsid)...
[[0;32m  OK  [0m] Reached target System Initialization.
         Starting LXD - unix socket.
[[0;32m  OK  [0m] Started Daily apt download activities.
[[0;32m  OK  [0m] Started Daily apt upgrade and clean activities.
[[0;32m  OK  [0m] Listening on UUID daemon activation socket.
         Starting Socket activation for snappy daemon.
[[0;32m  OK  [0m] Listening on D-Bus System Message Bus Socket.
[[0;32m  OK  [0m] Listening on ACPID Listen Socket.
[[0;32m  OK  [0m] Started ACPI Events Check.
[[0;32m  OK  [0m] Reached target Paths.
[[0;32m  OK  [0m] Started Daily Cleanup of Temporary Directories.
[[0;32m  OK  [0m] Reached target Timers.
[[0;32m  OK  [0m] Listening on LXD - unix socket.
[[0;32m  OK  [0m] Listening on Socket activation for snappy daemon.
[[0;32m  OK  [0m] Reached target Sockets.
[[0;32m  OK  [0m] Reached target Basic System.
         Starting Login Service...
         Starting LSB: Record successful boot for GRUB...
[[0;32m  OK  [0m] Started D-Bus System Message Bus.
[[0;32m  OK  [0m] Started Deferred execution scheduler.
[[0;32m  OK  [0m] Started Unattended Upgrades Shutdown.
         Starting /etc/rc.local Compatibility...
[[0;32m  OK  [0m] Started FUSE filesystem for LXC.
         Starting System Logging Service...
         Starting LSB: MD monitoring daemon...
         Starting Accounts Service...
         Starting Pollinate to seed the pseudo random number generator...
[[0;32m  OK  [0m] Started Regular background program processing daemon.
         Starting Snappy daemon...
         Starting Virtualbox guest utils...
[[0;32m  OK  [0m] Started ACPI event daemon.
         Starting LXD - container startup/shutdown...
[[0;32m  OK  [0m] Started /etc/rc.local Compatibility.
[[0;32m  OK  [0m] Started Login Service.
[[0;32m  OK  [0m] Started LSB: Record successful boot for GRUB.
[[0;32m  OK  [0m] Started iSCSI initiator daemon (iscsid).
         Starting Login to default iSCSI targets...
[[0;32m  OK  [0m] Started Login to default iSCSI targets.
[[0;32m  OK  [0m] Reached target Remote File Systems (Pre).
[[0;32m  OK  [0m] Reached target Remote File Systems.
         Starting LSB: daemon to balance interrupts for SMP systems...
         Starting LSB: Set the CPU Frequency Scaling governor to "ondemand"...
         Starting LSB: automatic crash report generation...
         Starting Permit User Sessions...
[[0;32m  OK  [0m] Started LSB: MD monitoring daemon.
[[0;32m  OK  [0m] Started LSB: Set the CPU Frequency Scaling governor to "ondemand".
[[0;32m  OK  [0m] Started System Logging Service.
[[0;32m  OK  [0m] Started Permit User Sessions.
         Starting Terminate Plymouth Boot Screen...
         Starting Hold until boot process finishes up...
[[0;32m  OK  [0m] Started Hold until boot process finishes up.
[[0;32m  OK  [0m] Started Terminate Plymouth Boot Screen.
         Starting Set console scheme...
[[0;32m  OK  [0m] Started Getty on tty1.
[[0;32m  OK  [0m] Started Serial Getty on ttyS0.
[[0;32m  OK  [0m] Reached target Login Prompts.
[[0;32m  OK  [0m] Started LSB: daemon to balance interrupts for SMP systems.
[[0;32m  OK  [0m] Started LSB: automatic crash report generation.
[[0;32m  OK  [0m] Started Set console scheme.
[[0;32m  OK  [0m] Started Virtualbox guest utils.
         Starting Authenticate and Authorize Users to Run Privileged Tasks...
[[0;32m  OK  [0m] Started Authenticate and Authorize Users to Run Privileged Tasks.
[[0;32m  OK  [0m] Started Accounts Service.
[[0;32m  OK  [0m] Started LXD - container startup/shutdown.
[[0;32m  OK  [0m] Started Snappy daemon.
         Starting Wait until snapd is fully seeded...
[[0;32m  OK  [0m] Started Pollinate to seed the pseudo random number generator.
         Starting OpenBSD Secure Shell server...
[[0;32m  OK  [0m] Started OpenBSD Secure Shell server.
[[0;32m  OK  [0m] Created slice User Slice of vagrant.
         Starting User Manager for UID 1000...
[[0;32m  OK  [0m] Started Session 1 of user vagrant.
[[0;32m  OK  [0m] Started User Manager for UID 1000.

Ubuntu 16.04.5 LTS ubuntu-xenial ttyS0

ubuntu-xenial login: [   20.877867] cloud-init[1469]: Generating locales (this might take a while)...
[   21.976766] cloud-init[1469]:   en_US.UTF-8... done
[   21.977456] cloud-init[1469]: Generation complete.
[   22.624358] cloud-init[1469]: Cloud-init v. 18.3-9-g2e62cb8a-0ubuntu1~16.04.2 running 'modules:config' at Thu, 01 Nov 2018 23:00:16 +0000. Up 20.66 seconds.
ci-info: no authorized ssh keys fingerprints found for user ubuntu.
<14>Nov  1 23:00:18 ec2: 
<14>Nov  1 23:00:18 ec2: #############################################################
<14>Nov  1 23:00:18 ec2: -----BEGIN SSH HOST KEY FINGERPRINTS-----
<14>Nov  1 23:00:18 ec2: 1024 SHA256:8EAkigL9aeMnYgladS/m6CxThvG3Z+La4P4kXSCJISY root@ubuntu-xenial (DSA)
<14>Nov  1 23:00:18 ec2: 256 SHA256:Me/ebQMxOnyEZUTZMSO11cowHMsK9LeL41Gu57mtOGA root@ubuntu-xenial (ECDSA)
<14>Nov  1 23:00:18 ec2: 256 SHA256:qjOsUxFa32G1RY6nfVbRYCVyBe+vNyYJ8btpupLZxZQ root@ubuntu-xenial (ED25519)
<14>Nov  1 23:00:18 ec2: 2048 SHA256:TTDdy99Sjaijc0/4i4UWy9FVhwCPi3CV+u21f/yh2lY root@ubuntu-xenial (RSA)
<14>Nov  1 23:00:18 ec2: -----END SSH HOST KEY FINGERPRINTS-----
<14>Nov  1 23:00:18 ec2: #############################################################
-----BEGIN SSH HOST KEY KEYS-----
ecdsa-sha2-nistp256 AAAAE2VjZHNhLXNoYTItbmlzdHAyNTYAAAAIbmlzdHAyNTYAAABBBGPVE5fEiw8Q6FM/vYIgm+h8B9aGXC0g3KUvwARmFIuWvmA0M7evmctgsoVWK9Ub5zXE3/uV4QZHj6TWpsJPFNg= root@ubuntu-xenial
ssh-ed25519 AAAAC3NzaC1lZDI1NTE5AAAAIGM2KOY3Ns9netixHdPKfDkkUdUWQsLIk6zzZZFKOOJZ root@ubuntu-xenial
ssh-rsa AAAAB3NzaC1yc2EAAAADAQABAAABAQCmfYKdc9SUWpfBcX7PkVCY+t+khhoCGft4DVdA1nixPrGn7qykz0wF7fu5D6Gocp67WXAMTiQRWhxn0FTSYTek9xv0+28V92ZtmVjPhUKLKSzBtpqUPFP0ZWR7QYSFQDg7wfiDaR+vg93n/s+QMPzbQOmWc84DRwT9F2LsS+reb1duOV3hMu79TOK4d6eXkJCd/WUnTKhYnD7ZX5IPsA6OmMrTPrNYMobDwzcvljHtRk71ivMPC92q4z9QhG5WPHE0UnnvNpF4PNM8ch4yqCnhOoGfdzL0lmM6RNlcHw5FEcSzzOgZLqMvbGZo7mrUm5di1B9IcXXNRmCAc4quGd0/ root@ubuntu-xenial
-----END SSH HOST KEY KEYS-----
[   23.192311] cloud-init[1584]: Cloud-init v. 18.3-9-g2e62cb8a-0ubuntu1~16.04.2 running 'modules:final' at Thu, 01 Nov 2018 23:00:18 +0000. Up 22.97 seconds.
[   23.192548] cloud-init[1584]: ci-info: no authorized ssh keys fingerprints found for user ubuntu.
[   23.192714] cloud-init[1584]: Cloud-init v. 18.3-9-g2e62cb8a-0ubuntu1~16.04.2 finished at Thu, 01 Nov 2018 23:00:18 +0000. Datasource DataSourceNoCloud [seed=/dev/sdb][dsmode=net].  Up 23.18 seconds
