[    0.000000] Initializing cgroup subsys cpuset
[    0.000000] Initializing cgroup subsys cpu
[    0.000000] Initializing cgroup subsys cpuacct
[    0.000000] Linux version 4.4.0-133-generic (buildd@lgw01-amd64-029) (gcc version 5.4.0 20160609 (Ubuntu 5.4.0-6ubuntu1~16.04.10) ) #159-Ubuntu SMP Fri Aug 10 07:31:43 UTC 2018 (Ubuntu 4.4.0-133.159-generic 4.4.134)
[    0.000000] Command line: BOOT_IMAGE=/boot/vmlinuz-4.4.0-133-generic root=LABEL=cloudimg-rootfs ro console=tty1 console=ttyS0
[    0.000000] KERNEL supported cpus:
[    0.000000]   Intel GenuineIntel
[    0.000000]   AMD AuthenticAMD
[  0000000]  Cntr CeauHaus[    .000] x86/fpu: xstate_offset[2]: 5, stat_szes[2]:  256
[    0.000000] x86fpu:uporing XSAVE eare 0x01: x8 fating oit egistrs
   0.0000x86/pu Sporting XAV fture0x: 'SSE registers'
[    0.000000] x86/fpu: Supporting XSAVE feature 0x04: 'AVX regisers'
[  0000000] x86fp Eable xate atre 0x7, cntt izeis32bytes, using 'standard' format.
[    0.000000] x86/fpu: Using 'eager' FPU context switches.
[    0.000000] e820: BIOS-provided physical RAM map:
[    0.000000] BIOS-e820: [mem 0x0000000000000000-0x000000000009fbff] usable
[    0.000000] BIOS-e820: [mem 0x000000000009fc00-0x000000000009ffff] reserved
[    0.000000] BIOS-e820: [mem 0x00000000000f0000-0x00000000000fffff] reserved
[    0.000000] BIOS-e820: [mem 0x0000000000100000-0x000000003ffeffff] usable
[    0.000000] BIOS-e820: [mem 0x000000003fff0000-0x000000003fffffff] ACPI data
[    0.000000] BIOS-e820: [mem 0x00000000fec00000-0x00000000fec00fff] reserved
[    0.000000] BIOS-e820: [mem 0x00000000fee00000-0x00000000fee00fff] reserved
[    0.000000] BIOS-e820: [mem 0x00000000fffc0000-0x00000000ffffffff] reserved
[    0.000000] NX (Execute Disable) protection: active
[  0.000000] SMBIOS 2.5 present.
[    0.000000] Hypervisor detected: KVM
[    0.000000] e820: last_pfn = 0x3fff0 max_arch_pfn = 0x400000000
[    0.000000] MTRR: Diabled
[    0.000000] x86/PAT: MTRRs disabled, skipping PAT iniitialization too.
[    0.000000] CPU MTRRs all blank - virtualized system.
[    0.000000] x86/PAT: Configuration [0-7]: WB  WT  UC- UC  WB  WT  UC- UC  
[    0.000000] found SMP MP-table at [mem 0x0009fff0-0x0009ffff] mapped at [ffff88000009fff0]
[    0.000000] Scanning 1 areas for low memory corruption
[    0.000] RAMDISK: [mem 0x3630c000-0x3717dfff]
[    0.000000] ACPI: Early table checksum verification disabled
[    0.000000] ACPI: RS 00000000000E0000024 v0 VX  )[   0.000] API XSDT 0x0000000FF0030 00C v01 VBOX  OXSDT 00001 ASL 000061)
[  0.000000] ACPI: FACP 0x000000003FFF00F0 0000F4 (v04 VBOX   VBOXFAP 0000001 ASL  00000061)
[    0.000000] ACPI: DSDT 0x000000003FFF0470 001F (v02 VBOX   VBOXBIOS 00000002 INTL 20100528)
[    0.000000] ACPI: FACS 0x000000003FFF0200 000040
[    0.000000] ACPI: FACS 0x000000003FFF0200 000040
[    0.000000] ACPI: APIC 0x000000003FFF0240 00005C (v02 VBOX   VBOXAPIC 00000001 ASL  00000061)
[    0.000000] ACPI: SSDT 0x000000003FFF02A0 0001CC (v01 VBOX   VBOXCPUT 00000002 INTL 20100528)
[    0.000000] No NUMA configuration found

[    0.000000] Faking a node at [mem 0x0000000000000000-0x000000003ffeffff]
[    0.000000] NODE_DATA(0) allocated [mem 0x3ffeb000-0x3ffeffff]
[    0.000000] kvm-clock: Using msrs 4b564d01 and 4b564d00
[    0.000000] kvm-clock: cpu 0, msr 0:3ffe3001, primary cpu clock
[    0.00000] kvm-clock: using sched offset of 4680616330 cycles
[    0.000000] clocksource: kvm-clock: mask: 0xffffffffffffffff max_cycle: x1cd2effb, m_ilens: 88159091483 s
[    0.000000] Zoe ranges:
[    0.000000]   DMA      [mem 0x0000000000001000-0x0000000000ffffff]
[    0.000000]   DMA32    [mem 0x0000000001000000-0x000000003ffeffff]
[    0.000000]   Nrmal   empty
[    0.000000]   Device   empty
[    0.000000] Movable zone start for each node
[    0.000000] Early memory node ranges
[    0.000000]   node   0: [mem 0x0000000000001000-0x000000000009efff]
[    0.000000]   node   0: [mem 0x0000000000100000-0x000000003ffeffff]
[    0.000000] Initmem setup node 0 [mem 0x0000000000001000-0x000000003ffeffff]
[    0.000000] ACPI: PM-Timer IO Port: 0x4008
[    0.000000] IOAPIC[0]: apic_id 2, version 32, address 0xfec00000, GSI 0-23
[    0.000000] ACPI: INT_SRC_OVR (bus 0 bus_irq 0 global_irq 2 dfl dfl)
[    0.000000] ACPI: INT_SRC_OVR (bus 0 bus_irq 9 global_irq 9 ow level)
[    0.000000] Using ACPI (MADT) for SMP configuration information
[    0.000000] smpboot: Allowing 2 CPUs, 0 hotplug CPUs
[    0.000000] PM: Registered nosave memory: [mem 0x00000000-0x00000fff]
[    0.000000] PM: Registered nosave memory: [mem 0x0009f000-0x0009ffff]
[    0.000000] PM: Registered nosave memory: [mem 0x000a0000-0x000effff]
[    0.000000] PM: Registered nosave memory: [mem 0x000f0000-0x000fffff]
[    0.000000] e820: [mem 0x40000000-0xfebfffff] available for PCI devices
[    0.000000] Booing paavrtalize knel onVM
[   0.000] lockure: rfid-iffis:ask: 0xfffff m_cycles: ffffff, max_idle_n: 4519600158 ns[   0.000000] setup_percpu: NR_CPUS:512 nr_cpumask_bits:512 nr_cpu_is: n_node_ids:1
[    0.0000 PRCPUEmdded 34 pages/cpu @ffff800fc00000 s9544 r92d352810576
[  000000] PV qspinlock hash table entries: 256 (order: 0, 4096 bytes)
[    0.000000] Built 1 zonelists in Node order, mobility grouping on.  Total pages: 257912
[    0.000000] Policy zone: DMA32
[    0.000000] Kernel command line: BOOT_IMAGE=/boot/vmlinuz-4.4.0-133-generic root=LABEL=cloudimg-rootfs ro console=tty1 console=ttyS0
[    0.000000] PID hash table entries: 4096 (order: 3, 32768 yts)
[    0.00000] moy: 99121048120K avaiable (8550K kernel cod, 314K wda,4004K rodata, 52K nit, 31 bs,048K reserve 0cma-esrv)
[    .000] SLUB: HWaig=6 Order=3,MinObjects=0, CPUs=2, Nodes=1
[    0.000000] Kernel/User page tables isolation: enabled
[    0.000000] Hierarchical RCU implementation.
[    0.000000] 	Build-time adjustment of leaf fanout to 64.
[    0.000000] 	RCU restricting CPUs from NR_CPUS=512 to nr_cpu_ids=2.
[    0.000000] RCU: Adjusting geometry for rcu_fanout_leaf=64, nr_cpu_ids=2
[    0.000000] NR_IRQS:33024 nr_irqs:440 16
[    0.000000] Console: colour VGA+ 80x25
[    0.000000] console [tty1] enabled
[    0.000000] console [ttyS0] enabled
[    0.000000] tsc: Detected 2194.918 MHz processor
[    4.215081] Calibrating delay loop (skipped) preset value.. 4389.83 BogoMIPS (lpj=8779672)
[    4.216721] pid_max: default: 32768 minimum: 301
[    4.217656] ACPI: Core revision 20150930
[    4.219461] ACPI: 2 ACPI AML tables succesfuly cquired and loaded
[    4.283052] Security Framework initialized
[    4.313186] Yama: becoming mindful.
[    4.368756] AppArmor: AppArmor initialized
[    4.424766] Dentry cache hash table entries: 131072 (order: 8, 1048576 bytes)
[    4.482985] Inode-cache hash table entries: 65536 (order: 7, 524288 bytes)
[    4.520553] Mount-cache hash table entries: 2048 (order: 2, 16384 bytes)
[    4.606105] Mountpoint-cache hash table entries: 2048 (order: 2, 16384 bytes)
[    4.696046] Initializing cgroup subsys io
[    4.739862] Initializing cgroup subsys memory
[    4.791534] Initializing cgroup subsys devices
[    4.857939] Initializing cgroup subsys freezer
[    4.940140] Initializing cgroup subsys net_cls
[    4.995570] Initializing cgroup subsys perf_event
[    5.043409] Initializing cgroup subsys net_prio
[    5.089352] Initializing cgroup subsys hugetlb
[    5.151802] Initializing cgroup subsys pids
[    5.211320] mce: CPU supports 0 MCE banks
[    5.249526] Last level iTLB entries: 4KB 1024, 2MB 1024, 4MB 1024
[    5.271598] Last level dTLB entries: 4KB 1024, 2MB 1024, 4MB 1024, 1GB 4
[    5.283998] Spectre V2 : Mitigation: Full generic retpoline
[    5.314045] Spectre V2 : Speculation control IBPB not-supported IBRS not-supported
[    5.319215] Speculative Store Bypass: Vulnerable
[    5.323949] Freeing SMP alternatives memory: 32K
[    5.391165] ftrace: allocating 32262 entries in 127 pages
[    5.448348] smpboot: APIC(0) Converting physical 0 to logical package 0
[    5.514132] smpboot: Max logical packages: 1
[    5.515238] x2apic enabled
[    5.562049] Switched APIC routing to physical x2apic.
[    5.605096] ..TIMER: vector=0x30 apic1=0 pin1=2 apic2=-1 pin2=-1
[    5.735313] smpboot: CPU0: Intel(R) Core(TM) i7-4702MQ CPU @ 2.20GHz (family: 0x6, model: 0x3c, stepping: 0x3)
[    5.870361] Performance Events: unsupported p6 CPU model 60 no PMU driver, software events only.
[    5.980917] KVM setup paravirtual spinlock
[    6.024328] x86: Booting SMP configuration:
[    6.076357] .... node  #0, CPUs:      #1
[    6.120174] kvm-clock: cpu 1, msr 0:3ffe3041, secondary cpu clock
[    6.121826] mce: CPU supports 0 MCE banks
[    6.124346] x86: Booted up 1 node, 2 CPUs
[    6.166388] smpboot: Total of 2 processors activated (8779.67 BogoMIPS)
[    6.233100] devtmpfs: initialized
[    6.268011] evm: security.selinux
[    6.310684] evm: security.SMACK64
[    6.341898] evm: security.SMACK64EXEC
[    6.383064] evm: security.SMACK64TRANSMUTE
[    6.383919] evm: security.SMACK64MMAP
[    6.414294] evm: security.ima
[    6.414959] evm: security.capability
[    6.415946] clocksource: jiffies: mask: 0xffffffff max_cycles: 0xffffffff, max_idle_ns: 7645041785100000 ns
[    6.417850] futex hash table entries: 512 (order: 3, 32768 bytes)
[    6.419432] pinctrl core: initialized pinctrl subsystem
[    6.422264] RTC time: 16:40:38, date: 11/02/18
[    6.425711] NET: Registered protocol family 16
[    6.464610] cpuidle: using governor ladder
[    6.476329] cpuidle: using governor menu
[    6.522597] PCCT header not found.
[    6.566522] ACPI: bus type PCI registered
[    6.627026] acpiphp: ACPI Hot Plug PCI Controller Driver version: 0.5
[    6.675486] PCI: Using configuration type 1 for base access
[    6.686999] ACPI: Added _OSI(Module Device)
[    6.736413] ACPI: Added _OSI(Processor Device)
[    6.739806] ACPI: Added _OSI(3.0 _SCP Extensions)
[    6.740656] ACPI: Added _OSI(Processor Aggregator Device)
[    6.742356] ACPI: Executed 1 blocks of module-level executable AML code
[    6.780428] ACPI: Interpreter enabled
[    6.800931] ACPI: (supports S0 S5)
[    6.818765] ACPI: Using IOAPIC for interrupt routing
[    6.839186] PCI: Using host bridge windows from ACPI; if necessary, use "pci=nocrs" and report a bug
[    6.936588] ACPI: PCI Root Bridge [PCI0] (domain 0000 [bus 00-ff])
[    6.965356] acpi PNP0A03:00: _OSC: OS supports [ASPM ClockPM Segments MSI]
[    6.967587] acpi PNP0A03:00: _OSC: not requesting OS control; OS requires [ExtendedConfig ASPM ClockPM MSI]
[    6.969323] acpi PNP0A03:00: fail to add MMCONFIG information, can't access extended PCI configuration space under this bridge.
[    7.068110] PCI host bridge to bus 0000:00
[    7.107460] pci_bus 0000:00: root bus resource [io  0x0000-0x0cf7 window]
[    7.145069] pci_bus 0000:00: root bus resource [io  0x0d00-0xffff window]
[    7.186576] pci_bus 0000:00: root bus resource [mem 0x000a0000-0x000bffff window]
[    7.217635] pci_bus 0000:00: root bus resource [mem 0x40000000-0xfdffffff window]
[    7.219092] pci_bus 0000:00: root bus resource [bus 00-ff]
[    7.240067] pci 0000:00:01.1: legacy IDE quirk: reg 0x10: [io  0x01f0-0x01f7]
[    7.308650] pci 0000:00:01.1: legacy IDE quirk: reg 0x14: [io  0x03f6]
[    7.402355] pci 0000:00:01.1: legacy IDE quirk: reg 0x18: [io  0x0170-0x0177]
[    7.424902] pci 0000:00:01.1: legacy IDE quirk: reg 0x1c: [io  0x0376]
[    7.474259] pci 0000:00:07.0: quirk: [io  0x4000-0x403f] claimed by PIIX4 ACPI
[    7.485301] pci 0000:00:07.0: quirk: [io  0x4100-0x410f] claimed by PIIX4 SMB
[    7.551054] ACPI: PCI Interrupt Link [LNKA] (IRQs 5 9 10 *11)
[    7.599782] ACPI: PCI Interrupt Link [LNKB] (IRQs 5 9 *10 11)
[    7.621123] ACPI: PCI Interrupt Link [LNKC] (IRQs 5 *9 10 11)
[    7.622647] ACPI: PCI Interrupt Link [LNKD] (IRQs 5 9 10 *11)
[    7.624190] ACPI: Enabled 2 GPEs in block 00 to 07
[    7.651689] vgaarb: setting as boot device: PCI:0000:00:02.0
[    7.705030] vgaarb: device added: PCI:0000:00:02.0,decodes=io+mem,owns=io+mem,locks=none
[    7.741873] vgaarb: loaded
[    7.742452] vgaarb: bridge control possible 0000:00:02.0
[    7.743782] SCSI subsystem initialized
[    7.744707] ACPI: bus type USB registered
[    7.745543] usbcore: registered new interface driver usbfs
[    7.746568] usbcore: registered new interface driver hub
[    7.747547] usbcore: registered new device driver usb
[    7.752478] PCI: Using ACPI for IRQ routing
[    7.784691] NetLabel: Initializing
[    7.810383] NetLabel:  domain hash size = 128
[    7.861261] NetLabel:  protocols = UNLABELED CIPSOv4
[    7.919788] NetLabel:  unlabeled traffic allowed by default
[    7.957232] amd_nb: Cannot enumerate AMD northbridges
[    8.030173] clocksource: Switched to clocksource kvm-clock
[    8140]pprmr: AppArmor Filesystm naed
[   .477 pp:Pn AI ni
[    8.744682] npPn AI:fod  dvis
[    9.069183] clocksource: acpi_pm: mask: 0xffffff max_cycles: 0xffffff, max_idle_ns: 2085701024 ns
[    9.111309] NET: Registered protocol family 2
[    9.112403] TCP established hash table entries: 8192 (order: 4, 65536 bytes)
[    9.114656] TCP bind hash table entries: 8192 (order: 5, 131072 bytes)
[    9.150436] TCP: Hash tables configured (established 8192 bind 8192)
[    9.162252] UDP hash table entries: 512 (order: 2, 16384 bytes)
[    9.171447] UDP-Lite hash table entries: 512 (order: 2, 16384 bytes)
[    9.227533] NET: Registered protocol family 1
[    9.249638] pci 0000:00:00.0: Limiting direct PCI/PCI transfers
[    9.291591] pci 0000:00:01.0: Activating ISA DMA hang workarounds
[    9.359138] Unpacking initramfs...
[    9.677103] Freeing initrd memory: 14792K
[    9.678103] RAPL PMU detected, API unit is 2^-32 Joules, 4 fixed counters 10737418240 ms ovfl timer
[    9.716584] hw unit of domain pp0-core 2^-0 Joules
[    9.745749] hw unit of domain package 2^-0 Joules
[    9.746692] hw unit of domain dram 2^-0 Joules
[    9.783561] hw unit of domain pp1-gpu 2^-0 Joules
[    9.824654] platform rtc_cmos: registered platform RTC device (no PNP device found)
[    9.946931] Scanning for low memory corruption every 60 seconds
[   10.003804] audit: initializing netlink subsys (disabled)
[   10.052176] audit: type=2000 audit(1541176840.013:1): initialized
[   10.123698] Initialise system trusted keyring
[   10.161713] HugeTLB registered 2 MB page size, pre-allocated 0 pages
[   10.251658] zbud: loaded
[   10.289681] VFS Dskuoasdqut_.60  0.59304] VFS: Dquot-cache hash table entries: 512 (order 0, 4096 bytes)
[   10.673524] squashfs: version 4.0 (2009/01/31) Phillip Lougher

[   10.674994] fuse init (API version 7.23)
[   10.676000] Key type big_key registered
[   10.676800] Allocating IMA MOK and blacklist keyrings.
[   10.678983] Key type asymmetric registered
[   10.679895] Asymmetric key parser 'x509' registered
[   10.680896] Block layer SCSI generic (bsg) driver version 0.4 loaded (major 249)
[   10.682903] io scheduler noop registered
[   10.683782] io scheduler deadline registered (default)
[   10.684762] io scheduler cfq registered
[   10.685739] pci_hotplug: PCI Hot Plug PCI Core version: 0.5
[   10.687892] pciehp: PCI Express Hot Plug Controller Driver version: 0.4
[   10.689207] ACPI: AC Adapter [AC] (on-line)
[   10.690089] input: Power Button as /devices/LNXSYSTM:00/LNXPWRBN:00/input/input0
[   10.691585] ACPI: Power Button [PWRF]
[   10.692469] input: Sleep Button as /devices/LNXSYSTM:00/LNXSLPBN:00/input/input1
[   10.694274] ACPI: Sleep Button [SLPF]
[   10.706621] GHES: HEST is not enabled!
[   10.707352] ACPI: Battery Slot [BAT0] (battery present)
[   10.712769] Serial: 8250/16550 driver, 32 ports, IRQ sharing enabled
[   10.737685] 00:02: ttyS0 at I/O 0x3f8 (irq = 4, base_baud = 115200) is a 16550A
[   10.743632] Linux agpgart interface v0.103
[   10.746779] loop: module loaded
[   10.755812] scsi host0: ata_piix
[   10.776698] sci os1:ata_piix
  0.22] sc: Refined TSC clocksource calibration: 2194.471 MHz
[   0.22211] clocksource: tsc: mask: 0xffffffffffffffff max_cycles: 0x1fa1cbcce8d, max_idle_ns: 440795238310 ns
[   11.174205] ata1: PATA max UDMA/33 cmd 0x1f0 ctl 0x3f6 bmdma 0xd000 irq 4
[   11.198024] ata2: PATA max UDMA/33 cmd 0x170 ctl 0x376 bmdma 0xd008 irq 15

[   11.199484] lihy Fixed DIO Bus: probed
[  13560 tun: Universal TUN/TAP dvie iv, 6
[   11.7146]tun: (C) 1999-2004 Max Krasnyansky <maxk@qualcomm.com>
[   11.870301] PPP generic driver version 2.4.2
[   11.931749] ehci_hcd: USB 2.0 'Enhanced' Host Controller (EHCI) Driver
[   11.996022] ehci-pci: EHCI PCI platform driver
[   .0976]eh-pator: EHCI generc atordrve
[   125080 ocicd UB 1 Open' Host Controlle (HC) rier
[ 126431 ohci-ci OCICIlafom driver
[   .394 ocilafo: OHCI gneicplfo dve
[   13.845209 ui_hcd: USB Univeral Host Controller Interface driver
[   13.943659] i8042: PNP: PS/2 Controller[PP003PSK,NP03PSM]atx6,064 ir1,2
[  1.49280] serio:i842KB prtt 600x iq 1
[   14.80016]er: 80 A prtat0x,04 q 2
[   15.292319] mousedev: PS/2 mouse device common for all mice
[   15.353221] rtc_cmos rtc_cmos: rtc core: registered rtc_cmos as rtc0
[   15.422042] input: AT Translated Set 2 keyboard as /devices/platform/i8042/serio0/input/input2
[   15.509277] rtc_cmos rtc_cmos: alarms up to one day, 114 bytes nvram
[   15.570476] i2c /dev entries driver
[   15.594883] device-mapper: uevent: version 1.0.3
[   15.597206] device-mapper: ioctl: 4.34.0-ioctl (2015-10-28) initialised: dm-devel@redhat.com
[   15.617309] ledtrig-cpu: registered to indicate activity on CPUs
[   15.686279] NET: Registered protocol family 10
[   15.746391] NET: Registered protocol family 17
[   15.755193] Key type dns_resolver registered
[   15.756307] registered taskstats version 1
[   15.757174] Loading compiled-in X.509 certificates
[   15.758748] Loaded X.509 cert 'Build time autogenerated kernel key: 2bd7eec8ea2fedbeeda78e0b663eb647cf617c40'
[   15.760568] zswap: loaded using pool lzo/zbud
[   15.763217] Key type trusted registered
[   15.766911] Key type encrypted registered
[   15.767766] AppArmor: AppArmor sha1 policy hashing enabled
[   15.781597] ima: No TPM chip found, activating TPM-bypass!
[   15.791634] ima: Allocated hash algorithm: sha1
[   15.792466] evm: HMAC attrs: 0x1
[   15.800403]   Magic number: 10:11:691
[   15.830242] rtc_cmos rtc_cmos: setting system clock to 2018-11-02 16:40:47 UTC (1541176847)
[   15.872994] BIOS EDD facility v0.16 2004-Jun-25, 0 devices found
[   15.927220] EDD information not available.
[   15.975048] Freeing unused kernel memory: 1528K
[   16.014219] Write protecting the kernel read-only data: 14336k
[   16.089249] Freeing unused kernel memory: 1676K
[   16.091742] Freeing unused kernel memory: 92K
Loading, please wait...
starting version 229
[   16.118182] random: systemd-udevd: uninitialized urandom read (16 bytes read, 4 bits of entropy available)
[   16.118892] random: udevadm: uninitialized urandom read (16 bytes read, 4 bits of entropy available)
[   16.118911] random: udevadm: uninitialized urandom read (16 bytes read, 4 bits of entropy available)
[   16.126535] random: udevadm: uninitialized urandom read (16 bytes read, 4 bits of entropy available)
[   16.126575] random: udevadm: uninitialized urandom read (16 bytes read, 4 bits of entropy available)
[   16.126697] random: udevadm: uninitialized urandom read (16 bytes read, 4 bits of entropy available)
[   16.126741] random: udevadm: uninitialized urandom read (16 bytes read, 4 bits of entropy available)
[   16.126787] random: udevadm: uninitialized urandom read (16 bytes read, 4 bits of entropy available)
[   16.126830] random: udevadm: uninitialized urandom read (16 bytes read, 4 bits of entropy available)
[   16.126871] random: udevadm: uninitialized urandom read (16 bytes read, 4 bits of entropy available)
[   16.417189] e1000: Intel(R) PRO/1000 Network Driver - version 7.3.21-k8-NAPI
[   16.456028] e1000: Copyright (c) 1999-2006 Intel Corporation.
[   16.480207] Fusion MPT base driver 3.04.20
[   16.548660] Copyright (c) 1999-2008 LSI Corporation
[   16.605358] Fusion MPT SPI Host driver 3.04.20
[   16.640720] AVX2 version of gcm_enc/dec engaged.
[   16.680448] AES CTR mode by8 optimization enabled
[   16.835022] input: ImExPS/2 Generic Explorer Mouse as /devices/platform/i8042/serio1/input/input4
[   17.014192] e1000 0000:00:03.0 eth0: (PCI:33MHz:32-bit) 02:00:84:9a:cf:24
[   17.073065] e1000 0000:00:03.0 eth0: Intel(R) PRO/1000 Network Connection
[   17.137204] mptbase: ioc0: Initiating bringup
[   17.392155] ioc0: LSI53C1030 A0: Capabilities={Initiator}
[   18.815253] scsi host2: ioc0: LSI53C1030 A0, FwRev=00000000h, Ports=1, MaxQ=256, IRQ=20
[   19.675981] scsi 2:0:0:0: Direct-Access     VBOX     HARDDISK         1.0  PQ: 0 ANSI: 5
[   19.732182] scsi target2:0:0: Beginning Domain Validation
[   19.762461] scsi target2:0:0: Domain Validation skipping write tests
[   19.797459] scsi target2:0:0: Ending Domain Validation
[   19.808304] scsi target2:0:0: asynchronous
[   19.838895] scsi 2:0:1:0: Direct-Access     VBOX     HARDDISK         1.0  PQ: 0 ANSI: 5
[   19.903101] scsi target2:0:1: Beginning Domain Validation
[   19.930313] scsi target2:0:1: Domain Validation skipping write tests
[   19.949708] scsi target2:0:1: Ending Domain Validation
[   19.950824] scsi target2:0:1: asynchronous
[   19.971016] sd 2:0:0:0: Attached scsi generic sg0 type 0
[   19.973585] sd 2:0:0:0: [sda] 20971520 512-byte logical blocks: (10.7 GB/10.0 GiB)
[   19.982132] sd 2:0:0:0: [sda] Write Protect is off
[   19.986489] sd 2:0:0:0: [sda] Incomplete mode parameter data
[   19.986490] sd 2:0:0:0: [sda] Assuming drive cache: write through
[   20.035013]  sda: sda1
[   20.035786] sd 2:0:0:0: [sda] Attached SCSI disk
[   20.043998] e1000 0000:00:08.0 eth1: (PCI:33MHz:32-bit) 08:00:27:43:4e:9a
[   20.044001] e1000 0000:00:08.0 eth1: Intel(R) PRO/1000 Network Connection
[   20.164690] sd 2:0:1:0: Attached scsi generic sg1 type 0
[   20.165015] sd 2:0:1:0: [sdb] 20480 512-byte logical blocks: (10.5 MB/10.0 MiB)
[   20.165154] sd 2:0:1:0: [sdb] Write Protect is off
[   20.165240] sd 2:0:1:0: [sdb] Incomplete mode parameter data
[   20.165241] sd 2:0:1:0: [sdb] Assuming drive cache: write through
[   20.222240] sd 2:0:1:0: [sdb] Attached SCSI disk
[   20.402571] e1000 0000:00:09.0 eth2: (PCI:33MHz:32-bit) 08:00:27:c8:64:3d
[   20.422713] e1000 0000:00:09.0 eth2: Intel(R) PRO/1000 Network Connection
[   20.842564] e1000 0000:00:0a.0 eth3: (PCI:33MHz:32-bit) 08:00:27:ad:ba:a3
[   20.900354] e1000 0000:00:0a.0 eth3: Intel(R) PRO/1000 Network Connection
[   20.969411] e1000 0000:00:09.0 enp0s9: renamed from eth2
[   21.038573] e1000 0000:00:0a.0 enp0s10: renamed from eth3
[   21.135337] e1000 0000:00:08.0 enp0s8: renamed from eth1
[   21.154736] e1000 0000:00:03.0 enp0s3: renamed from eth0
Begin: Loading essential drivers ... [   22.505696] md: linear personality registered for level -1
[   22.517810] md: multipath personality registered for level -4
[   22.522672] md: raid0 personality registered for level 0
[   22.531007] md: raid1 personality registered for level 1
[   22.603030] raid6: sse2x1   gen()  8633 MB/s
[   22.710416] raid6: sse2x1   xor()  7046 MB/s
[   22.811005] raid6: sse2x2   gen() 11616 MB/s
[   22.942816] raid6: sse2x2   xor()  7842 MB/s
[   23.066813] raid6: sse2x4   gen() 13622 MB/s
[   23.166384] raid6: sse2x4   xor()  6880 MB/s
[   23.282537] raid6: avx2x1   gen() 17972 MB/s
[   23.350917] raid6: avx2x2   gen() 20839 MB/s
[   23.462225] raid6: avx2x4   gen() 22734 MB/s
[   23.486316] raid6: using algorithm avx2x4 gen() 22734 MB/s
[   23.542015] raid6: using avx2x2 recovery algorithm
[   23.588247] xor: automatically using best checksumming function:
[   23.638425]    avx       : 26692.000 MB/sec
[   23.642334] async_tx: api initialized (async)
[   23.653329] md: raid6 personality registered for level 6
[   23.654415] md: raid5 personality registered for level 5
[   23.655436] md: raid4 personality registered for level 4
[   23.668576] md: raid10 personality registered for level 10
done.
Begin: Running /scripts/init-premount ... done.
Begin: Mounti[   23.774032] Btrfs loaded
ng root file system ... Begin: Running /scripts/local-top ... done.
Begin: Running /scripts/local-premount ... Scanning for Btrfs filesystems
done.
Warning: fsck not present, so sk[   23.944961] EXT4-fs (sda1): mounted filesystem with ordered data mode. Opts: (null)
ipping root file system
done.
Begin: Running /scripts/local-bottom ... done.
Begin: Running /scripts/init-bottom ... done.
[   24.614864] systemd[1]: systemd 229 running in system mode. (+PAM +AUDIT +SELINUX +IMA +APPARMOR +SMACK +SYSVINIT +UTMP +LIBCRYPTSETUP +GCRYPT +GNUTLS +ACL +XZ -LZ4 +SECCOMP +BLKID +ELFUTILS +KMOD -IDN)
[   24.772528] systemd[1]: Detected virtualization oracle.
[   24.818605] systemd[1]: Detected architecture x86-64.
[   24.898976] random: nonblocking pool is initialized

Welcome to [1mUbuntu 16.04.5 LTS[0m!

[   25.006097] systemd[1]: Set hostname to <ubuntu>.
[   25.126222] systemd[1]: Initializing machine ID from random generator.
[   25.199570] systemd[1]: Installed transient /etc/machine-id file.
[   26.243503] systemd[1]: Listening on Device-mapper event daemon FIFOs.
[[0;32m  OK  [0m] Listening on Device-mapper event daemon FIFOs.
[   26.245825] systemd[1]: Listening on Syslog Socket.
[[0;32m  OK  [0m] Listening on Syslog Socket.
[   26.247675] systemd[1]: Listening on LVM2 metadata daemon socket.
[[0;32m  OK  [0m] Listening on LVM2 metadata daemon socket.
[   26.346595] systemd[1]: Reached target Encrypted Volumes.
[[0;32m  OK  [0m] Reached target Encrypted Volumes.
[   26.486361] systemd[1]: Reached target Swap.
[[0;32m  OK  [0m] Reached target Swap.
[   26.591220] systemd[1]: Created slice System Slice.
[[0;32m  OK  [0m] Created slice System Slice.
[   26.693560] systemd[1]: Listening on udev Control Socket.
[[0;32m  OK  [0m] Listening on udev Control Socket.
[   26.795098] systemd[1]: Listening on LVM2 poll daemon socket.
[[0;32m  OK  [0m] Listening on LVM2 poll daemon socket.
[   26.851364] systemd[1]: Set up automount Arbitrary Executable File Formats File System Automount Point.
[[0;32m  OK  [0m] Set up automount Arbitrary Executab...ats File System Automount Point.
[   26.854665] systemd[1]: Reached target System Time Synchronized.
[[0;32m  OK  [0m] Reached target System Time Synchronized.
[   26.857097] systemd[1]: Created slice system-serial\x2dgetty.slice.
[[0;32m  OK  [0m] Created slice system-serial\x2dgetty.slice.
[   26.859499] systemd[1]: Listening on Journal Socket.
[[0;32m  OK  [0m] Listening on Journal Socket.
[   26.874932] systemd[1]: Mounting Debug File System...
         Mounting Debug File System...
[   27.007057] systemd[1]: Starting Load Kernel Modules...
         Startin[   27.067340] Loading iSCSI transport class v2.0-870.
g Load Kernel Modules...
[   27.104872] iscsi: registered transport (tcp)
[   27.182769] systemd[1]: Starting Remount Root and Kernel File Systems...
         Startin[   27.226636] EXT4-fs (sda1): re-mounted. Opts: (null)
g Remount Root and Kernel File Systems...
[   27.245182] systemd[1]: Starting Monitoring of LVM2 mirrors, snapshots etc. using dmeventd or progress polling...
         Starting Monitoring of LVM2 mirrors... dmeventd or progress polling...
[   27.290310] systemd[1]: Mounting POSIX Message Queue File System...
         Mounting POSIX Message [   27.314073] iscsi: registered transport (iser)
Queue File System...
[   27.394574] systemd[1]: Starting Create list of required static device nodes for the current kernel...
         Starting Create list of required st... nodes for the current kernel...
[   27.410034] systemd[1]: Starting Set console keymap...
         Starting Set console keymap...
[   27.433904] systemd[1]: Listening on udev Kernel Socket.
[[0;32m  OK  [0m] Listening on udev Kernel Socket.
[   27.474710] systemd[1]: Listening on Journal Socket (/dev/log).
[[0;32m  OK  [0m] Listening on Journal Socket (/dev/log).
[   27.562644] systemd[1]: Starting Nameserver information manager...
         Starting Nameserver information manager...
[   27.694663] systemd[1]: Started Trigger resolvconf update for networkd DNS.
[[0;32m  OK  [0m] Started Trigger resolvconf update for networkd DNS.
[   27.773480] systemd[1]: Listening on Journal Audit Socket.
[[0;32m  OK  [0m] Listening on Journal Audit Socket.
[   27.786386] systemd[1]: Starting Journal Service...
         Starting Journal Service...
[   27.871329] systemd[1]: Listening on /dev/initctl Compatibility Named Pipe.
[[0;32m  OK  [0m] Listening on /dev/initctl Compatibility Named Pipe.
[   27.962967] systemd[1]: Mounting Huge Pages File System...
         Mounting Huge Pages File System...
[   28.063087] systemd[1]: Created slice User and Session Slice.
[[0;32m  OK  [0m] Created slice User and Session Slice.
[   28.170603] systemd[1]: Reached target Slices.
[[0;32m  OK  [0m] Reached target Slices.
[   28.258479] systemd[1]: Reached target User and Group Name Lookups.
[[0;32m  OK  [0m] Reached target User and Group Name Lookups.
[   28.374734] systemd[1]: Starting Uncomplicated firewall...
         Starting Uncomplicated firewall...
[   28.423681] systemd[1]: Started Forward Password Requests to Wall Directory Watch.
[[0;32m  OK  [0m] Started Forward Password Requests to Wall Directory Watch.
[   28.635330] systemd[1]: Mounted POSIX Message Queue File System.
[[0;32m  OK  [0m] Mounted POSIX Message Queue File System.
[   28.715561] systemd[1]: Mounted Huge Pages File System.
[[0;32m  OK  [0m] Mounted Huge Pages File System.
[   28.775046] systemd[1]: Mounted Debug File System.
[[0;32m  OK  [0m] Mounted Debug File System.
[   28.779240] systemd[1]: Started Journal Service.
[[0;32m  OK  [0m] Started Journal Service.
[[0;32m  OK  [0m] Started Load Kernel Modules.
[[0;32m  OK  [0m] Started Remount Root and Kernel File Systems.
[[0;32m  OK  [0m] Started Create list of required sta...ce nodes for the current kernel.
[[0;32m  OK  [0m] Started Set console keymap.
[[0;32m  OK  [0m] Started Uncomplicated firewall.
[[0;32m  OK  [0m] Started Nameserver information manager.
[[0;32m  OK  [0m] Started LVM2 metadata daemon.
         Starting Create Static Device Nodes in /dev...
         Starting udev Coldplug all Devices...
         Starting Load/Save Random Seed...
         Starting Apply Kernel Variables...
         Mounting FUSE Control File System...
         Starting Flush Journal to Persistent Storage...
[[0;32m  OK  [0m] Mounted FUSE Control File System.
[[0;32m  OK  [0m] Started Create Static Device Nodes in /dev.
[[0;32m  OK  [0m] Started Load/Save Random Seed.
[[0;32m  OK  [0m] Started Apply Kernel Variables.
[[0;32m  OK  [0m] Started udev Coldplug all Devices.
[[0;32m  OK  [0m] Started Monitoring of LVM2 mirrors,...ng dmeventd or progress polling.
         Starting udev Kernel Device Manager...
[[0;32m  OK  [0m] Started Flush Journal to Persistent Storage.
[[0;32m  OK  [0m] Started udev Kernel Device Manager.
[[0;32m  OK  [0m] Reached target Local File Systems (Pre).
[[0;32m  OK  [0m] Reached target Local File Systems.
         Starting Set console font and keymap...
         Starting Tell Plymouth To Write Out Runtime Data...
         Starting Commit a transient machine-id on disk...
         Starting LSB: AppArmor initialization...
         Starting Initial cloud-init job (pre-networking)...
         Starting Create Volatile Files and Directories...
[[0;32m  OK  [0m] Started Dispatch Password Requests to Console Directory Watch.
[[0;32m  OK  [0m] Started Commit a transient machine-id on disk.
[[0;32m  OK  [0m] Found device /dev/ttyS0.
[[0;32m  OK  [0m] Started Tell Plymouth To Write Out Runtime Data.
[[0;32m  OK  [0m] Listening on Load/Save RF Kill Switch Status /dev/rfkill Watch.
[[0;32m  OK  [0m] Started Create Volatile Files and Directories.
         Starting Update UTMP about System Boot/Shutdown...
[[0;32m  OK  [0m] Started Update UTMP about System Boot/Shutdown.
[[0;32m  OK  [0m] Started Set console font and keymap.
[[0;32m  OK  [0m] Created slice system-getty.slice.
[[0;32m  OK  [0m] Started LSB: AppArmor initialization.
[   29.746767] cloud-init[486]: Cloud-init v. 18.3-9-g2e62cb8a-0ubuntu1~16.04.2 running 'init-local' at Fri, 02 Nov 2018 16:41:08 +0000. Up 29.08 seconds.
[[0;32m  OK  [0m] Started Initial cloud-init job (pre-networking).
[[0;32m  OK  [0m] Reached target Network (Pre).
         Starting Raise network interfaces...
[[0;32m  OK  [0m] Started Raise network interfaces.
[[0;32m  OK  [0m] Reached target Network.
         Starting Initial cloud-init job (metadata service crawler)...
[   32.340143] cloud-init[968]: Cloud-init v. 18.3-9-g2e62cb8a-0ubuntu1~16.04.2 running 'init' at Fri, 02 Nov 2018 16:41:09 +0000. Up 30.75 seconds.
[   32.377117] cloud-init[968]: ci-info: +++++++++++++++++++++++++++++++++++++Net device info++++++++++++++++++++++++++++++++++++++
[   32.379094] cloud-init[968]: ci-info: +---------+-------+-------------------------+---------------+--------+-------------------+
[   32.381112] cloud-init[968]: ci-info: |  Device |   Up  |         Address         |      Mask     | Scope  |     Hw-Address    |
[   32.383058] cloud-init[968]: ci-info: +---------+-------+-------------------------+---------------+--------+-------------------+
[   32.384982] cloud-init[968]: ci-info: | enp0s10 | False |            .            |       .       |   .    | 08:00:27:ad:ba:a3 |
[   32.387099] cloud-init[968]: ci-info: |  enp0s3 |  True |        10.0.2.15        | 255.255.255.0 | global | 02:00:84:9a:cf:24 |
[   32.389305] cloud-init[968]: ci-info: |  enp0s3 |  True | fe80::84ff:fe9a:cf24/64 |       .       |  link  | 02:00:84:9a:cf:24 |
[   32.391226] cloud-init[968]: ci-info: |  enp0s8 | False |            .            |       .       |   .    | 08:00:27:43:4e:9a |
[   32.422440] cloud-init[968]: ci-info: |  enp0s9 | False |            .            |       .       |   .    | 08:00:27:c8:64:3d |
[   32.422677] cloud-init[968]: ci-info: |    lo   |  True |        127.0.0.1        |   255.0.0.0   |  host  |         .         |
[   32.423382] cloud-init[968]: ci-info: |    lo   |  True |         ::1/128         |       .       |  host  |         .         |
[   32.423506] cloud-init[968]: ci-info: +---------+-------+-------------------------+---------------+--------+-------------------+
[   32.423697] cloud-init[968]: ci-info: +++++++++++++++++++++++++++Route IPv4 info++++++++++++++++++++++++++++
[   32.423923] cloud-init[968]: ci-info: +-------+-------------+----------+---------------+-----------+-------+
[   32.424308] cloud-init[968]: ci-info: | Route | Destination | Gateway  |    Genmask    | Interface | Flags |
[   32.424480] cloud-init[968]: ci-info: +-------+-------------+----------+---------------+-----------+-------+
[   32.424673] cloud-init[968]: ci-info: |   0   |   0.0.0.0   | 10.0.2.2 |    0.0.0.0    |   enp0s3  |   UG  |
[   32.424911] cloud-init[968]: ci-info: |   1   |   10.0.2.0  | 0.0.0.0  | 255.255.255.0 |   enp0s3  |   U   |
[   32.425106] cloud-init[968]: ci-info: +-------+-------------+----------+---------------+-----------+-------+
[   32.425297] cloud-init[968]: ci-info: +++++++++++++++++++Route IPv6 info+++++++++++++++++++
[[0;32m  OK  [0m] Started Initial cloud-init job (metadata service crawler).
[   32.425564] cloud-init[968]: ci-info: +-------+-------------+---------+-----------+-------+
[   33.764510] cloud-init[968]: ci-info: | Route | Destination | Gateway | Interface | Flags |
[   33.764746] cloud-init[968]: ci-info: +-------+-------------+---------+-----------+-------+
[[0;32m  OK  [0m] Reached target Cloud-config availability.
[[   33.765047] cloud-init[968]: ci-info: |   0   |  fe80::/64  |    ::   |   enp0s3  |   U   |
[   34.321122] cloud-init[968]: ci-info: |   3   |   ff00::/8  |    ::   |   enp0s3  |   U   |
[0;32m  OK  [0m] Reached target Network is Online.
[   34.321244] cloud-init[968]: ci-info: +-------+-------------+---------+-----------+-------+
[   34.446091] cloud-init[968]: Generating public/private rsa key pair.
[   34.473350] cloud-init[968]: Your identification has been saved in /etc/ssh/ssh_host_rsa_key.
[   34.473632] cloud-init[968]: Your public key has been saved in /etc/ssh/ssh_host_rsa_key.pub.
         Starting iSCSI initiator daemon (iscsid)...
[[   34.473829] cloud-init[968]: The key fingerprint is:
[   34.506916] cloud-init[968]: SHA256:+SOco+mj72oVTFfI0xElYGWNr47VVl7iH4FADOTPJ/s root@ubuntu-xenial
[   34.507083] cloud-init[968]: The key's randomart image is:
[   34.507442] cloud-init[968]: +---[RSA 2048]----+
[   34.507627] cloud-init[968]: |       .+O@B.    |
[   34.507781] cloud-init[968]: |      ..*.o+.    |
[   34.507950] cloud-init[968]: |     o . o .. .  |
[   34.508297] cloud-init[968]: |      o  .o ..o..|
[   34.508450] cloud-init[968]: |       .S  * = o.|
[   34.508607] cloud-init[968]: |      .. oo * o. |
[   34.508785] cloud-init[968]: |     .  =+oo   ..|
[   34.508946] cloud-init[968]: |    . .o.o...   .|
[   34.509509] cloud-init[968]: |   .o**.     E   |
[   34.509579] cloud-init[968]: +----[SHA256]-----+
[   34.509644] cloud-init[968]: Generating public/private dsa key pair.
[   34.509703] cloud-init[968]: Your identification has been saved in /etc/ssh/ssh_host_dsa_key.
[   34.509763] cloud-init[968]: Your public key has been saved in /etc/ssh/ssh_host_dsa_key.pub.
[   34.509820] cloud-init[968]: The key fingerprint is:
[   34.509884] cloud-init[968]: SHA256:g3BRwAlttm4DfvSPAuT7W3kK74Fb2H+Z/5NprqF8Pa8 root@ubuntu-xenial
[   34.509946] cloud-init[968]: The key's randomart image is:
[   34.510006] cloud-init[968]: +---[DSA 1024]----+
[0;32m  OK  [0m] Reached target System Initialization.
[   34.510197] cloud-init[968]: |    .+o+.        |
[   34.714725] cloud-init[968]: |      *.         |
[   34.714842] cloud-init[968]: |    .o..         |
[[0;32m  OK  [0m] Started Daily Cleanup of Temporary Directories.
[   34.715028] cloud-init[968]: |    ooo.         |
[   34.796482] cloud-init[968]: |   + +..S        |
[   34.796763] cloud-init[968]: |    + =+.o       |
[   34.796943] cloud-init[968]: |     =+.*o.  +. o|
[   34.797111] cloud-init[968]: |    . .*.=o =..B |
[   34.797304] cloud-init[968]: |     .+++ .+.oE+*|
[   34.797475] cloud-init[968]: +----[SHA256]-----+
[   34.797809] cloud-init[968]: Generating public/private ecdsa key pair.
[   34.798004] cloud-init[968]: Your identification has been saved in /etc/ssh/ssh_host_ecdsa_key.
[   34.798218] cloud-init[968]: Your public key has been saved in /etc/ssh/ssh_host_ecdsa_key.pub.
[   34.798437] cloud-init[968]: The key fingerprint is:
         Starting LXD - unix socket.
[[   34.798595] cloud-init[968]: SHA256:WWPZQd03hbKk/7VsCtfEjAPRfDjps6Xq165WofevpXs root@ubuntu-xenial
[   34.993239] cloud-init[0;32m  OK  [0m[968]: ] The key's randomart image is:Listening on ACPID Listen Socket.

[[   34.993525] cloud-init[968]: +---[ECDSA 256]---+
[   35.113338] cloud-init[968]: |           o=.ooo|
[0;32m  OK  [0m] Listening on D-Bus System Message Bus Socket.
[[   35.113466] cloud-init[968]: |           o+Booo|
[   35.159192] cloud-init[968]: |          =+ooo o|
[   35.159319] cloud-init[968]: |         +..oo+o |
[   35.159913] cloud-init[968]: |        S  . o*+.|
[0;32m  OK  [0m] Listening on UUID daemon activation socket.
[   35.160230] cloud-init[968]: |            .++o.|
[   35.248678] cloud-init[968]: |           ..o=o+|
[   35.249808] cloud-init[968]: |           .oo.BE|
[   35.250831] cloud-init[968]: |          ..ooO=o|
[   35.251153] cloud-init[968]: +----[SHA256]-----+
[[0;32m  OK  [0m] Started ACPI Events Check.
[[   35.251614] cloud-init[968]: Generating public/private ed25519 key pair.
[   35.311507] cloud-init[968]: Your identification has been saved in /etc/ssh/ssh_host_ed25519_key.
[0;32m  OK  [0m] Reached target Paths.
[[   35.311607] cloud-init[968]: Your public key has been saved in /etc/ssh/ssh_host_ed25519_key.pub.
[   35.319318] cloud-init[968]: The key fingerprint is:
[   35.319452] cloud-init[968]: SHA256:J2DdS2g9xt7spV5nIcNx8L+cx9bApm1Uuy1tWrXePIU root@ubuntu-xenial
[   35.319627] cloud-init[968]: The key's randomart image is:
[   35.319773] cloud-init[968]: +--[ED25519 256]--+
[0;32m  OK  [0m] [   35.319965] Started Daily apt download activities.cloud-init
[968]: |             .   |
[   35.327117] cloud-init[968]: |       . =    o  |
[   35.327457] cloud-init[968]: |      o + B  . o.|
[   35.327673] cloud-init[968]: |     . o + =..o.o|
[   35.327814] cloud-init[968]: |        S + o+*+o|
[   35.328300] cloud-init[968]: |         o . BE+@|
[[0;32m  OK  [0m] Started Daily apt upgrade and clean activities.
         [   35.328975] cloud-init[968]: |            + =*&|
[   35.397847] cloud-init[968]: |           . o.@o|
Starting Socket activation for snappy daemon.
[   35.398023] cloud-init[968]: |            . ..+|
[   35.453492] cloud-init[968]: +----[SHA256]-----+
[[0;32m  OK  [0m] Reached target Timers.
[[0;32m  OK  [0m] Listening on LXD - unix socket.
[[0;32m  OK  [0m] Listening on Socket activation for snappy daemon.
[[0;32m  OK  [0m] Reached target Sockets.
[[0;32m  OK  [0m] Reached target Basic System.
[[0;32m  OK  [0m] Started FUSE filesystem for LXC.
         Starting LSB: Record successful boot for GRUB...
         Starting System Logging Service...
         Starting LSB: MD monitoring daemon...
[[0;32m  OK  [0m] Started Deferred execution scheduler.
[[0;32m  OK  [0m] Started ACPI event daemon.
[[0;32m  OK  [0m] Started Regular background program processing daemon.
         Starting /etc/rc.local Compatibility...
         Starting Pollinate to seed the pseudo random number generator...
         Starting Snappy daemon...
         Starting Virtualbox guest utils...
[[0;32m  OK  [0m] Started D-Bus System Message Bus.
[[0;32m  OK  [0m] Started Unattended Upgrades Shutdown.
         Starting Accounts Service...
         Starting Login Service...
         Starting LXD - container startup/shutdown...
[[0;32m  OK  [0m] Started System Logging Service.
[[0;32m  OK  [0m] Started iSCSI initiator daemon (iscsid).
[[0;32m  OK  [0m] Started /etc/rc.local Compatibility.
         Starting Login to default iSCSI targets...
[[0;32m  OK  [0m] Started LSB: MD monitoring daemon.
[[0;32m  OK  [0m] Started Login Service.
[[0;32m  OK  [0m] Started LSB: Record successful boot for GRUB.
[[0;32m  OK  [0m] Started Login to default iSCSI targets.
[[0;32m  OK  [0m] Reached target Remote File Systems (Pre).
[[0;32m  OK  [0m] Reached target Remote File Systems.
         Starting Permit User Sessions...
         Starting LSB: Set the CPU Frequency Scaling governor to "ondemand"...
         Starting LSB: automatic crash report generation...
         Starting LSB: daemon to balance interrupts for SMP systems...
[[0;32m  OK  [0m] Started Permit User Sessions.
         Starting Hold until boot process finishes up...
         Starting Terminate Plymouth Boot Screen...
[[0;32m  OK  [0m] Started LSB: Set the CPU Frequency Scaling governor to "ondemand".
[[0;32m  OK  [0m] Started Hold until boot process finishes up.
[[0;32m  OK  [0m] Started Terminate Plymouth Boot Screen.
[[0;32m  OK  [0m] Started Getty on tty1.
         Starting Set console scheme...
[[0;32m  OK  [0m] Started Serial Getty on ttyS0.
[[0;32m  OK  [0m] Reached target Login Prompts.
[[0;32m  OK  [0m] Started LSB: daemon to balance interrupts for SMP systems.
[[0;32m  OK  [0m] Started Set console scheme.
[[0;32m  OK  [0m] Started LSB: automatic crash report generation.
[[0;32m  OK  [0m] Started Virtualbox guest utils.
         Starting Authenticate and Authorize Users to Run Privileged Tasks...
[[0;32m  OK  [0m] Started Snappy daemon.
         Starting Wait until snapd is fully seeded...
[[0;32m  OK  [0m] Started Authenticate and Authorize Users to Run Privileged Tasks.
[[0;32m  OK  [0m] Started Accounts Service.
[[0;32m  OK  [0m] Started Pollinate to seed the pseudo random number generator.
         Starting OpenBSD Secure Shell server...
[[0;32m  OK  [0m] Started OpenBSD Secure Shell server.
[[0;32m  OK  [0m] Started LXD - container startup/shutdown.
[[0;32m  OK  [0m] Created slice User Slice of vagrant.
         Starting User Manager for UID 1000...
[[0;32m  OK  [0m] Started Session 1 of user vagrant.
[[0;32m  OK  [0m] Started User Manager for UID 1000.

Ubuntu 16.04.5 LTS ubuntu-xenial ttyS0

ubuntu-xenial login: [   45.479628] cloud-init[1470]: Generating locales (this might take a while)...
[   46.701634] cloud-init[1470]:   en_US.UTF-8... done
[   46.702554] cloud-init[1470]: Generation complete.
[   65.800982] cloud-init[1470]: Cloud-init v. 18.3-9-g2e62cb8a-0ubuntu1~16.04.2 running 'modules:config' at Fri, 02 Nov 2018 16:41:22 +0000. Up 43.45 seconds.
ci-info: no authorized ssh keys fingerprints found for user ubuntu.
<14>Nov  2 16:41:45 ec2: 
<14>Nov  2 16:41:45 ec2: #############################################################
<14>Nov  2 16:41:45 ec2: -----BEGIN SSH HOST KEY FINGERPRINTS-----
<14>Nov  2 16:41:45 ec2: 1024 SHA256:g3BRwAlttm4DfvSPAuT7W3kK74Fb2H+Z/5NprqF8Pa8 root@ubuntu-xenial (DSA)
<14>Nov  2 16:41:45 ec2: 256 SHA256:WWPZQd03hbKk/7VsCtfEjAPRfDjps6Xq165WofevpXs root@ubuntu-xenial (ECDSA)
<14>Nov  2 16:41:45 ec2: 256 SHA256:J2DdS2g9xt7spV5nIcNx8L+cx9bApm1Uuy1tWrXePIU root@ubuntu-xenial (ED25519)
<14>Nov  2 16:41:45 ec2: 2048 SHA256:+SOco+mj72oVTFfI0xElYGWNr47VVl7iH4FADOTPJ/s root@ubuntu-xenial (RSA)
<14>Nov  2 16:41:45 ec2: -----END SSH HOST KEY FINGERPRINTS-----
<14>Nov  2 16:41:45 ec2: #############################################################
-----BEGIN SSH HOST KEY KEYS-----
ecdsa-sha2-nistp256 AAAAE2VjZHNhLXNoYTItbmlzdHAyNTYAAAAIbmlzdHAyNTYAAABBBAaU2aW0sJDD3xSs6DDEUtTEH73Cz9jRhR0HmAoJPOobmiKQYR7Emsz0eLaCWRnxksUckZpWPhHWEfxl12kIz9c= root@ubuntu-xenial
ssh-ed25519 AAAAC3NzaC1lZDI1NTE5AAAAICV/RIPukCDCoZc5u6Iy9+GIUFQ7W/ZHaMShXpQ3TM1H root@ubuntu-xenial
ssh-rsa AAAAB3NzaC1yc2EAAAADAQABAAABAQDA1TMxJzHDKcJIN4sFYTSNIuNfQwVWGU+bUk8dGFC1Ox1vc8fGxtJ7R4o/Kv5ptqS55MyK0IP8F9Idy+G0aiKXcJPl9qp0EqCpA09rgiPuz+nEe7GChDl40eMI+7D60EtrAeFpVRF7/3PD28EAyNzLMkSy7z7bK8C9LNZERzc9ma/0YpOriB5pGeWcsSeHb40x0vPNkDk1PeGCTmH3pPgl0NyxlNX+rKsVpSBnEf/hQL7PMe14CxLBgKiQcqN2Uz0WNgs1eEdy09r2BZ3j5N9Zf/i/5UAYZISn5R6JQURwFUNoeweqITLy/GuK978CqsERo+1tAWZaUAgKPxavu9V/ root@ubuntu-xenial
-----END SSH HOST KEY KEYS-----
[   66.403907] cloud-init[1772]: Cloud-init v. 18.3-9-g2e62cb8a-0ubuntu1~16.04.2 running 'modules:final' at Fri, 02 Nov 2018 16:41:45 +0000. Up 66.13 seconds.
[   66.404089] cloud-init[1772]: ci-info: no authorized ssh keys fingerprints found for user ubuntu.
[   66.404197] cloud-init[1772]: Cloud-init v. 18.3-9-g2e62cb8a-0ubuntu1~16.04.2 finished at Fri, 02 Nov 2018 16:41:45 +0000. Datasource DataSourceNoCloud [seed=/dev/sdb][dsmode=net].  Up 66.39 seconds
