[    0.000000] Initializing cgroup subsys cpuset
[    0.000000] Initializing cgroup subsys cpu
[    0.000000] Initializing cgroup subsys cpuacct
[    0.000000] Linux version 4.4.0-134-generic (buildd@lgw01-amd64-033) (gcc version 5.4.0 20160609 (Ubuntu 5.4.0-6ubuntu1~16.04.10) ) #160-Ubuntu SMP Wed Aug 15 14:58:00 UTC 2018 (Ubuntu 4.4.0-134.160-generic 4.4.140)
[    0.000000] Command line: BOOT_IMAGE=/boot/vmlinuz-4.4.0-134-generic root=LABEL=cloudimg-rootfs ro console=tty1 console=ttyS0
    00.000000] KERNEL supported cpus:
[    0.000000   Intel GenineItel
[    0.000000]   AMD AuthnticAMD
[    0.000000   Centaur CentaurHauls
[    0.000000] x86/fpu: xstate_offset[2]:  576, xstate_sizes[2]:  256
[    0.000000] x86/fpu: uppoting XSVE feature 0x01: 'x87 floating point registers'
[    0.000000] x86/fpu: Spporting XAVE feature 0x02: 'SSE registers'
[    0.000000] x86/fpu: Suppoting XSAVE  feature 0x04: 'AVX registers'
[    0.000000] x86/fpu: Enabled xstate features 0x7, context size is 832 bytes, using 'standard' format.
[    0.000000] e820: BIOS-provided physical RAM map:
[    0.000000] BIOS-e820: [mem 0x0000000000000000-0x000000000009fbff] usable
[    0.000000] BIOS-e820: [mem 0x000000000009fc00-0x000000000009ffff] reserved
[    0.000000] BIOS-e820: [mem 0x00000000000f0000-0x00000000000fffff] reserved
[    0.000000] BIOS-e820: [mem 0x0000000000100000-0x000000003ffeffff] usable
[    0.000000] BIOS-e820: [mem 0x000000003fff0000-0x000000003fffffff] ACPI data
[    0.000000] BIOS-e820: [mem 0x00000000fec00000-0x00000000fec00fff] reserved
[    0.000000] BIOS-e820: [mem 0x00000000fee00000-0x00000000fee00fff] reserved
[    0.000000] BIOS-e820: [mem 0x00000000fffc0000-0x00000000ffffffff] reserved
[    0.000000] NX (Execute Disable) protection: active
[    0.000000] SMBIOS 2.5 present.
[    0.000000] Hypervisor detected: KVM
[    0.000000] e820: last_pfn = 0x3fff0 max_arch_pfn = 0x400000000
[    0.000000] MTRR: Disabled
[    0.000000] x86/PAT: MTRRs disabled, skipping PAT initialization too.
[    0.000000] CPU MTRRs all blank - virtualized system.
[    0.000000] x86/PAT: Configuration [0-7]: WB  WT  UC- UC  WB  WT  UC- UC  
[    0.000000] found SMP MP-table at [mem 0x0009fff0-0x0009ffff] mapped at [ffff88000009fff0]
[    0.000000] Scanning 1 areas for low memory corruption
[    0.000000] RAMDISK: [mem 0x3630c000-0x3717dfff]
[    0.000000] ACPI: Early table checksum verification disabled
[    0.000000] ACPI: RSDP 0x00000000000E0000 000024 (v02 VBOX  )
[    0.000000] ACPI: XSDT 0x000000003FFF0030 00003C (v01 VBOX   VBOXXSDT 00000001 ASL  00000061)
[    0.000000] ACPI: FACP 0x000000003FFF00F0 0000F4 (v04 VBOX   VBOXFACP 00000001 ASL  00000061)
[    0.000000] ACPI: DSDT 0x000000003FFF0470 0021FF (v02 VBOX   VBOXBIOS 00000002 INTL 20100528)
[    0.000000] ACPI: FACS 0x000000003FFF0200 000040
[    0.000000] ACPI: FACS 0x000000003FFF0200 000040
[    0.000000] ACPI: APIC 0x000000003FFF0240 00005C (v02 VBOX   VBOXAPIC 00000001 ASL  00000061)
[    0.000000] ACPI: SSDT 0x000000003FFF02A0 0001CC (v01 VBOX   VBOXCPUT 00000002 INTL 20100528)
[    0.000000] No NUMA configuration found
[    0.000000] Faking a node at [mem 0x0000000000000000-0x000000003ffeffff]
[    0.000000] NODE_DATA(0) allocated [mem 0x3ffeb000-0x3ffeffff]
[    0.000000] kvm-clock: Using msrs 4b564d01 and 4b564d00
[    0.000000] kvm-clock: cpu 0, msr 0:3ffe3001, primary cpu clock
[    0.000000] kvm-clock: using sched offset of 5778547184 cycles
[    0.000000] clocksource: kvm-clock: mask: 0xffffffffffffffff max_cycles: 0x1cd42e4dffb, max_idle_ns: 881590591483 ns
[    0.000000] Zone ranges:
[    0.000000]   DMA      [mem 0x0000000000001000-0x0000000000ffffff]
[    0.000000]   DMA32    [mem 0x0000000001000000-0x000000003ffeffff]
[    0.000000]   Normal   empty
[    0.000000]   Device   empty
[    0.000000] Movable zone start for each node
[    0.000000] Early memory node ranges
[    0.000000]   node   0: [mem 0x0000000000001000-0x000000000009efff]
[    0.000000]   node   0: [mem 0x0000000000100000-0x000000003ffeffff]
[    0.000000] Initmem setup node 0 [mem 0x0000000000001000-0x000000003ffeffff]
[    0.000000] ACPI: PM-Timer IO Port: 0x4008
[    0.000000] IOAPIC[0]: apic_id 2, version 32, address 0xfec00000, GSI 0-23
[    0.000000] ACPI: INT_SRC_OVR (bus 0 bus_irq 0 global_irq 2 dfl dfl)
[    0.000000] ACPI: INT_SRC_OVR (bus 0 bus_irq 9 global_irq 9 low level)
[    0.000000] Using ACPI (MADT) for SMP configuration information
[    0.000000] smpboot: Allowing 2 CPUs, 0 hotplug CPUs
[    0.000000] PM: Registered nosave memory: [mem 0x00000000-0x00000fff]
[    0.000000] PM: Registered nosave memory: [mem 0x0009f000-0x0009ffff]
[    0.000000] PM: Registered nosave memory: [mem 0x000a00000x000effff]
[    0.000000] PM: Registered noave memory: [mem 0x000f0000-0x000fffff]
[    0.000000] e820: [mem 0x40000000-0xfebfffff] available for PCI devices
[    0.000000] Booting paravirtualized kernel on KVM
[    0.000000] clocksource: refined-jiffies: mask: 0xffffffff max_cycles: 0xffffffff, max_idle_ns: 7645519600211568 ns
[    0.000000] setup_percpu: NR_CPUS:512 n_cpumask_bts:512 nr_cpu_ids:2 nr_node_ids:1
[    0.000000] PERCPU: Embedded 34 pages/cpu @fff88003fc00000 s99544 r8192 d31528 u1048576
[    0.000000] PV qspinlock has table entries: 256 (order: 0, 4096 bytes)
[    0.000000] Built 1 zonelists in Node order, mobility grouping on.  Total pages: 257912
[    0.000000] Policy zone: DMA32
[    0.000000] Kernel command line: BOOT_IMAGE=/boot/vmlinuz-4.4.0-134-generic root=LABEL=cloudimg-rootfs ro console=tty1 console=ttyS0
[    0.000000] PID hash table entries: 4096 (order: 3, 32768 bytes)
[    0.000000] Memory: 997724K/1048120K available (8554K kernel code, 1314K rwdata, 4004K rodata, 1516K init, 1316K bss, 50396K reserved, 0K cma-reserved)
[    0.000000] SLUB: HWalign=64, Order=0-3, MinObjects=0, CPUs=2, Nodes=1
[    0.000000] Kernel/User page tables isolation: enabled
[    0.000000] Hierarchical RCU implementation.
[    0.000000] 	Build-time adjustment of leaf fanout to 64.
[    0.000000] 	RCU restricting CPUs from NR_CPUS=512 to nrcpu_is=2.
[    0.000000] CU: Adjusting geometry forr rcu_fanout_leaf=64, nr_cpu_ids=2
[    0.000000] NR_IRQS:33024 nr_irqs:440 16
[    0.000000] Console: colour VGA+ 80x25
[    0.000000] console [tty1] enabled
[    0.000000] console [ttyS0] enabled
[    0.000000] tsc: Detected 2807.998 MHz processor
[    2.525777] Calibrating delay loop (skipped) preset value.. 5615.99 BogoMIPS (lpj=11231992)
[    2.540708] pid_max: default: 32768 minimum: 301
[    2.545377] ACPI: Core revision 20150930
[    2.562516] ACPI: 2 ACPI AML tables successfully acquired and loaded
[    2.572445] Security Framework initialized
[    2.577533] Yama: becoming mindful.
[    2.581100] AppArmor: AppArmor initialized
[    2.586043] Dentry cache hash table entries: 131072 (order: 8, 1048576 bytes)
[    2.597045] Inode-cache hash table entries: 65536 (order: 7, 524288 bytes)
[    2.605012] Mount-cache hash table entries: 2048 (order: 2, 16384 bytes)
[    2.610912] Mountpoint-cache hash table entries: 2048 (order: 2, 16384 bytes)
[    2.620695] Initializing cgroup subsys io
[    2.632401] Initializing cgroup subsys memory
[    2.637426] Initializing cgroup subsys devices
[    2.641201] Initializing cgroup subsys freezer
[    2.646203] Initializing cgroup subsys net_cls
[    2.659262] Initializing cgroup subsys perf_event
[    2.662998] Initializing cgroup subsys net_prio
[    2.667089] Initializing cgroup subsys hugetlb
[    2.671390] Initializing cgroup subsys pids
[    2.684772] mce: CPU supports 0 MCE banks
[    2.688326] Last level iTLB entries: 4KB 64, 2MB 8, 4MB 8
[    2.692647] Last level dTLB entries: 4KB 64, 2MB 0, 4MB 0, 1GB 4
[    2.698607] Spectre V2 : Mitigation: Full generic retpoline
[    2.703610] Spectre V2 : Speculation control IBPB not-supported IBRS not-supported
[    2.710223] Spectre V2 : Filling RSB on context switch
[    2.718373] Speculative Store Bypass: Vulnerable
[    2.735484] Freeing SMP alternatives memory: 32K
[    2.773026] ftrace: allocating 32266 entries in 127 pages
[    3.019641] smpboot: APIC(0) Converting physical 0 to logical package 0
[    3.044403] smpboot: Max logical packages: 1
[    3.059033] x2apic enabled
[    3.076419] Switched APIC routing to physical x2apic.
[    3.091437] ..TIMER: vector=0x30 apic1=0 pin1=2 apic2=-1 pin2=-1
[    3.225681] APIC calibration not consistent with PM-Timer: 96ms instead of 100ms
[    3.252853] APIC delta adjusted to PM-Timer: 6249907 (6001328)
[    3.259946] smpboot: CPU0: Intel(R) Core(TM) i7-6600U CPU @ 2.60GHz (family: 0x6, model: 0x4e, stepping: 0x3)
[    3.271800] Performance Events: unsupported p6 CPU model 78 no PMU driver, software events only.
[    3.280975] KVM setup paravirtual spinlock
[    3.287202] x86: Booting SMP configuration:
[    3.294429] .... node  #0, CPUs:      #1
[    3.298970] kvm-clock: cpu 1, msr 0:3ffe3041, secondary cpu clock
[    3.305409] mce: CPU supports 0 MCE banks
[    3.309681] x86: Booted up 1 node, 2 CPUs
[    3.313662] smpboot: Total of 2 processors activated (11231.99 BogoMIPS)
[    3.321824] devtmpfs: initialized
[    3.330498] evm: security.selinux
[    3.347001] evm: security.SMACK64
[    3.354820] evm: security.SMACK64EXEC
[    3.379224] evm: security.SMACK64TRANSMUTE
[    3.396528] evm: security.SMACK64MMAP
[    3.417811] evm: security.ima
[    3.425175] evm: security.capability
[    3.429299] clocksource: jiffies: mask: 0xffffffff max_cycles: 0xffffffff, max_idle_ns: 7645041785100000 ns
[    3.442444] futex hash table entries: 512 (order: 3, 32768 bytes)
[    3.455626] pinctrl core: initialized pinctrl subsystem
[    3.466814] RTC time: 22:30:02, date: 11/30/18
[    3.483293] NET: Registered protocol family 16
[    3.514188] cpuidle: using governor ladder
[    3.540656] cpuidle: using governor menu
[    3.563534] PCCT header not found.
[    3.581434] ACPI: bus type PCI registered
[    3.594446] acpiphp: ACPI Hot Plug PCI Controller Driver version: 0.5
[    3.603628] PCI: Using configuration type 1 for base access
[    3.628862] ACPI: Added _OSI(Module Device)
[    3.632391] ACPI: Added _OSI(Processor Device)
[    3.645889] ACPI: Added _OSI(3.0 _SCP Extensions)
[    3.658533] ACPI: Added _OSI(Processor Aggregator Device)
[    3.674110] ACPI: Executed 1 blocks of module-level executable AML code
[    3.696310] ACPI: Interpreter enabled
[    3.719991] ACPI: (supports S0 S5)
[    3.729340] ACPI: Using IOAPIC for interrupt routing
[    3.744727] PCI: Using host bridge windows from ACPI; if necessary, use "pci=nocrs" and report a bug
[    3.770409] ACPI: PCI Root Bridge [PCI0] (domain 0000 [bus 00-ff])
[    3.777145] acpi PNP0A03:00: _OSC: OS supports [ASPM ClockPM Segments MSI]
[    3.783237] acpi PNP0A03:00: _OSC: not requesting OS control; OS requires [ExtendedConfig ASPM ClockPM MSI]
[    3.794365] acpi PNP0A03:00: fail to add MMCONFIG information, can't access extended PCI configuration space under this bridge.
[    3.819048] PCI host bridge to bus 0000:00
[    3.826041] pci_bus 0000:00: root bus resource [io  0x0000-0x0cf7 window]
[    3.832011] pci_bus 0000:00: root bus resource [io  0x0d00-0xffff window]
[    3.840035] pci_bus 0000:00: root bus resource [mem 0x000a0000-0x000bffff window]
[    3.857309] pci_bus 0000:00: root bus resource [mem 0x40000000-0xfdffffff window]
[    3.868660] pci_bus 0000:00: root bus resource [bus 00-ff]
[    3.884099] pci 0000:00:01.1: legacy IDE quirk: reg 0x10: [io  0x01f0-0x01f7]
[    3.892130] pci 0000:00:01.1: legacy IDE quirk: reg 0x14: [io  0x03f6]
[    3.944369] pci 0000:00:01.1: legacy IDE quirk: reg 0x18: [io  0x0170-0x0177]
[    3.952088] pci 0000:00:01.1: legacy IDE quirk: reg 0x1c: [io  0x0376]
[    4.014316] pci 0000:00:07.0: quirk: [io  0x4000-0x403f] claimed by PIIX4 ACPI
[    4.026152] pci 0000:00:07.0: quirk: [io  0x4100-0x410f] claimed by PIIX4 SMB
[    4.120421] ACPI: PCI Interrupt Link [LNKA] (IRQs 5 9 10 *11)
[    4.145084] ACPI: PCI Interrupt Link [LNKB] (IRQs 5 9 *10 11)
[    4.165838] ACPI: PCI Interrupt Link [LNKC] (IRQs 5 *9 10 11)
[    4.182236] ACPI: PCI Interrupt Link [LNKD] (IRQs 5 9 10 *11)
[    4.210750] ACPI: Enabled 2 GPEs in block 00 to 07
[    4.224005] vgaarb: setting as boot device: PCI:0000:00:02.0
[    4.233547] vgaarb: device added: PCI:0000:00:02.0,decodes=io+mem,owns=io+mem,locks=none
[    4.242578] vgaarb: loaded
[    4.246125] vgaarb: bridge control possible 0000:00:02.0
[    4.254536] SCSI subsystem initialized
[    4.259908] ACPI: bus type USB registered
[    4.267232] usbcore: registered new interface driver usbfs
[    4.271859] usbcore: registered new interface driver hub
[    4.276070] usbcore: registered new device driver usb
[    4.283924] PCI: Using ACPI for IRQ routing
[    4.288953] NetLabel: Initializing
[    4.298992] NetLabel:  domain hash size = 128
[    4.304091] NetLabel:  protocols = UNLABELED CIPSOv4
[    4.308154] NetLabel:  unlabeled traffic allowed by default
[    4.317920] amd_nb: Cannot enumerate AMD northbridges
[    4.325502] clocksource: Switched to clocksource kvm-clock
[   .3937]ApArmor: Apprmr ilesystem Enabled
[   4.935496]pnp: PnP ACPI init
[    5.068932] pnp: PnP ACPI: found 3 devices

[    5.081996] clocksource: acpi_pm: mask: 0xffffff max_cycles: 0xffffff, max_idle_ns: 2085701024 ns
[    5.089582] NET: Registered protocol family 2
[    5.094026] TCP established hash table entries: 8192 (order: 4, 65536 bytes)
[    5.099838] TCP bind hash table entries: 8192 (order: 5, 131072 bytes)
[    5.110627] TCP: Hash tables configured (established 8192 bind 8192)
[    5.119006] UDP hash table entries: 512 (order: 2, 16384 bytes)
[    5.126531] UDP-Lite hash table entries: 512 (order: 2, 16384 bytes)
[    5.132869] NET: Registered protocol family 1
[    5.137661] pci 0000:00:00.0: Limiting direct PCI/PCI transfers
[    5.148352] pci 0000:00:01.0: Activating ISA DMA hang workarounds
[    5.154150] Unpacking initramfs...
[    6.073849] Freeing initrd memory: 14792K
[    6.095359] platform rtc_cmos: registered platform RTC device (no PNP device found)
[    6.124595] Scanning for low memory corruption every 60 seconds
[    6.152893] audit: initializing netlink subsys (disabled)
[    6.167791] audit: type=2000 audit(1543617009.377:1): initialized
[    6.190253] Initialise system trusted keyring
[    6.218535] HugeTLB registered 2 MB page size, pre-allocated 0 pages
[    6.230437] zbud: loaded
[    6.240074] VFS: Disk quotas dquot_6.6.0
[    6.244824] VFS: Dquot-cache hash table entries: 512 (order 0, 4096 bytes)
[    6.254351] squashfs: version 4.0 (2009/01/31) Phillip Lougher
[    6.260544] fuse init (API version 7.23)
[    6.269017] Key type big_key registered
[    6.272927] Allocating IMA MOK and blacklist keyrings.
[    6.283057] Key type asymmetric registered
[    6.287100] Asymmetric key parser 'x509' registered
[    6.293930] Block layer SCSI generic (bsg) driver version 0.4 loaded (major 249)
[    6.302938] io scheduler noop registered
[    6.306900] io scheduler deadline registered (default)
[    6.312166] io scheduler cfq registered
[    6.317114] pci_hotplug: PCI Hot Plug PCI Core version: 0.5
[    6.324205] pciehp: PCI Express Hot Plug Controller Driver version: 0.4
[    6.331829] ACPI: AC Adapter [AC] (on-line)
[    6.336923] input: Power Button as /devices/LNXSYSTM:00/LNXPWRBN:00/input/input0
[    6.344997] ACPI: Power Button [PWRF]
[    6.349812] input: Sleep Button as /devices/LNXSYSTM:00/LNXSLPBN:00/input/input1
[    6.357324] ACPI: Sleep Button [SLPF]
[    6.362353] GHES: HEST is not enabled!
[    6.366014] ACPI: Battery Slot [BAT0] (battery present)
[    6.382435] Serial: 8250/16550 driver, 32 ports, IRQ sharing enabled
[    6.418582] 00:02: ttyS0 at I/O 0x3f8 (irq = 4, base_baud = 115200) is a 16550A
[    6.436747] Linux agpgart interface v0.103
[    6.451223] loop: module loaded
[    6.463540] scsi host0: ata_piix
[    6.467807] scsi host1: ata_piix
[    6.471109] ata1: PATA max UDMA/33 cmd 0x1f0 ctl 0x3f6 bmdma 0xd000 irq 14
[    6.476353] ata2: PATA max UDMA/33 cmd 0x170 ctl 0x376 bmdma 0xd008 irq 15
[    6.486514] libphy: Fixed MDIO Bus: probed
[    6.491052] tun: Universal TUN/TAP device driver, 1.6
[    6.497804] tun: (C) 1999-2004 Max Krasnyansky <maxk@qualcomm.com>
[    6.503296] PPP generic driver version 2.4.2
[    6.513553] ehci_hcd: USB 2.0 'Enhanced' Host Controller (EHCI) Driver
[    6.521012] ehci-pci: EHCI PCI platform driver
[    6.526740] ehci-platform: EHCI generic platform driver
[    6.533634] ohci_hcd: USB 1.1 'Open' Host Controller (OHCI) Driver
[    6.545584] ohci-pci: OHCI PCI platform driver
[    6.549754] ohci-platform: OHCI generic platform driver
[    6.560866] uhci_hcd: USB Universal Host Controller Interface driver
[    6.568067] i8042: PNP: PS/2 Controller [PNP0303:PS2K,PNP0f03:PS2M] at 0x60,0x64 irq 1,12
[    6.578357] serio: i8042 KBD port at 0x60,0x64 irq 1
[    6.587953] serio: i8042 AUX port at 0x60,0x64 irq 12
[    6.593020] mousedev: PS/2 mouse device common for all mice
[    6.600662] rtc_cmos rtc_cmos: rtc core: registered rtc_cmos as rtc0
[    6.608268] rtc_cmos rtc_cmos: alarms up to one day, 114 bytes nvram
[    6.620951] i2c /dev entries driver
[    6.630366] device-mapper: uevent: version 1.0.3
[    6.636093] input: AT Translated Set 2 keyboard as /devices/platform/i8042/serio0/input/input2
[    6.644610] device-mapper: ioctl: 4.34.0-ioctl (2015-10-28) initialised: dm-devel@redhat.com
[    6.652924] ledtrig-cpu: registered to indicate activity on CPUs
[    6.666624] NET: Registered protocol family 10
[    6.683278] NET: Registered protocol family 17
[    6.698858] Key type dns_resolver registered
[    6.706073] registered taskstats version 1
[    6.713245] Loading compiled-in X.509 certificates
[    6.738014] Loaded X.509 cert 'Build time autogenerated kernel key: 4eb3d024ac16f76c1747ffd474694c84db21038b'
[    6.750835] zswap: loaded using pool lzo/zbud
[    6.771268] Key type trusted registered
[    6.794054] Key type encrypted registered
[    6.802276] AppArmor: AppArmor sha1 policy hashing enabled
[    6.838351] ima: No TPM chip found, activating TPM-bypass!
[    6.850226] ima: Allocated hash algorithm: sha1
[    6.887029] evm: HMAC attrs: 0x1
[    6.893898]   Magic number: 10:100:554
[    6.921857] rtc_cmos rtc_cmos: setting system clock to 2018-11-30 22:30:05 UTC (1543617005)
[    6.946595] BIOS EDD facility v0.16 2004-Jun-25, 0 devices found
[    6.971162] EDD information not available.
[    6.988413] Freeing unused kernel memory: 1516K
[    7.009575] Write protecting the kernel read-only data: 14336k
[    7.051455] Freeing unused kernel memory: 1672K
[    7.077431] Freeing unused kernel memory: 92K
[    7.116162] clocksource: tsc: mask: 0xffffffffffffffff max_cycles: 0x2879c456dd4, max_idle_ns: 440795285767 ns
Loading, please wait...
starting version[    7.235607] random: systemd-udevd: uninitialized urandom read (16 bytes read, 5 bits of entropy available)
 229
[    7.238667] random: udevadm: uninitialized urandom read (16 bytes read, 5 bits of entropy available)
[    7.238830] random: udevadm: uninitialized urandom read (16 bytes read, 5 bits of entropy available)
[    7.283079] random: udevadm: uninitialized urandom read (16 bytes read, 5 bits of entropy available)
[    7.283286] random: udevadm: uninitialized urandom read (16 bytes read, 5 bits of entropy available)
[    7.284023] random: udevadm: uninitialized urandom read (16 bytes read, 5 bits of entropy available)
[    7.284259] random: udevadm: uninitialized urandom read (16 bytes read, 5 bits of entropy available)
[    7.284492] random: udevadm: uninitialized urandom read (16 bytes read, 5 bits of entropy available)
[    7.284813] random: udevadm: uninitialized urandom read (16 bytes read, 5 bits of entropy available)
[    7.285030] random: udevadm: uninitialized urandom read (16 bytes read, 5 bits of entropy available)
[    7.741969] e1000: Intel(R) PRO/1000 Network Driver - version 7.3.21-k8-NAPI
[    7.783877] e1000: Copyright (c) 1999-2006 Intel Corporation.
[    7.822532] Fusion MPT base driver 3.04.20
[    7.837894] Copyright (c) 1999-2008 LSI Corporation
[    7.891899] Fusion MPT SPI Host driver 3.04.20
[    8.018327] AVX2 version of gcm_enc/dec engaged.
[    8.023242] AES CTR mode by8 optimization enabled
[    8.132445] input: ImExPS/2 Generic Explorer Mouse as /devices/platform/i8042/serio1/input/input4
[    9.249313] e1000 0000:00:03.0 eth0: (PCI:33MHz:32-bit) 02:1d:76:b3:3c:fe
[    9.263003] e1000 0000:00:03.0 eth0: Intel(R) PRO/1000 Network Connection
[   10.194115] e1000 0000:00:08.0 eth1: (PCI:33MHz:32-bit) 08:00:27:79:9d:16
[   10.211661] e1000 0000:00:08.0 eth1: Intel(R) PRO/1000 Network Connection
[   11.216574] e1000 0000:00:09.0 eth2: (PCI:33MHz:32-bit) 08:00:27:ff:c3:99
[   11.231844] e1000 0000:00:09.0 eth2: Intel(R) PRO/1000 Network Connection
[   12.217316] e1000 0000:00:0a.0 eth3: (PCI:33MHz:32-bit) 08:00:27:1d:a8:6a
[   12.242439] e1000 0000:00:0a.0 eth3: Intel(R) PRO/1000 Network Connection
[   13.220949] e1000 0000:00:10.0 eth4: (PCI:33MHz:32-bit) 08:00:27:53:ba:5f
[   13.230358] e1000 0000:00:10.0 eth4: Intel(R) PRO/1000 Network Connection
[   13.245073] e1000 0000:00:0a.0 enp0s10: renamed from eth3
[   13.257373] mptbase: ioc0: Initiating bringup
[   13.270563] e1000 0000:00:08.0 enp0s8: renamed from eth1
[   13.299971] e1000 0000:00:03.0 enp0s3: renamed from eth0
[   13.318262] e1000 0000:00:09.0 enp0s9: renamed from eth2
[   13.330401] ioc0: LSI53C1030 A0: Capabilities={Initiator}
[   13.342387] e1000 0000:00:10.0 enp0s16: renamed from eth4
[   13.554495] scsi host2: ioc0: LSI53C1030 A0, FwRev=00000000h, Ports=1, MaxQ=256, IRQ=20
[   13.695122] scsi 2:0:0:0: Direct-Access     VBOX     HARDDISK         1.0  PQ: 0 ANSI: 5
[   13.721709] scsi target2:0:0: Beginning Domain Validation
[   13.762143] scsi target2:0:0: Domain Validation skipping write tests
[   13.779172] scsi target2:0:0: Ending Domain Validation
[   13.809999] scsi target2:0:0: asynchronous
[   13.834967] scsi 2:0:1:0: Direct-Access     VBOX     HARDDISK         1.0  PQ: 0 ANSI: 5
[   13.873971] scsi target2:0:1: Beginning Domain Validation
[   13.911590] scsi target2:0:1: Domain Validation skipping write tests
[   13.918706] scsi target2:0:1: Ending Domain Validation
[   13.960961] scsi target2:0:1: asynchronous
[   14.009187] sd 2:0:0:0: [sda] 20971520 512-byte logical blocks: (10.7 GB/10.0 GiB)
[   14.009683] sd 2:0:0:0: Attached scsi generic sg0 type 0
[   14.011310] sd 2:0:1:0: Attached scsi generic sg1 type 0
[   14.041299] sd 2:0:1:0: [sdb] 20480 512-byte logical blocks: (10.5 MB/10.0 MiB)
[   14.041900] sd 2:0:0:0: [sda] Write Protect is off
[   14.042237] sd 2:0:0:0: [sda] Incomplete mode parameter data
[   14.042242] sd 2:0:0:0: [sda] Assuming drive cache: write through
[   14.068841] sd 2:0:1:0: [sdb] Write Protect is off
[   14.070898]  sda: sda1
[   14.092196] sd 2:0:0:0: [sda] Attached SCSI disk
[   14.108611] sd 2:0:1:0: [sdb] Incomplete mode parameter data
[   14.123126] sd 2:0:1:0: [sdb] Assuming drive cache: write through
[   14.157363] sd 2:0:1:0: [sdb] Attached SCSI disk
Begin: Loading essential drivers ... [   16.557969] md: linear personality registered for level -1
[   16.579329] md: multipath personality registered for level -4
[   16.593804] md: raid0 personality registered for level 0
[   16.617084] md: raid1 personality registered for level 1
[   16.706691] raid6: sse2x1   gen()  2499 MB/s
[   16.786080] raid6: sse2x1   xor()  1893 MB/s
[   16.866430] raid6: sse2x2   gen()  3111 MB/s
[   16.949761] raid6: sse2x2   xor()  1959 MB/s
[   17.026262] raid6: sse2x4   gen()  3526 MB/s
[   17.097837] raid6: sse2x4   xor()  2130 MB/s
[   17.170375] raid6: avx2x1   gen()  3258 MB/s
[   17.241979] raid6: avx2x2   gen()  4627 MB/s
[   17.313562] raid6: avx2x4   gen()  3593 MB/s
[   17.318009] raid6: using algorithm avx2x2 gen() 4627 MB/s
[   17.322987] raid6: using avx2x2 recovery algorithm
[   17.334303] xor: automatically using best checksumming function:
[   17.377613]    avx       :  5404.000 MB/sec
[   17.384633] async_tx: api initialized (async)
[   17.412912] md: raid6 personality registered for level 6
[   17.432866] md: raid5 personality registered for level 5
[   17.450501] md: raid4 personality registered for level 4
[   17.483533] md: raid10 personality registered for level 10
done.
Begin: Running /scripts/init-premount ... done.
Begin: Mounting root file system ... Begin: Running /scripts/local-top ... done.
Begin: Running /scripts/local-premount ... [   17.596611] Btrfs loaded
Scanning for Btrfs filesystems
done.
Warning: fsck not present, so skipping root file system
[   17.709227] EXT4-fs (sda1): mounted filesystem with ordered data mode. Opts: (null)
done.
Begin: Running /scripts/local-bottom ... done.
Begin: Running /scripts/init-bottom ... done.
[   18.020472] systemd[1]: systemd 229 running in system mode. (+PAM +AUDIT +SELINUX +IMA +APPARMOR +SMACK +SYSVINIT +UTMP +LIBCRYPTSETUP +GCRYPT +GNUTLS +ACL +XZ -LZ4 +SECCOMP +BLKID +ELFUTILS +KMOD -IDN)
[   18.074360] systemd[1]: Detected virtualization oracle.
[   18.096705] systemd[1]: Detected architecture x86-64.

Welcome to [1mUbuntu 16.04.5 LTS[0m!

[   18.147740] systemd[1]: Set hostname to <ubuntu>.
[   18.172830] systemd[1]: Initializing machine ID from random generator.
[   18.213015] systemd[1]: Installed transient /etc/machine-id file.
[   18.563340] random: nonblocking pool is initialized
[   18.652368] systemd[1]: Reached target System Time Synchronized.
[[0;32m  OK  [0m] Reached target System Time Synchronized.
[   18.690511] systemd[1]: Reached target Encrypted Volumes.
[[0;32m  OK  [0m] Reached target Encrypted Volumes.
[   18.766456] systemd[1]: Listening on udev Kernel Socket.
[[0;32m  OK  [0m] Listening on udev Kernel Socket.
[   18.808649] systemd[1]: Listening on LVM2 metadata daemon socket.
[[0;32m  OK  [0m] Listening on LVM2 metadata daemon socket.
[   18.870905] systemd[1]: Listening on Journal Audit Socket.
[[0;32m  OK  [0m] Listening on Journal Audit Socket.
[   18.923297] systemd[1]: Started Trigger resolvconf update for networkd DNS.
[[0;32m  OK  [0m] Started Trigger resolvconf update for networkd DNS.
[   18.959447] systemd[1]: Created slice User and Session Slice.
[[0;32m  OK  [0m] Created slice User and Session Slice.
[   19.015268] systemd[1]: Reached target User and Group Name Lookups.
[[0;32m  OK  [0m] Reached target User and Group Name Lookups.
[   19.044767] systemd[1]: Created slice System Slice.
[[0;32m  OK  [0m] Created slice System Slice.
[   19.073561] systemd[1]: Listening on Journal Socket.
[[0;32m  OK  [0m] Listening on Journal Socket.
[   19.142671] systemd[1]: Starting Remount Root and Kernel File Systems...
[   19.159651] EXT4-fs (sda1): re-mounted. Opts: (null)
         Starting Remount Root and Kernel File Systems...
[   19.249824] systemd[1]: Mounting Huge Pages File System...
         Mounting Huge Pages File System...
[   19.276635] systemd[1]: Starting Create list of required static device nodes for the current kernel...
         Starting Create list of required st... nodes for the current kernel...
[   19.304569] systemd[1]: Starting Load Kernel Modules...
         Starting Load Kernel Modules...
[   19.324204] systemd[1]: Mounting Debug File System...
         Mounting Debug File System...
[   19.347575] systemd[1]: Listening on udev Control Socket.
[   19.354079] Loading iSSItranpot ass v2.0-870.

[[0;32m  OK  [0m] Listening on udev Control Socket.
[   19.767457] systemd[1]: Set up automount Arbitrary Executable File Formats File System Automount Point.
[[0;32m  OK  [0m] Set up automount Arbitrary Executab...ats File System Automount Point.
[   19.793992] iscsi: registered transport (tcp)
[   19.804964] systemd[1]: Reached target Slices.
[[0;32m  OK  [0m] Reached target Slices.
[   19.822310] systemd[1]: Listening on Device-mapper event daemon FIFOs.
[[0;32m  OK  [0m] Listening on Device-mapper event daemon FIFOs.
[   19.863834] systemd[1]: Created slice system-serial\x2dgetty.slice.
[[0;32m  OK  [0m] Created slice system-serial\x2dgetty.slice.
[   19.884072] systemd[1]: Listening on Journal Socket (/dev/log).
[[0;32m  OK  [0m] Listening on Journal Socket (/dev/log).
[   19.917829] systemd[1]: Listening on Syslog Socket.
[[0;32m  OK  [0m] Listening on Syslog Socket.
[   19.946047] systemd[1]: Starting Monitoring of LVM2 mirrors, snapshots etc. using dmeventd or progress polling...
[   19.946186] iscsi: registered transport (iser)
         Starting Monitoring of LVM2 mirrors... dmeventd or progress polling...
[   19.983254] systemd[1]: Reached target Swap.
[[0;32m  OK  [0m] Reached target Swap.
[   20.015644] systemd[1]: Starting Set console keymap...
         Starting Set console keymap...
[   20.044512] systemd[1]: Listening on LVM2 poll daemon socket.
[[0;32m  OK  [0m] Listening on LVM2 poll daemon socket.
[   20.082472] systemd[1]: Listening on /dev/initctl Compatibility Named Pipe.
[[0;32m  OK  [0m] Listening on /dev/initctl Compatibility Named Pipe.
[   20.134995] systemd[1]: Started Forward Password Requests to Wall Directory Watch.
[[0;32m  OK  [0m] Started Forward Password Requests to Wall Directory Watch.
[   20.234161] systemd[1]: Mounting POSIX Message Queue File System...
         Mounting POSIX Message Queue File System...
[   20.262114] systemd[1]: Starting Nameserver information manager...
         Starting Nameserver information manager...
[   20.287959] systemd[1]: Starting Journal Service...
         Starting Journal Service...
[   20.300397] systemd[1]: Starting Uncomplicated firewall...
         Starting Uncomplicated firewall...
[   20.378121] systemd[1]: Mounted Debug File System.
[[0;32m  OK  [0m] Mounted Debug File System.
[   20.399025] systemd[1]: Mounted Huge Pages File System.
[[0;32m  OK  [0m] Mounted Huge Pages File System.
[   20.438985] systemd[1]: Mounted POSIX Message Queue File System.
[[0;32m  OK  [0m] Mounted POSIX Message Queue File System.
[   20.498828] systemd[1]: Started Journal Service.
[[0;32m  OK  [0m] Started Journal Service.
[[0;32m  OK  [0m] Started Remount Root and Kernel File Systems.
[[0;32m  OK  [0m] Started Create list of required sta...ce nodes for the current kernel.
[[0;32m  OK  [0m] Started Load Kernel Modules.
[[0;32m  OK  [0m] Started Set console keymap.
[[0;32m  OK  [0m] Started Uncomplicated firewall.
[[0;32m  OK  [0m] Started Nameserver information manager.
[[0;32m  OK  [0m] Started LVM2 metadata daemon.
         Starting Apply Kernel Variables...
         Mounting FUSE Control File System...
         Starting Create Static Device Nodes in /dev...
         Starting Load/Save Random Seed...
         Starting udev Coldplug all Devices...
         Starting Flush Journal to Persistent Storage...
[[0;32m  OK  [0m] Mounted FUSE Control File System.
[[0;32m  OK  [0m] Started Apply Kernel Variables.
[[0;32m  OK  [0m] Started Create Static Device Nodes in /dev.
[[0;32m  OK  [0m] Started Load/Save Random Seed.
[[0;32m  OK  [0m] Started Monitoring of LVM2 mirrors,...ng dmeventd or progress polling.
[[0;32m  OK  [0m] Started udev Coldplug all Devices.
[[0;32m  OK  [0m] Started Flush Journal to Persistent Storage.
         Starting udev Kernel Device Manager...
[[0;32m  OK  [0m] Started udev Kernel Device Manager.
[[0;32m  OK  [0m] Reached target Local File Systems (Pre).
[[0;32m  OK  [0m] Reached target Local File Systems.
         Starting Tell Plymouth To Write Out Runtime Data...
         Starting Set console font and keymap...
         Starting Initial cloud-init job (pre-networking)...
         Starting Commit a transient machine-id on disk...
         Starting Create Volatile Files and Directories...
         Starting LSB: AppArmor initialization...
[[0;32m  OK  [0m] Started Dispatch Password Requests to Console Directory Watch.
[[0;32m  OK  [0m] Started Tell Plymouth To Write Out Runtime Data.
[[0;32m  OK  [0m] Started Commit a transient machine-id on disk.
[[0;32m  OK  [0m] Started Create Volatile Files and Directories.
         Starting Update UTMP about System Boot/Shutdown...
[[0;32m  OK  [0m] Started Update UTMP about System Boot/Shutdown.
[[0;32m  OK  [0m] Found device /dev/ttyS0.
[[0;32m  OK  [0m] Listening on Load/Save RF Kill Switch Status /dev/rfkill Watch.
[[0;32m  OK  [0m] Started Set console font and keymap.
[[0;32m  OK  [0m] Created slice system-getty.slice.
[   23.028062] cloud-init[487]: Cloud-init v. 18.3-9-g2e62cb8a-0ubuntu1~16.04.2 running 'init-local' at Fri, 30 Nov 2018 22:30:23 +0000. Up 21.47 seconds.
[[0;32m  OK  [0m] Started Initial cloud-init job (pre-networking).
[[0;32m  OK  [0m] Reached target Network (Pre).
[[0;32m  OK  [0m] Started LSB: AppArmor initialization.
         Starting Raise network interfaces...
[[0;32m  OK  [0m] Started Raise network interfaces.
         Starting Initial cloud-init job (metadata service crawler)...
[[0;32m  OK  [0m] Reached target Network.
[   28.901308] cloud-init[986]: Cloud-init v. 18.3-9-g2e62cb8a-0ubuntu1~16.04.2 running 'init' at Fri, 30 Nov 2018 22:30:28 +0000. Up 26.74 seconds.
[   28.925349] cloud-init[986]: ci-info: +++++++++++++++++++++++++++++++++++++++Net device info+++++++++++++++++++++++++++++++++++++++
[   28.967965] cloud-init[986]: ci-info: +---------+-------+----------------------------+---------------+--------+-------------------+
[   29.013795] cloud-init[986]: ci-info: |  Device |   Up  |          Address           |      Mask     | Scope  |     Hw-Address    |
[   29.053556] cloud-init[986]: ci-info: +---------+-------+----------------------------+---------------+--------+-------------------+
[   29.086475] [[0;32m  OK  [0m] Started Initial cloud-init job (metadata service crawler).
cloud-init[986]: ci-info: | enp0s10 | False |             .              |       .       |   .    | 08:00:27:1d:a8:6a |
[[0;32m  OK  [0m] Reached target Cloud-config availability.
[[0;32m  OK  [0m] Reached target System Initialization.
[   29.151721]          Starting LXD - unix socket.
[[0;32m  OK  [0m] Started Daily apt download activities.
[[0;32m  OK  [0m] Listening on D-Bus System Message Bus Socket.
[cloud-init[0;32m  OK  [0m] Listening on UUID daemon activation socket.
[[0;32m  OK  [0m] Started Daily apt upgrade and clean activities.
[986]: ci-info: | enp0s16 | False |             .              |       .       |   .    | 08:00:27:53:ba:5f |
[   29.198249]          Starting Socket activation for snappy daemon.
cloud-init[986]: ci-info: |  enp0s3 |  True |         10.0.2.15          | 255.255.255.0 | global | 02:1d:76:b3:3c:fe |[[0;32m  OK  [0m] Started ACPI Events Check.

[   29.218815] [[0;32m  OK  [0m] Reached target Paths.
[[0;32m  OK  [0m] Started Daily Cleanup of Temporary Directories.
[[0;32m  OK  [0m] Listening on ACPID Listen Socket.
cloud-init[986]: ci-info: |  enp0s3 |  True | fe80::1d:76ff:feb3:3cfe/64 |       .       |  link  | 02:1d:76:b3:3c:fe |
[   29.237471] [[0;32m  OK  [0m] Reached target Timers.
[[0;32m  OK  [0m] Reached target Network is Online.
cloud-init[986]: ci-info: |  enp0s8 | False |             .              |       .       |   .    | 08:00:27:79:9d:16 |
[   29.253384] cloud-init[986]: ci-info: |  enp0s9 | False |             .              |       .       |   .    | 08:00:27:ff:c3:99 |
[   29.262670]          Starting iSCSI initiator daemon (iscsid)...
cloud-init[986]: ci-info: |    lo   |  True |         127.0.0.1          |   255.0.0.0   |  host  |         .         |
[   29.321211] [[0;32m  OK  [0m] Listening on LXD - unix socket.
[[0;32m  OK  [0m] Listening on Socket activation for snappy daemon.
cloud-init[986]: ci-info: |    lo   |  True |          ::1/128           |       .       |  host  |         .         |
[   29.341882] cloud-init[986]: ci-info: +---------+-------+----------------------------+---------------+--------+-------------------+
[   29.351596] cloud-init[986]: ci-info: +++++++++++++++++++++++++++Route IPv4 info++++++++++++++++++++++++++++
[[0;32m  OK  [0m] Started iSCSI initiator daemon (iscsid).
[   29.367664] cloud-init[986]: ci-info: +-------+-------------+----------+---------------+-----------+-------+
[   29.433128]          Starting Login to default iSCSI targets...
[[0;32m  OK  [0m] Reached target Sockets.
[[0;32m  OK  [0m] Reached target Basic System.
         Starting Accounts Service...
         Starting LXD - container startup/shutdown...
[[0;32m  OK  [0m] Started FUSE filesystem for LXC.
cloud-init[986]: ci-info: | Route | Destination | Gateway  |    Genmask    | Interface | Flags |         Starting LSB: MD monitoring daemon...

         Starting Pollinate to seed the pseudo random number generator...
[   29.493426] cloud-init[986]: ci-info: +-------+-------------+----------+---------------+-----------+-------+
[   29.568685] cloud-init[986]: ci-info: |   0   |   0.0.0.0   | 10.0.2.2 |    0.0.0.0    |   enp0s3  |   UG  |
         Starting LSB: Record successful boot for GRUB...
[   29.599053] cloud-init[986]: ci-info: |   1   |   10.0.2.0  | 0.0.0.0  | 255.255.255.0 |   enp0s3  |   U   |
[   29.624639]          Starting Login Service...
cloud-init[986]: ci-info: +-------+-------------+----------+---------------+-----------+-------+
         Starting System Logging Service...
[   29.734267] cloud-init[986]: ci-info: +++++++++++++++++++Route IPv6 info+++++++++++++++++++
[   29.791279] [cloud-init[0;32m  OK  [0m[986]: ] ci-info: +-------+-------------+---------+-----------+-------+Started D-Bus System Message Bus.

[   29.873601] cloud-init[986]: ci-info: | Route | Destination | Gateway | Interface | Flags |
[   29.887238] cloud-init[986]: ci-info: +-------+-------------+---------+-----------+-------+
[[0;32m  OK  [0m] Started Unattended Upgrades Shutdown.
[   29.916851] cloud-init[986]: ci-info: |   0   |  fe80::/64  |    ::   |   enp0s3  |   U   |
[   29.954682] cloud-init[986]: ci-info: |   4   |   ff00::/8  |    ::   |   enp0s3  |   U   |
         Starting Snappy daemon...
[   29.969277] cloud-init[986]: ci-info: +-------+-------------+---------+-----------+-------+
[[0;32m  OK  [0m] Started ACPI event daemon.
[   30.037807] cloud-init[986]: Generating public/private rsa key pair.
[   30.085527] cloud-init[986]: Your identification has been saved in /etc/ssh/ssh_host_rsa_key.
[   30.086257] cloud-init[986]: Your public key has been saved in /etc/ssh/ssh_host_rsa_key.pub.
[   30.087590] cloud-init[986]: The key fingerprint is:
[[0;32m  OK  [0m] Started Regular background program processing daemon.
[   30.090101] cloud-init[986]: SHA256:VqcKT81t8caVXD2cWsxo/z8Ml3MNgl/erXTrtV1EN0U root@ubuntu-xenial
[   30.144573] cloud-init[986]: The key's randomart image is:
[   30.156691]          cloud-initStarting /etc/rc.local Compatibility...[986]: 
+---[RSA 2048]----+
[[0;32m  OK  [0m] Started Deferred execution scheduler.
[   30.191391] cloud-init[986]: |              =.E|
[   30.213553] cloud-init[986]: |             o.B=|
         Starting Virtualbox guest utils...
[   30.219942] cloud-init[986]: |          ..+ ++=|
[[   30.263452] cloud-init[986]: |         +.+.=o+o|
[   30.265801] cloud-init[986]: |      . S +.o++o*|
[   30.266387] cloud-init[986]: |       = . ..oo=B|
[   30.267754] cloud-init[986]: |        o    .+oB|
[   30.268402] cloud-init[986]: |              .+*|
[   30.268934] cloud-init[986]: |              .oo|
[   30.269490] cloud-init[986]: +----[SHA256]-----+
[0;32m  OK  [0m] Started System Logging Service.
[   30.302827] cloud-init[986]: Generating public/private dsa key pair.
[   30.303994] cloud-init[986]: Your identification has been saved in /etc/ssh/ssh_host_dsa_key.
[   30.306779] cloud-init[986]: Your public key has been saved in /etc/ssh/ssh_host_dsa_key.pub.
[   30.307993] cloud-init[986]: The key fingerprint is:
[[0;32m  OK  [0m] Started LXD - container startup/shutdown.
[   30.310792] cloud-init[986]: [[0;32m  OK  [0m] Started /etc/rc.local Compatibility.
SHA256:nfLx6Q17+DBxDWK2GlEFOGeKCwPOhwAZkGUH+zt2FOw root@ubuntu-xenial
[   30.389298] cloud-init[986]: The key's randomart image is:
[   30.438799] cloud-init[986]: +---[DSA 1024]----+
[   30.454885] cloud-init[986]: |=*+..      .oo.  |
[   30.479206] cloud-init[986]: |o..o..    o.o    |
[   30.505648] cloud-init[986]: [[0;32m  OK  [0m] Started Login to default iSCSI targets.
|  .+ oo  ..=+ .  |
[   30.539393] cloud-init[986]: |   .+.+....= o o |
[[0;32m  OK  [0m] Started Snappy daemon.
[   30.559343] cloud-init[986]: |    ..EoS.= o . .|
[   30.641673] cloud-init[986]: |     o  .o = +   |
[[0;32m  OK  [0m] Started LSB: Record successful boot for GRUB.
[   30.669048] cloud-init[986]: |    + .   o *.   |
[   30.721620] [[0;32m  OK  [0m] Started LSB: MD monitoring daemon.
cloud-init[986]: |   . o     ..*.  |
[   30.763685] cloud-init[986]: |            ooo  |
[   30.772534] cloud-init[986]: +----[SHA256]-----+
[   30.784942] cloud-init[986]: Generating public/private ecdsa key pair.
[   30.813110] cloud-init[986]: Your identification has been saved in /etc/ssh/ssh_host_ecdsa_key.
[   30.827291] cloud-init[986]: Your public key has been saved in /etc/ssh/ssh_host_ecdsa_key.pub.
[   30.861838] cloud-init[986]: The key fingerprint is:
[   30.869819] cloud-init[986]: SHA256:W1nlWuJv0eEFP2e4JuSLbTESsVggmbhDSX289utkguU root@ubuntu-xenial
[   30.884882] cloud-init[986]: The key's randomart image is:
[[0;32m  OK  [0m] Started Login Service.
[   30.920373] cloud-init[986]: +---[ECDSA 256]---+
[   30.933641] cloud-init[986]: |   ..+.+..o   o  |
         Starting Authenticate and Authorize Users to Run Privileged Tasks...
[   30.954291] cloud-init[986]: |    + +.oo o o + |
         Starting Wait until snapd is fully seeded...
[   31.001037] [cloud-init[0;32m  OK  [0m[986]: ] |   . . ...o + +o=|Reached target Remote File Systems (Pre).

[   31.005212] [cloud-init[0;32m  OK  [0m[986]: ] |    o   o  B +.+=|Reached target Remote File Systems.

[   31.090029]          Starting LSB: Set the CPU Frequency Scaling governor to "ondemand"...
cloud-init[986]: |     . .S.+ B +..|
[   31.134236]          Starting LSB: daemon to balance interrupts for SMP systems...
cloud-init[986]: |       + o.+ B . |
[   31.261801]          cloud-initStarting Permit User Sessions...[986]: 
|      . E +.+ o  |
[   31.327640] cloud-init[986]: |         +.. .   |
         Starting LSB: automatic crash report generation...
[   31.335916] cloud-init[[0;32m  OK  [0m] Started Virtualbox guest utils.
[986]: |         ..      |
[   31.493587] cloud-init[986]: +----[SHA256]-----+
[   31.513706] cloud-init[986]: [[0;32m  OK  [0m] Started Permit User Sessions.
Generating public/private ed25519 key pair.
[[0;32m  OK  [0m] Started Authenticate and Authorize Users to Run Privileged Tasks.
[   31.615594] cloud-init[986]: Your identification has been saved in /etc/ssh/ssh_host_ed25519_key.
[[0;32m  OK  [0m] Started Pollinate to seed the pseudo random number generator.
[   31.813453] [cloud-init[0;32m  OK  [0m[986]: ] Your public key has been saved in /etc/ssh/ssh_host_ed25519_key.pub.Started Accounts Service.

[   31.906390] cloud-init[986]: The key fingerprint is:
[   32.062610] cloud-init[986]: SHA256:Xw5zZBaQJ7YB/zYJOTkUyS9os6MbEClh8oL4Ewa6nRM root@ubuntu-xenial
[   32.222506]          Starting OpenBSD Secure Shell server...
cloud-init[986]: The key's randomart image is:
[   32.353450]          Starting Terminate Plymouth Boot Screen...cloud-init[986]: +--[ED25519 256]--+
[   32.373085] cloud-init[986]: |o o     .o+=.    |
[   32.373352] cloud-init[986]: |+= . .   oBo..   |
[   32.373653] cloud-init[986]: |= E o    oB*+    |

[   32.374293] cloud-init[986]: | * = .  + oO..   |
[   32.440449] cloud-init[986]: |. * .  .Soo.B    |
         Starting Hold until boot process finishes up...
[   32.454961] cloud-init[986]: |   o .  o. B .   |
[[0;32m  OK  [0m] Started OpenBSD Secure Shell server.
[   32.510241] cloud-init[986]: |      .. .. .    |
[   32.525054] [[0;32m  OK  [0m] Started LSB: Set the CPU Frequency Scaling governor to "ondemand".
cloud-init[986]: |      ..         |
[   32.544210] cloud-init[986]: [[0;32m  OK  [0m] Started LSB: daemon to balance interrupts for SMP systems.
|      ..         |
[   32.616586] [[0;32m  OK  [0m] Started LSB: automatic crash report generation.
cloud-init[986]: +----[SHA256]-----+
[[0;32m  OK  [0m] Started Terminate Plymouth Boot Screen.
[[0;32m  OK  [0m] Started Hold until boot process finishes up.
[[0;32m  OK  [0m] Started Serial Getty on ttyS0.
[[0;32m  OK  [0m] Started Getty on tty1.
[[0;32m  OK  [0m] Reached target Login Prompts.
         Starting Set console scheme...
[[0;32m  OK  [0m] Started Set console scheme.
[[0;32m  OK  [0m] Started Wait until snapd is fully seeded.
[[0;32m  OK  [0m] Reached target Multi-User System.
[[0;32m  OK  [0m] Reached target Graphical Interface.
         Starting Update UTMP about System Runlevel Changes...
         Starting Apply the settings specified in cloud-config...
[[0;32m  OK  [0m] Started Update UTMP about System Runlevel Changes.

Ubuntu 16.04.5 LTS ubuntu-xenial ttyS0

ubuntu-xenial login: [   40.528961] cloud-init[1323]: Generating locales (this might take a while)...
[   44.808621] cloud-init[1323]:   en_US.UTF-8... done
[   44.811266] cloud-init[1323]: Generation complete.
[   46.426655] cloud-init[1323]: Cloud-init v. 18.3-9-g2e62cb8a-0ubuntu1~16.04.2 running 'modules:config' at Fri, 30 Nov 2018 22:30:41 +0000. Up 39.58 seconds.
ci-info: no authorized ssh keys fingerprints found for user ubuntu.
<14>Nov 30 22:30:51 ec2: 
<14>Nov 30 22:30:51 ec2: #############################################################
<14>Nov 30 22:30:51 ec2: -----BEGIN SSH HOST KEY FINGERPRINTS-----
<14>Nov 30 22:30:51 ec2: 1024 SHA256:nfLx6Q17+DBxDWK2GlEFOGeKCwPOhwAZkGUH+zt2FOw root@ubuntu-xenial (DSA)
<14>Nov 30 22:30:51 ec2: 256 SHA256:W1nlWuJv0eEFP2e4JuSLbTESsVggmbhDSX289utkguU root@ubuntu-xenial (ECDSA)
<14>Nov 30 22:30:51 ec2: 256 SHA256:Xw5zZBaQJ7YB/zYJOTkUyS9os6MbEClh8oL4Ewa6nRM root@ubuntu-xenial (ED25519)
<14>Nov 30 22:30:51 ec2: 2048 SHA256:VqcKT81t8caVXD2cWsxo/z8Ml3MNgl/erXTrtV1EN0U root@ubuntu-xenial (RSA)
<14>Nov 30 22:30:51 ec2: -----END SSH HOST KEY FINGERPRINTS-----
<14>Nov 30 22:30:51 ec2: #############################################################
-----BEGIN SSH HOST KEY KEYS-----
ecdsa-sha2-nistp256 AAAAE2VjZHNhLXNoYTItbmlzdHAyNTYAAAAIbmlzdHAyNTYAAABBBKFTGf6WSlM/YGp/O/auFIzdae7Rdmi0kOgW9mpAkoDSFbrZRoUP+jN3jyJ9r2Z0YjpwxZje7/2xc486v6mADw0= root@ubuntu-xenial
ssh-ed25519 AAAAC3NzaC1lZDI1NTE5AAAAIBVhQcDujhz/JtAh9yHVi1YqQwkMJFY5X/wt+hkVVJeG root@ubuntu-xenial
ssh-rsa AAAAB3NzaC1yc2EAAAADAQABAAABAQDc8kf3bWBkOvAFi2UQq5NeMANkQAGrGbsGcAtJ/r3vUarXPz+h1BbBXkqJT7Kmn76KkmuKmBqT31Qlq+ipRlJmFRyS4LmBywJrcbyk2+aTd30F3G6Cfw06/rZHo39TelIyKuJTZfieXZKAuISgi0vYXgKXaGIxbo0JxnGRZDrNg8jL5rkagd+8Ge9FmW4c71EcN1AlT6qQBnUtuSvkedNs7Su5tbDbg+egRmlp0F7PQ/8cbj0zOIu2mKvBMcuADwi5/cQfBg4ETpllHGeba9WMCJGq60IhwF/QBrFEZI8xo+vxpGUSMe2M/VktMmsybNCfr6XMYG6ZpbTeVvSROSmN root@ubuntu-xenial
-----END SSH HOST KEY KEYS-----
[   49.464784] cloud-init[1553]: Cloud-init v. 18.3-9-g2e62cb8a-0ubuntu1~16.04.2 running 'modules:final' at Fri, 30 Nov 2018 22:30:50 +0000. Up 48.57 seconds.
[   49.465756] cloud-init[1553]: ci-info: no authorized ssh keys fingerprints found for user ubuntu.
[   49.466504] cloud-init[1553]: Cloud-init v. 18.3-9-g2e62cb8a-0ubuntu1~16.04.2 finished at Fri, 30 Nov 2018 22:30:51 +0000. Datasource DataSourceNoCloud [seed=/dev/sdb][dsmode=net].  Up 49.41 seconds
         Stopping Authenticate and Authorize Users to Run Privileged Tasks...
         Stopping Session 3 of user vagrant.
[[0;32m  OK  [0m] Stopped target Cloud-init target.
[[0;32m  OK  [0m] Stopped Execute cloud user/final scripts.
         Stopping Session 4 of user vagrant.
[[0;32m  OK  [0m] Stopped target Graphical Interface.
         Stopping Accounts Service...
[[0;32m  OK  [0m] Stopped Apply the settings specified in cloud-config.
[[0;32m  OK  [0m] Stopped target Cloud-config availability.
[[0         Stopping LSB: MD monitoring daemon...
         Stopping D-Bus System Message Bus...
         Stopping LSB: Set the CPU Frequency Scaling governor to "ondemand"...
         Stopping Unattended Upgrades Shutdown...
         Stopping System Logging Service...
         Stopping Virtualbox guest utils...
[[0;32m  OK  [0m] Stopped target Timers.
[[0;32m  OK  [0m] Stopped Daily apt upgrade and clean activities.
[[0;32m  OK  [0m] Stopped Daily apt download activities.
[[0;32m  OK  [0m] Stopped target System Time Synchronized.
[[0;32m  OK  [0m] Stopped Daily Cleanup of Temporary Directories.
         Stopping FUSE filesystem for LXC...
         Stopping User Manager for UID 1000...
[[0;32m  OK  [0m] Unmounted /var/lib/lxcfs.
[[0;32m  OK  [0m] Stopped Accounts Service.
[[0;32m  OK  [0m] Stopped System Logging Service.
[[0;32m  OK  [0m] Stopped Snappy daemon.
[[0;32m  OK  [0m] Stopped ACPI event daemon.
[[0;32m  OK  [0m] Stopped Regular background program processing daemon.
[[0;32m  OK  [0m] Stopped Deferred execution scheduler.
[[0;32m  OK  [0m] Stopped Authenticate and Authorize Users to Run Privileged Tasks.
[[0;32m  OK  [0m] Stopped Serial Getty on ttyS0.
[[0;32m  OK  [0m] Stopped Getty on tty1.
[[0;32m  OK  [0m] Stopped User Manager for UID 1000.
[[0;32m  OK  [0m] Stopped Session 2 of user vagrant.
[[0;32m  OK  [0m] Stopped OpenBSD Secure Shell server.
[[0;32m  OK  [0m] Stopped Session 3 of user vagrant.
[[0;32m  OK  [0m] Stopped D-Bus System Message Bus.
[[0;32m  OK  [0m] Stopped Unattended Upgrades Shutdown.
[[0;32m  OK  [0m] Stopped FUSE filesystem for LXC.
[[0;32m  OK  [0m] Stopped LSB: Record successful boot for GRUB.
[[0;32m  OK  [0m] Stopped LSB: daemon to balance interrupts for SMP systems.
[[0;32m  OK  [0m] Stopped LXD - container startup/shutdown.
[[0;32m  OK  [0m] Stopped LSB: automatic crash report generation.
[[0;32m  OK  [0m] Stopped LSB: MD monitoring daemon.
[[0;32m  OK  [0m] Stopped LSB: Set the CPU Frequency Scaling governor to "ondemand".
[[0;32m  OK  [0m] Stopped Virtualbox guest utils.
[[0;32m  OK  [0m] Removed slice system-getty.slice.
[[0;32m  OK  [0m] Stopped /etc/rc.local Compatibility.
[[0;32m  OK  [0m] Removed slice system-serial\x2dgetty.slice.
[[0;32m  OK  [0m] Stopped Session 4 of user vagrant.
[[0;32m  OK  [0m] Removed slice User Slice of vagrant.
         Stopping Login Service...
         Stopping Permit User Sessions...
[[0;32m  OK  [0m] Stopped Permit User Sessions.
[[0;32m  OK  [0m] Stopped Login Service.
[[0;32m  OK  [0m] Stopped target Remote File Systems.
[[0;32m  OK  [0m] Stopped target Remote File Systems (Pre).
         Stopping Login to default iSCSI targets...
[[0;32m  OK  [0m] Stopped target Basic System.
[[0;32m  OK  [0m] Stopped target Sockets.
[[0;32m  OK  [0m] Closed D-Bus System Message Bus Socket.
[[0;32m  OK  [0m] Closed Socket activation for snappy daemon.
[[0;32m  OK  [0m] Closed UUID daemon activation socket.
[[0;32m  OK  [0m] Closed LXD - unix socket.
[[0;32m  OK  [0m] Closed Syslog Socket.
[[0;32m  OK  [0m] Closed ACPID Listen Socket.
[[0;32m  OK  [0m] Stopped target Slices.
[[0;32m  OK  [0m] Removed slice User and Session Slice.
[[0;32m  OK  [0m] Stopped target Paths.
[[0;32m  OK  [0m] Stopped Dispatch Password Requests to Console Directory Watch.
[[0;32m  OK  [0m] Stopped ACPI Events Check.
[[0;32m  OK  [0m] Stopped target System Initialization.
[[0;32m  OK  [0m] Stopped Commit a transient machine-id on disk.
[[0;32m  OK  [0m] Stopped Create Volatile Files and Directories.
         Stopping Load/Save Random Seed...
[[0;32m  OK  [0m] Stopped target Encrypted Volumes.
[[0;32m  OK  [0m] Stopped target Swap.
[[0;32m  OK  [0m] Stopped Forward Password Requests to Wall Directory Watch.
[[0;32m  OK  [0m] Stopped target User and Group Name Lookups.
[[0;32m  OK  [0m] Stopped Load/Save Random Seed.
[[0;32m  OK  [0m] Stopped Login to default iSCSI targets.
         Stopping iSCSI initiator daemon (iscsid)...
[[0;32m  OK  [0m] Stopped iSCSI initiator daemon (iscsid).
[[0;32m  OK  [0m] Stopped target Network is Online.
[[0;32m  OK  [0m] Stopped target Network.
[[0;32m  OK  [0m] Stopped Initial cloud-init job (metadata service crawler).
         Stopping Raise network interfaces...
[[0;32m  OK  [0m] Stopped Raise network interfaces.
[[0;32m  OK  [0m] Stopped target Local File Systems.
         Unmounting /run/user/1000...
         Unmounting /vagrant...
[[0;32m  OK  [0m] Stopped Apply Kernel Variables.
[[0;32m  OK  [0m] Stopped Load Kernel Modules.
[[0;32m  OK  [0m] Stopped target Network (Pre).
[[0;32m  OK  [0m] Stopped Initial cloud-init job (pre-networking).
[[0;32m  OK  [0m] Unmounted /run/user/1000.
[[0;32m  OK  [0m] Unmounted /vagrant.
[[0;32m  OK  [0m] Reached target Unmount All Filesystems.
[[0;32m  OK  [0m] Stopped target Local File Systems (Pre).
[[0;32m  OK  [0m] Stopped Remount Root and Kernel File Systems.
[[0;32m  OK  [0m] Stopped Create Static Device Nodes in /dev.
[[0;32m  OK  [0m] Reached target Shutdown.
[  257.523335] reboot: Restarting system with command 'now'
[    0.000000] Initializig cgroup subsys cpuset
[    0.000000] Initialiing cgroup subsys cpu
[    0.000000] Initializing cgroup subsys cpuacct
[    0.000000] Linux version 4.4.0-134-generic (buildd@lgw01-amd64-033) (gcc version 5.4.0 20160609 (Uuntu 5.4.0-6ubuntu1~16.04.10) ) #160-Ubuntu SMP Wed Aug 15 14:58:00 UTC 2018 (Ubuntu 4.4.0-134.160-generic 4.4.140)
[    0.000000] Command line: BOOT_IMAGE=/boot/vmlinuz-4.4.0-134-generic root=LABEL=cloudimg-rootfs ro console=tty1 console=ttyS0
[    0.000000] KERNELsupportd cpus
[    0.000000]   IntelGenuineItel
[    0.000000]   AMD AuthentcAMD
[    0.000000]   Centaur CentaurHauls
[   0.00000] x86/fpu: xstate_offset[2]:  576, xstate_sizes[2]:  256
[   0.00000] x6/fpu: Supporting XSAVE feature 0x01: 'x87 foating point registers'
[    0.000000] x86/fpu: Supporting XSAVE feature 0x02: 'SSE registers'
[    0.000000] x86/fpu: Supporting XSAVE feature 0x04 'AV registers'
[   0.000000] x86/fpu: Enabled xstate features 0x7,context size is 832 bytes, using 'standad' format.
[    0.000000] e820: BIOS-rovded phsical RAM map:
[   0.00000] BIOS-e800: [mem 0x0000000000000000-0x000000000009fbff] usable
[    0.000000] BIOS-e820: [mem x000000000009f00-0x000000000009ffff] reserved
[    0.000000] BIOS-e820: [mem 0x00000000000f0000-0x00000000000fffff] reserved
[    0.000000] BIOS-e820: [mem 0x0000000000100000-0x000000003ffeffff] usable
[    0.000000] BIOS-e820: [mem 0x000000003fff0000-0x000000003fffffff] ACPI data
[    0.000000] BIOS-e820: [mem 0x00000000fec00000-0x00000000fec00fff] reserved
[    0.000000] BIOS-e820: [mem 0x00000000fee00000-0x00000000fee00fff] reserved
[    0.000000] BIOS-e820: [mem 0x00000000fffc0000-000000000ffffffff] reserved
[    0.00000] NX (xecute Dsable) protection: active
[    0.000000] SMBIOS 2. prsent.
    0.00000] Hypervisor deteected: KVM
[    0.000000] e820: last_pfn = 0x3ff0 max_arch_pfn = 0x400000000
[   0.000000] MTRR: Disabled
[    0.000000] x86/PAT: MTRRs disabled, skipping PAT initialization too.
[    0.000000] CPU MTRRs all blank - virtualized system.
[    0.000000] x86/PAT: Configuration [0-7]: WB  WT  UC- UC  WB  WT  UC- UC  
[    0.000000] found SMP MP-table at [mem 0x0009fff0-0x0009ffff] mapped at [ffff88000009fff0]
[    0.000000] Scanning 1 areas for low meory corrupton
[    0.000000] RAMDISK: [mem 0x3630c000-0x3717dfff]
[   0.00000] API: Early table checksum veriicatin disabled
[    0.000000] ACPI: RSDP0x00000000000E0000 000024 (v02 VBOX )
[    0.000000] ACI: XSDT 0x000000003FFF0030 00003C (v01 VBOX   VBOXXSDT 00000001 ASL  00000061)
[    0.000000] ACPI: FACP 0x000000003FFF00F0 0000F4 (v04 VBOX   VBOXFACP 00000001 ASL  00000061)
[    0.000000] ACPI: DSDT 0x000000003FFF0470 0021FF (v02 VBOX   VBOXBIOS 00000002 INTL 20100528)
[    0.000000] ACPI: FACS 0x000000003FFF0200 000040
[    0.000000] ACPI: FACS 0x000000003FFF0200 000040
[    0.000000] ACPI: APIC 0x000000003FFF0240 0000C (v02 VBO   VBOXAPIC 00000001 ASL  0000061)
[    0.000000] ACPI: SSDT 0x000000003FFF02A0 0001CC (v01VBOX  VBOXCPUT 00000002 INTL 20100528)
[   0.00000] No NUMA coniguraton found
[    0.000000] Faking a node at [mem 0x0000000000000000-0x00000003ffeffff]
[   0.000000] NODE_DATA(0) allocated [mem 0x3ffeb000-0x3ffeffff]
[    0.000000]kvm-clock: Using msrs 4b564d01 and 4b564d00
[   0.000000] kvm-clock: cpu 0, sr 0:3fe3001, primary cpu clock
[   0.000000] kvm-cocck: using sched offsetof 269103980001 cycles
[    0.000000] cloksorce: km-clock: mask: 0xfffffffffffffff max_ycles: 0x1cd42e4dffb, max_idle_ns: 881590591483 ns
[    0.000000] Zone ranges:
[    0.000000]   DMA      [mem 0x000000000001000-0x0000000000ffffff]
[    0.000000   DA32   [mem 0x0000000001000000-0x000000003ffeffff]
[   0.00000]   Normal   empty
[    0.000000]   Device   empty
[   0.000000] Movable zone start for each node
[    0.000000] Early memry node ranges
[    0.000000   ode   0: [mem 0x000000000001000-0x000000000009eff]
[    0.000000]   node   0: [mem 0x0000000000100000-0x000000003ffeffff]
[    0.000000] Initmem setup node 0 [mem 0x0000000000001000-0x000000003ffeffff]
[    0.000000] ACPI: PM-Timer IO Port: 0x4008
[    0.000000] IOAPIC[0]: apic_id 2, version 32, address 0xfec00000, GSI 0-23
[    0.000000] ACPI: INT_SRC_OVR (bus 0 bus_irq 0 global_irq 2 dfl dfl

[    .00000] ACPI: INT_SRC_OVR (bus 0 bus_irq 9 global_rq 9 lowlevel)
[    0.000000] Usigg ACPI (MDT) or SMP configuration infomation
[    0.000000] smpbot: Allwing  CPUs 0 hotplug CPUs
[    0.00000] PM: Registered nosave memory: [mem 0x00000000-0x00000fff]
[    0.000000] PM: Registered nosave memory: [mem 0x0009f000-0x0009ffff]
[    0.000000] PM: Registered nosave memory: [mem 0x000a0000-0x000effff]
[    0.000000] PM: Registered nosave memory: [mem 0x000f0000-0x000fffff]
[    0.000000] e820: [mem 0x40000000-0xfebfffff] available for PCI devices
[    0.000000] Booting paravirtualized kernel on KVM
[    0.000000] clocksource: refined-jiffies: mask: 0xffffffff max_cycles: 0xffffffff, max_idle_ns: 7645519600211568 ns
[    0.000000] setup_percpu: NR_CPUS:512 nr_cpumask_bits:512 nr_cpu_ids:2 nr_node_ids:1
[    0.000000] PERCPU: Embedded 34 pages/cpu @ffff88003fc00000 s99544 r8192 d31528 u1048576
[    0.000000] PV qspinlock hash table entries: 256 (order: 0, 4096 bytes)
[    0.000000] Built 1 zonelists in Node order, mobility grouping on.  Total pages: 257912
[    0.000000] Policy zone: DMA32
[    0.000000] Kernel command line: BOOT_IMAGE=/boot/vmlinuz-4.4.0-134-generic root=LABEL=cloudimg-rootfs ro console=tty1 console=ttyS0
[    0.000000] PID hash table entries: 4096 (order: 3, 32768 bytes)
    0.000000] Memory: 997724K/104820K avilable (8554K kernel code, 1314K rwdata, 4004K rodata, 1516K init, 1316K bss, 50396K reserved, 0K cma-reserved)
[    0.000000] SLUB: HWalign=64, Order=0-3, MinObjects=0, CPUs=2, Nodes=1
[    0.000000] Kernel/User page tables isolation: enabled
[    0.000000] Hierarchical RCU implementation.
[    0.000000] 	Build-time adjustment of leaf fanout to 64.
[    0.000000] 	RCU restricting CPUs from NR_CPUS=512 to nr_cpu_ids=2.
[    0.000000] RCU: Adjusting geometry for rcu_fanout_leaf=64, nr_cpu_ids=2
[    0.000000] NR_IRQS:33024 nr_irqs:440 16
[    0.000000] Console: colour VGA+ 80x25
[    0.000000] console [tty1] enabled
[    0.000000] console [ttyS0] enabled
[    0.000000] tsc: Detected 2807.998 MHz processor
[    9.469445] Calibrating delay loop (skipped) preset value.. 5615.99 BogoMIPS (lpj=11231992)
[    9.526757] pid_max: default: 32768 minimum: 301
[    9.531853] ACPI: Core revision 20150930
[    9.543006] ACPI: 2 ACPI AML tables successfully acquired and loaded
[    9.553589] Security Framework initialized
[    9.558873] Yama: becoming mindful.
[    9.562348] AppArmor: AppArmor initialized
[    9.566368] Dentry cache hash table entries: 131072 (order: 8, 1048576 bytes)
[    9.578738] Inode-cache hash table entries: 65536 (order: 7, 524288 bytes)
[    9.590149] Mount-cache hash table entries: 2048 (order: 2, 16384 bytes)
[    9.595906] Mountpoint-cache hash table entries: 2048 (order: 2, 16384 bytes)
[    9.602346] Initializing cgroup subsys io
[    9.606395] Initializing cgroup subsys memory
[    9.613568] Initializing cgroup subsys devices
[    9.620211] Initializing cgroup subsys freezer
[    9.623673] Initializing cgroup subsys net_cls
[    9.627798] Initializing cgroup subsys perf_event
[    9.631920] Initializing cgroup subsys net_prio
[    9.637251] Initializing cgroup subsys hugetlb
[    9.640747] Initializing cgroup subsys pids
[    9.649021] mce: CPU supports 0 MCE banks
[    9.656771] Last level iTLB entries: 4KB 64, 2MB 8, 4MB 8
[    9.663836] Last level dTLB entries: 4KB 64, 2MB 0, 4MB 0, 1GB 4
[    9.670338] Spectre V2 : Mitigation: Full generic retpoline
[    9.675283] Spectre V2 : Speculation control IBPB not-supported IBRS not-supported
[    9.684317] Spectre V2 : Filling RSB on context switch
[    9.701048] Speculative Store Bypass: Vulnerable
[    9.720245] Freeing SMP alternatives memory: 32K
[    9.758173] ftrace: allocating 32266 entries in 127 pages
[   10.024501] smpboot: APIC(0) Converting physical 0 to logical package 0
[   10.032158] smpboot: Max logical packages: 1
[   10.037529] x2apic enabled
[   10.049334] Switched APIC routing to physical x2apic.
[   10.058286] ..TIMER: vector=0x30 apic1=0 pin1=2 apic2=-1 pin2=-1
[   10.174130] smpboot: CPU0: Intel(R) Core(TM) i7-6600U CPU @ 2.60GHz (family: 0x6, model: 0x4e, stepping: 0x3)
[   10.187948] Performance Events: unsupported p6 CPU model 78 no PMU driver, software events only.
[   10.196915] KVM setup paravirtual spinlock
[   10.202598] x86: Booting SMP configuration:
[   10.207704] .... node  #0, CPUs:      #1
[   10.211371] kvm-clock: cpu 1, msr 0:3ffe3041, secondary cpu clock
[   10.218724] mce: CPU supports 0 MCE banks
[   10.223237] x86: Booted up 1 node, 2 CPUs
[   10.236521] smpboot: Total of 2 processors activated (11231.99 BogoMIPS)
[   10.256385] devtmpfs: initialized
[   10.279171] evm: security.selinux
[   10.296970] evm: security.SMACK64
[   10.311324] evm: security.SMACK64EXEC
[   10.331923] evm: security.SMACK64TRANSMUTE
[   10.347646] evm: security.SMACK64MMAP
[   10.363236] evm: security.ima
[   10.374993] evm: security.capability
[   10.397458] clocksource: jiffies: mask: 0xffffffff max_cycles: 0xffffffff, max_idle_ns: 7645041785100000 ns
[   10.431373] futex hash table entries: 512 (order: 3, 32768 bytes)
[   10.452790] pinctrl core: initialized pinctrl subsystem
[   10.484041] RTC time: 22:34:32, date: 11/30/18
[   10.517283] NET: Registered protocol family 16
[   10.559050] cpuidle: using governor ladder
[   10.578727] cpuidle: using governor menu
[   10.582563] PCCT header not found.
[   10.591484] ACPI: bus type PCI registered
[   10.597743] acpiphp: ACPI Hot Plug PCI Controller Driver version: 0.5
[   10.605812] PCI: Using configuration type 1 for base access
[   10.629425] ACPI: Added _OSI(Module Device)
[   10.632969] ACPI: Added _OSI(Processor Device)
[   10.636978] ACPI: Added _OSI(3.0 _SCP Extensions)
[   10.650709] ACPI: Added _OSI(Processor Aggregator Device)
[   10.661072] ACPI: Executed 1 blocks of module-level executable AML code
[   10.677984] ACPI: Interpreter enabled
[   10.685077] ACPI: (supports S0 S5)
[   10.688209] ACPI: Using IOAPIC for interrupt routing
[   10.692814] PCI: Using host bridge windows from ACPI; if necessary, use "pci=nocrs" and report a bug
[   10.715946] ACPI: PCI Root Bridge [PCI0] (domain 0000 [bus 00-ff])
[   10.720358] acpi PNP0A03:00: _OSC: OS supports [ASPM ClockPM Segments MSI]
[   10.725577] acpi PNP0A03:00: _OSC: not requesting OS control; OS requires [ExtendedConfig ASPM ClockPM MSI]
[   10.771804] acpi PNP0A03:00: fail to add MMCONFIG information, can't access extended PCI configuration space under this bridge.
[   10.830439] PCI host bridge to bus 0000:00
[   10.850943] pci_bus 0000:00: root bus resource [io  0x0000-0x0cf7 window]
[   10.882560] pci_bus 0000:00: root bus resource [io  0x0d00-0xffff window]
[   10.920456] pci_bus 0000:00: root bus resource [mem 0x000a0000-0x000bffff window]
[   10.926345] pci_bus 0000:00: root bus resource [mem 0x40000000-0xfdffffff window]
[   10.933684] pci_bus 0000:00: root bus resource [bus 00-ff]
[   10.945108] pci 0000:00:01.1: legacy IDE quirk: reg 0x10: [io  0x01f0-0x01f7]
[   10.950611] pci 0000:00:01.1: legacy IDE quirk: reg 0x14: [io  0x03f6]
[   10.956808] pci 0000:00:01.1: legacy IDE quirk: reg 0x18: [io  0x0170-0x0177]
[   10.965688] pci 0000:00:01.1: legacy IDE quirk: reg 0x1c: [io  0x0376]
[   11.024457] pci 0000:00:07.0: quirk: [io  0x4000-0x403f] claimed by PIIX4 ACPI
[   11.084636] pci 0000:00:07.0: quirk: [io  0x4100-0x410f] claimed by PIIX4 SMB
[   11.181592] ACPI: PCI Interrupt Link [LNKA] (IRQs 5 9 10 *11)
[   11.214144] ACPI: PCI Interrupt Link [LNKB] (IRQs 5 9 *10 11)
[   11.244803] ACPI: PCI Interrupt Link [LNKC] (IRQs 5 *9 10 11)
[   11.257619] ACPI: PCI Interrupt Link [LNKD] (IRQs 5 9 10 *11)
[   11.282577] ACPI: Enabled 2 GPEs in block 00 to 07
[   11.299620] vgaarb: setting as boot device: PCI:0000:00:02.0
[   11.306649] vgaarb: device added: PCI:0000:00:02.0,decodes=io+mem,owns=io+mem,locks=none
[   11.317960] vgaarb: loaded
[   11.335789] vgaarb: bridge control possible 0000:00:02.0
[   11.343027] SCSI subsystem initialized
[   11.349007] ACPI: bus type USB registered
[   11.353270] usbcore: registered new interface driver usbfs
[   11.358810] usbcore: registered new interface driver hub
[   11.366063] usbcore: registered new device driver usb
[   11.375895] PCI: Using ACPI for IRQ routing
[   11.382309] NetLabel: Initializing
[   11.385958] NetLabel:  domain hash size = 128
[   11.390700] NetLabel:  protocols = UNLABELED CIPSOv4
[   11.395985] NetLabel:  unlabeled traffic allowed by default
[   11.402137] amd_nb: Cannot enumerate AMD northbridges
[   11.409407] clocksource: Switched to clocksource kvm-clock
[   11.442357] AppArmor: AppArmor Filesystem Enabled
[   11.448597] pnp: PnP ACPI init
[   11.458722] pnp: PnP ACPI: found 3 devices
[   11.523144] clocksource: acpi_pm: mask: 0xffffff max_cycles: 0xffffff, max_idle_ns: 2085701024 ns
[   11.538363] NET: Registered protocol family 2
[   11.544689] TCP established hash table entries: 8192 (order: 4, 65536 byts)
[   11.675572] TCP bind hash table entries: 8192 (order: 5, 131072 bytes)
[   11.685954] TCP: Hash tables configured (established 8192 bind 8192)
[   11.692335] UDP hash table entries: 512 (order: 2, 16384 bytes)
[   11.700801] UDP-Lite hash table entries: 512 (order: 2, 16384 bytes)
[   11.708614] NET: Registered protocol family 1
[   11.714149] pci 0000:00:00.0: Limiting direct PCI/PCI transfers
[   11.720112] pci 0000:00:01.0: Activating ISA DMA hang workarunds
[   11.888295] Unpacking initramfs...

[   14.409257] Freeing initrd memory: 14792K
[   14.420734] platform rtc_cmos: registered platform RTC device (no PNP device found)
[   14.433345] Scanning for low memory corruption every 60 seconds
[   14.443419] audit: initializing netlink subsys (disabled)
[   14.448938] audit: type=2000 audit(1543617537.170:1): initialized
[   14.456255] Initialise system trusted keyring
[   14.463795] HugeTLB registered 2 MB page size, pre-allocated 0 pages
[   14.480137] zbud: loaded
[   14.492549] VFS: Disk quotas dquot_6.6.0
[   14.497273] VFS: Dquot-cache hash table entries: 512 (order 0, 4096 bytes)
[   14.505134] squashfs: version 4.0 (2009/01/31) Phillip Lougher
[   14.521376] fuse init (API version 7.23)
[   14.528382] Key type big_key registered
[   14.534531] Allocating IMA MOK and blacklist keyrings.
[   14.548872] Key type asymmetric registered
[   14.553822] Asymmetric key parser 'x509' registered
[   14.559035] Block layer SCSI generic (bsg) driver version 0.4 loaded (major 249)
[   14.573386] io scheduler noop registered
[   14.578492] io scheduler deadline registered (default)
[   14.592622] io scheduler cfq registered
[   14.600373] pci_hotplug: PCI Hot Plug PCI Core version: 0.5
[   14.606095] pciehp: PCI Express Hot Plug Controller Driver version: 0.4
[   14.612798] ACPI: AC Adapter [AC] (on-line)
[   14.617885] input: Power Button as /devices/LNXSYSTM:00/LNXPWRBN:00/input/input0
[   14.628993] ACPI: Power Button [PWRF]
[   14.639720] input: Sleep Button as /devices/LNXSYSTM:00/LNXSLPBN:00/input/input1
[   14.647979] ACPI: Sleep Button [SLPF]
[   14.657282] ACPI: Battery Slot [BAT0] (battery present)
[   14.664264] GHES: HEST is not enabled!
[   14.669934] Serial: 8250/16550 driver, 32 ports, IRQ sharing enabled
[   14.720678] 00:02: ttyS0 at I/O 0x3f8 (irq = 4, base_baud = 115200) is a 16550A
[   14.734262] Linux agpgart interface v0.103
[   14.772101] loop: module loaded
[   14.779391] scsi host0: ata_piix
[   14.783820] scsi host1: ata_piix
[   14.787616] ata1: PATA max UDMA/33 cmd 0x1f0 ctl 0x3f6 bmdma 0xd000 irq 14
[   14.819056] ata2: PATA max UDMA/33 cmd 0x170 ctl 0x376 bmdma 0xd008 irq 15
[   14.826596] libphy: Fixed MDIO Bus: probed
[   14.831930] tun: Universal TUN/TAP device driver, 1.6
[   14.837143] tun: (C) 1999-2004 Max Krasnyansky <maxk@qualcomm.com>
[   14.851511] PPP generic driver version 2.4.2
[   14.856049] ehci_hcd: USB 2.0 'Enhanced' Host Controller (EHCI) Driver
[   14.871100] ehci-pci: EHCI PCI platform driver
[   14.878423] ehci-platform: EHCI generic platform driver
[   14.887036] ohci_hcd: USB 1.1 'Open' Host Controller (OHCI) Driver
[   14.894611] ohci-pci: OHCI PCI platform driver
[   14.901196] ohci-platform: OHCI generic platform driver
[   14.906919] uhci_hcd: USB Universal Host Controller Interface driver
[   14.913784] i8042: PNP: PS/2 Controller [PNP0303:PS2K,PNP0f03:PS2M] at 0x60,0x64 irq 1,12
[   14.930174] serio: i8042 KBD port at 0x60,0x64 irq 1
[   14.935178] serio: i8042 AUX port at 0x60,0x64 irq 12
[   14.940815] mousedev: PS/2 mouse device common for all mice
[   14.949220] rtc_cmos rtc_cmos: rtc core: registered rtc_cmos as rtc0
[   14.956384] input: AT Translated Set 2 keyboard as /devices/platform/i8042/serio0/input/input2
[   14.973272] rtc_cmos rtc_cmos: alarms up to one day, 114 bytes nvram
[   15.023446] i2c /dev entries driver
[   15.027578] device-mapper: uevent: version 1.0.3
[   15.034159] device-mapper: ioctl: 4.34.0-ioctl (2015-10-28) initialised: dm-devel@redhat.com
[   15.042630] ledtrig-cpu: registered to indicate activity on CPUs
[   15.065754] NET: Registered protocol family 10
[   15.072594] NET: Registered protocol family 17
[   15.085180] Key type dns_resolver registered
[   15.092789] registered taskstats version 1
[   15.102299] Loading compiled-in X.509 certificates
[   15.117363] Loaded X.509 cert 'Build time autogenerated kernel key: 4eb3d024ac16f76c1747ffd474694c84db21038b'
[   15.135889] zswap: loaded using pool lzo/zbud
[   15.151621] Key type trusted registered
[   15.176699] Key type encrypted registered
[   15.182978] AppArmor: AppArmor sha1 policy hashing enabled
[   15.189557] ima: No TPM chip found, activating TPM-bypass!
[   15.194654] ima: Allocated hash algorithm: sha1
[   15.213899] evm: HMAC attrs: 0x1
[   15.222290]   Magic number: 10:650:604
[   15.226767] rtc_cmos rtc_cmos: setting system clock to 2018-11-30 22:34:37 UTC (1543617277)
[   15.235893] BIOS EDD facility v0.16 2004-Jun-25, 0 devices found
[   15.241849] EDD information not available.
[   15.256015] Freeing unused kernel memory: 1516K
[   15.273564] Write protecting the kernel read-only data: 14336k
[   15.284155] Freeing unused kernel memory: 1672K
[   15.290459] Freeing unused kernel memory: 92K
Loading, please wait...
starting version[   15.371374] random: udevadm: uninitialized urandom read (16 bytes read, 5 bits of entropy available)
 229
[   15.372443] random: systemd-udevd: uninitialized urandom read (16 bytes read, 5 bits of entropy available)
[   15.372864] random: systemd-udevd: uninitialized urandom read (16 bytes read, 5 bits of entropy available)
[   15.372927] random: systemd-udevd: uninitialized urandom read (16 bytes read, 5 bits of entropy available)
[   15.372992] random: systemd-udevd: uninitialized urandom read (16 bytes read, 5 bits of entropy available)
[   15.455051] random: udevadm: uninitialized urandom read (16 bytes read, 5 bits of entropy available)
[   15.515122] random: systemd-udevd: uninitialized urandom read (16 bytes read, 5 bits of entropy available)
[   15.542504] random: udevadm: uninitialized urandom read (16 bytes read, 5 bits of entropy available)
[   15.542876] random: udevadm: uninitialized urandom read (16 bytes read, 5 bits of entropy available)
[   15.544017] random: udevadm: uninitialized urandom read (16 bytes read, 5 bits of entropy available)
[   15.925784] e1000: Intel(R) PRO/1000 Network Driver - version 7.3.21-k8-NAPI
[   15.935214] e1000: Copyright (c) 1999-2006 Intel Corporation.
[   16.030542] Fusion MPT base driver 3.04.20
[   16.035367] Copyright (c) 1999-2008 LSI Corporation
[   16.163773] Fusion MPT SPI Host driver 3.04.20
[   16.309158] AVX2 version of gcm_enc/dec engaged.
[   16.320641] AES CTR mode by8 optimization enabled
[   16.419942] input: ImExPS/2 Generic Explorer Mouse as /devices/platform/i8042/serio1/input/input4
[   16.853269] e1000 0000:00:03.0 eth0: (PCI:33MHz:32-bit) 02:1d:76:b3:3c:fe
[   16.908250] e1000 0000:00:03.0 eth0: Intel(R) PRO/1000 Network Connection
[   16.922728] mptbase: ioc0: Initiating bringup
[   16.990602] ioc0: LSI53C1030 A0: Capabilities={Initiator}
[   17.182939] scsi host2: ioc0: LSI53C1030 A0, FwRev=00000000h, Ports=1, MaxQ=256, IRQ=20
[   17.326428] scsi 2:0:0:0: Direct-Access     VBOX     HARDDISK         1.0  PQ: 0 ANSI: 5
[   17.361896] scsi target2:0:0: Beginning Domain Validation
[   17.373705] scsi target2:0:0: Domain Validation skipping write tests
[   17.384982] scsi target2:0:0: Ending Domain Validation
[   17.394186] scsi target2:0:0: asynchronous
[   17.429691] scsi 2:0:1:0: Direct-Access     VBOX     HARDDISK         1.0  PQ: 0 ANSI: 5
[   17.436843] scsi target2:0:1: Beginning Domain Validation
[   17.447362] scsi target2:0:1: Domain Validation skipping write tests
[   17.458274] scsi target2:0:1: Ending Domain Validation
[   17.469599] scsi target2:0:1: asynchronous
[   17.495579] sd 2:0:0:0: Attached scsi generic sg0 type 0
[   17.500060] sd 2:0:0:0: [sda] 20971520 512-byte logical blocks: (10.7 GB/10.0 GiB)
[   17.512927] sd 2:0:1:0: Attached scsi generic sg1 type 0
[   17.516417] sd 2:0:0:0: [sda] Write Protect is off
[   17.516862] sd 2:0:1:0: [sdb] 20480 512-byte logical blocks: (10.5 MB/10.0 MiB)
[   17.517031] sd 2:0:0:0: [sda] Incomplete mode parameter data
[   17.517037] sd 2:0:0:0: [sda] Assuming drive cache: write through
[   17.517349] sd 2:0:1:0: [sdb] Write Protect is off
[   17.517794] sd 2:0:1:0: [sdb] Incomplete mode parameter data
[   17.517798] sd 2:0:1:0: [sdb] Assuming drive cache: write through
[   17.623812]  sda: sda1
[   17.626881] sd 2:0:0:0: [sda] Attached SCSI disk
[   17.637136] sd 2:0:1:0: [sdb] Attached SCSI disk
[   17.971170] e1000 0000:00:08.0 eth1: (PCI:33MHz:32-bit) 08:00:27:79:9d:16
[   17.979434] e1000 0000:00:08.0 eth1: Intel(R) PRO/1000 Network Connection
[   18.433927] tsc: Refined TSC clocksource calibration: 2808.966 MHz
[   18.439063] clocksource: tsc: mask: 0xffffffffffffffff max_cycles: 0x287d569623b, max_idle_ns: 440795212584 ns
[   18.566153] e1000 0000:00:09.0 eth2: (PCI:33MHz:32-bit) 08:00:27:ff:c3:99
[   18.581361] e1000 0000:00:09.0 eth2: Intel(R) PRO/1000 Network Connection
[   19.165529] e1000 0000:00:0a.0 eth3: (PCI:33MHz:32-bit) 08:00:27:1d:a8:6a
[   19.195804] e1000 0000:00:0a.0 eth3: Intel(R) PRO/1000 Network Connection
[   19.790081] e1000 0000:00:10.0 eth4: (PCI:33MHz:32-bit) 08:00:27:53:ba:5f
[   19.835814] e1000 0000:00:10.0 eth4: Intel(R) PRO/1000 Network Connection
[   19.857445] e1000 0000:00:0a.0 enp0s10: renamed from eth3
[   19.922404] e1000 0000:00:09.0 enp0s9: renamed from eth2
[   19.946146] e1000 0000:00:08.0 enp0s8: renamed from eth1
[   19.974564] e1000 0000:00:10.0 enp0s16: renamed from eth4
[   19.994817] e1000 0000:00:03.0 enp0s3: renamed from eth0
Begin: Loading essential drivers ... [   22.289002] md: linear personality registered for level -1
[   22.324536] md: multipath personality registered for level -4
[   22.352886] md: raid0 personality registered for level 0
[   22.381437] md: raid1 personality registered for level 1
[   22.465677] raid6: sse2x1   gen()  2241 MB/s
[   22.554193] raid6: sse2x1   xor()  1871 MB/s
[   22.634378] raid6: sse2x2   gen()  2925 MB/s
[   22.709962] raid6: sse2x2   xor()  2087 MB/s
[   22.809455] raid6: sse2x4   gen()  3125 MB/s
[   22.901519] raid6: sse2x4   xor()  2445 MB/s
[   22.981545] raid6: avx2x1   gen()  4151 MB/s
[   23.049841] raid6: avx2x2   gen()  5542 MB/s
[   23.145960] raid6: avx2x4   gen()  5503 MB/s
[   23.160420] raid6: using algorithm avx2x2 gen() 5542 MB/s
[   23.178121] raid6: using avx2x2 recovery algorithm
[   23.199879] xor: automatically using best checksumming function:
[   23.245826]    avx       :  5113.000 MB/sec
[   23.255414] async_tx: api initialized (async)
[   23.294910] md: raid6 personality registered for level 6
[   23.317168] md: raid5 personality registered for level 5
[   23.323537] md: raid4 personality registered for level 4
[   23.350555] md: raid10 personality registered for level 10
done.
Begin: Running /scripts/init-premount ... done.
Begin: Mounting root file system ... Begin: Running /scripts/local-top ... done.
Begin: Running /scripts/local-premount ... [   23.465979] Btrfs loaded
Scanning for Btrfs filesystems
done.
Warning: fsck not present, so sk[   23.571399] EXT4-fs (sda1): mounted filesystem with ordered data mode. Opts: (null)
ipping root file system
done.
Begin: Running /scripts/local-bottom ... done.
Begin: Running /scripts/init-bottom ... done.
[   23.939771] systemd[1]: systemd 229 running in system mode. (+PAM +AUDIT +SELINUX +IMA +APPARMOR +SMACK +SYSVINIT +UTMP +LIBCRYPTSETUP +GCRYPT +GNUTLS +ACL +XZ -LZ4 +SECCOMP +BLKID +ELFUTILS +KMOD -IDN)
[   23.955189] systemd[1]: Detected virtualization oracle.
[   23.959979] systemd[1]: Detected architecture x86-64.

Welcome to [1mUbuntu 16.04.5 LTS[0m!

[   23.976144] systemd[1]: Set hostname to <app02>.
[   24.745001] systemd[1]: Reached tage User anGroup Name Lookups.

[[0;32m  OK  [0m] Reached target User and Group Name Lookups.
[  25.5994] ystemd[1]: Listening on /dev/initctl Compatibility Named Pipe.
[[0;32m  OK  [0m] Listening on /dev/initctl Compatibility Named Pipe.
[   5.362397] systemd[1]: Set up automount Arbitrary Executable File Formats File System Automount Point.
[[   25.447440] random: nonblocking pool is initialized
[0;32m  OK  [0m] Set up automount Arbitrary Executab...ats File System Automount Point.
[   25930576] systemd[1]: Listenin o Journal Socket (/dev/log).

[[0;32m  OK  [0m] Listening on Journal Socket (/dev/log).
[   26.153417] systemd[1]: Listening on Devce-maper event daemon FIFOs.
[[0;32m  OK  [0m] Listening on Device-mapper event daemon FIFOs.
[   26.361191] systemd[1]: Created slice User and Session Slice.
[[0;32m  OK  [0m] Created slice User and Session Slice.
[   2.46161]syted[1]: Listening on LVM2 poll daemn socket.
[[0;32m  OK  [0m] Listening on LVM2 poll daemon socket.
[   26.911269] systemd[1]: Listening on Journal Audit Socket.
[[0;32m  OK  [0m] Listening on Journal Audit Socket.
[   26.923867] systemd[1]: Started Trigger resolvconf update for networkd DNS.
[[0;32m  OK  [0m] Started Trigger resolvconf update for networkd DNS.
[   26.970250] systemd[1]: Reached target System Time Synchronized. [[0;32m  OK  [0m] Reached target System Time Synchronized.
[  27.364752] sytemd[1]: Reached target Sp.
[[0;32m  OK  [0m] Reached target Swap.
[   27.919547] systemd[1]: Listening on Journal Socket.
[[0;32m  OK  [0m] Listening on Journal Socket.
[   27.934367] systemd[1]: Listening on Syslog Socket.
[[0;32m  OK  [0m] Listening on Syslog Socket.
[   28.299591] systemd[1]: Listening on dev Kernel Socket.
[[0;32m  OK  [0m] Listening on udev Kernel Socket.
[   28.915991] systemd[1]: Created slice System Slice.
[[0;32m  OK  [0m] Created slice System Slice.
[   28.942149] systemd[1]: Mounting POSIX Message Queue File System...
         Mounting POSIX Message Queue File System...
[   28.962956] systemd[1]: Starting Set console keymap...
         Starting Set console keymap...
[   28.978595] systemd[1]: Starting Create list of required static device nodes for the current kernel...
         Starting Create list of required st... nodes for the current kernel...
[   29.030955] systemd[1]: Starting Remount Root and Kernel File Systems...
         Starting Remount[   29.046807] EXT4-fs (sda1): re-mounted. Opts: (null)
 Root and Kernel File Systems...
[   29.138733] systemd[1]: Starting Load Kernel Modules...
         Starting Load Kernel Modules...
[   29.171666] systemd[1]: Starting Journal Service...
         Starting Journal Service...
[   29.194582] Loading iSCSI transport class v2.0-870.
[   29.231292] systemd[1]: Reached target Slices.
[[0;32m  OK  [0m] Reached target Slices.
[   29.261037] iscsi: registered transport (tcp)
[   29.261834] systemd[1]: Mounting Huge Pages File System...
         Mounting Huge Pages File System...
[   29.298470] systemd[1]: Starting Nameserver information manager...
         Starting Nameserver information manager...
[   29.323801] systemd[1]: Listening on LVM2 metadata daemon socket.
[[0;32m  OK  [0m] Listening on LVM2 metadata daemon socket.
[   29.361828] systemd[1]: Mounting Debug File System...
         Mounting Debug File System...
[   29.384505] systemd[1]: Starting Monitoring of LVM2 mirrors, snapshots etc. using dmeventd or progress polling...
         Starting Monitoring of LVM2 mirrors... dmeventd or progress polling...
[   29.453903] iscsi: registered transport (iser)
[   29.479252] systemd[1]: Starting Uncomplicated firewall...
         Starting Uncomplicated firewall...
[   29.493808] systemd[1]: Listening on udev Control Socket.
[[0;32m  OK  [0m] Listening on udev Control Socket.
[   29.530620] systemd[1]: Started Forward Password Requests to Wall Directory Watch.
[[0;32m  OK  [0m] Started Forward Password Requests to Wall Directory Watch.
[   29.637252] ystemd[1]: Created slice system-serial\x2dgtty.slice.

[[0;32m  OK  [0m] Created slice system-serial\x2dgetty.slice.
[   29.891778] systemd[1]: Reached target Encrypted Volumes.
[[0;32m  OK  [0m] Reached target Encrypted Volumes.
[   30.005470] systemd[1]: Mounted Debug File System.
[[0;32m  OK  [0m] Mounted Debug File System.
[   30.045337] systemd[1]: Mounted Huge Pages File System.
[[0;32m  OK  [0m] Mounted Huge Pages File System.
[   30.054996] systemd[1]: Mounted POSIX Message Queue File System.
[[0;32m  OK  [0m] Mounted POSIX Message Queue File System.
[   30.067795] systemd[1]: Started Journal Service.
[[0;32m  OK  [0m] Started Journal Service.
[[0;32m  OK  [0m] Started Set console keymap.
[[0;32m  OK  [0m] Started Create list of required sta...ce nodes for the current kernel.
[[0;32m  OK  [0m] Started Remount Root and Kernel File Systems.
[[0;32m  OK  [0m] Started Load Kernel Modules.
[[0;32m  OK  [0m] Started Uncomplicated firewall.
[[0;32m  OK  [0m] Started Nameserver information manager.
[[0;32m  OK  [0m] Started LVM2 metadata daemon.
         Starting Apply Kernel Variables...
         Mounting FUSE Control File System...
         Starting udev Coldplug all Devices...
         Starting Load/Save Random Seed...
         Starting Create Static Device Nodes in /dev...
         Starting Flush Journal to Persistent Storage...
[[0;32m  OK  [0m] Mounted FUSE Control File System.
[[0;32m  OK  [0m] Started Apply Kernel Variables.
[[0;32m  OK  [0m] Started Monitoring of LVM2 mirrors,...ng dmeventd or progress polling.
[[0;32m  OK  [0m] Started Load/Save Random Seed.
[[0;32m  OK  [0m] Started Create Static Device Nodes in /dev.
[[0;32m  OK  [0m] Started udev Coldplug all Devices.
[[0;32m  OK  [0m] Started Flush Journal to Persistent Storage.
         Starting udev Kernel Device Manager...
[[0;32m  OK  [0m] Started udev Kernel Device Manager.
[[0;32m  OK  [0m] Started Dispatch Password Requests to Console Directory Watch.
[[0;32m  OK  [0m] Reached target Local File Systems (Pre).
[[0;32m  OK  [0m] Reached target Local File Systems.
         Starting Initial cloud-init job (pre-networking)...
         Starting LSB: AppArmor initialization...
         Starting Tell Plymouth To Write Out Runtime Data...
         Starting Create Volatile Files and Directories...
         Starting Set console font and keymap...
[[0;32m  OK  [0m] Started Tell Plymouth To Write Out Runtime Data.
[[0;32m  OK  [0m] Started Create Volatile Files and Directories.
         Starting Update UTMP about System Boot/Shutdown...
[[0;32m  OK  [0m] Started Update UTMP about System Boot/Shutdown.
[[0;32m  OK  [0m] Started LSB: AppArmor initialization.
[[0;32m  OK  [0m] Found device /dev/ttyS0.
[[0;32m  OK  [0m] Found device 82540EM Gigabit Ethern...r (PRO/1000 MT Desktop Adapter).
[[0;32m  OK  [0m] Found device 82540EM Gigabit Ethern...r (PRO/1000 MT Desktop Adapter).
[[0;32m  OK  [0m] Found device 82540EM Gigabit Ethern...r (PRO/1000 MT Desktop Adapter).
[[0;32m  OK  [0m] Started Set console font and keymap.
[[0;32m  OK  [0m] Found device 82540EM Gigabit Ethern...r (PRO/1000 MT Desktop Adapter).
[[0;32m  OK  [0m] Listening on Load/Save RF Kill Switch Status /dev/rfkill Watch.
[[0;32m  OK  [0m] Created slice system-getty.slice.
[   26.984978] cloud-init[487]: Cloud-init v. 18.3-9-g2e62cb8a-0ubuntu1~16.04.2 running 'init-local' at Fri, 30 Nov 2018 22:34:58 +0000. Up 25.33 seconds.
[[0;32m  OK  [0m] Started Initial cloud-init job (pre-networking).
[[0;32m  OK  [0m] Found device 82540EM Gigabit Ethern...r (PRO/1000 MT Desktop Adapter).
[[0;32m  OK  [0m] Reached target Network (Pre).
[[0;32m  OK  [0m] Started ifup for enp0s9.
         Starting Raise network interfaces...
[[0;32m  OK  [0m] Started ifup for enp0s3.
[[0;32m  OK  [0m] Started ifup for enp0s8.
[[0;32m  OK  [0m] Started ifup for enp0s16.
[[0;32m  OK  [0m] Started ifup for enp0s10.
[[0;32m  OK  [0m] Started Raise network interfaces.
[[0;32m  OK  [0m] Reached target Network.
         Starting Initial cloud-init job (metadata service crawler)...
[   32.238170] cloud-init[1441]: Cloud-init v. 18.3-9-g2e62cb8a-0ubuntu1~16.04.2 running 'init' at Fri, 30 Nov 2018 22:35:03 +0000. Up 30.61 seconds.
[   32.362120] cloud-init[1441]: ci-info: +++++++++++++++++++++++++++++++++++++++Net device info+++++++++++++++++++++++++++++++++++++++
[   32.421467] cloud-init[1441]: ci-info: +---------+------+-----------------------------+---------------+--------+-------------------+
[   32.434039] cloud-init[1441]: ci-info: |  Device |  Up  |           Address           |      Mask     | Scope  |     Hw-Address    |
[   32.462063] cloud-init[1441]: ci-info: +---------+------+-----------------------------+---------------+--------+-------------------+
[   32.592948] cloud-init[1441]: ci-info: | enp0s10 | True |       192.168.101.152       | 255.255.255.0 | global | 08:00:27:1d:a8:6a |
[[0;32m  OK  [0m] Started Initial cloud-init job (metadata service crawler).[   32.693004] cloud-init[1441]: ci-info: | enp0s10 | True | fe80::a00:27ff:fe1d:a86a/64 |       .       |  link  | 08:00:27:1d:a8:6a |
[   32.696419] cloud-init[1441]: ci-info: | enp0s16 | True |        192.168.43.152       | 255.255.255.0 | global | 08:00:27:53:ba:5f |

[   32.697535] cloud-init[1441]: ci-info: | enp0s16 | True | fe80::a00:27ff:fe53:ba5f/64 |       .       |  link  | 08:00:27:53:ba:5f |
[   32.739907] cloud-init[1441]: ci-info: |  enp0s3 | True |          10.0.2.15          | 255.255.255.0 | global | 02:1d:76:b3:3c:fe |
[   32.747763] cloud-init[1441]: ci-info: |  enp0s3 | True |  fe80::1d:76ff:feb3:3cfe/64 |       .       |  link  | 02:1d:76:b3:3c:fe |
[   32.777161] cloud-init[1441]: ci-info: |  enp0s8 | True |        192.168.56.152       | 255.255.255.0 | global | 08:00:27:79:9d:16 |
[   32.778580] cloud-init[1441]: ci-info: |  enp0s8 | True | fe80::a00:27ff:fe79:9d16/64 |       .       |  link  | 08:00:27:79:9d:16 |
[   32.779706] cloud-init[1441]: ci-info: |  enp0s9 | True |       192.168.100.152       | 255.255.255.0 | global | 08:00:27:ff:c3:99 |
[   32.781067] cloud-init[1441]: ci-info: |  enp0s9 | True | fe80::a00:27ff:feff:c399/64 |       .       |  link  | 08:00:27:ff:c3:99 |
[[0;32m  OK  [0m] Reached target System Initialization.
[   32.782063] cloud-init[1441]: ci-info: |    lo   | True |          127.0.0.1          |   255.0.0.0   |  host  |         .         |
[   32.838854] cloud-init[1441]: ci-info: |    lo   | True |           ::1/128           |       .       |  host  |         .         |
[[0;32m  OK  [0m] Listening on D-Bus System Message Bus Socket.
[   32.839876] cloud-init[1441]: ci-info: +---------+------+-----------------------------+---------------+--------+-------------------+
[   32.922540] cloud-init[1441]: ci-info: ++++++++++++++++++++++++++++Route IPv4 info+++++++++++++++++++++++++++++
[   32.924036] cloud-init[1441]: ci-info: +-------+---------------+----------+---------------+-----------+-------+
[   32.925409] cloud-init[1441]: ci-info: | Route |  Destination  | Gateway  |    Genmask    | Interface | Flags |
[   32.925936] cloud-init[1441]: ci-info: +-------+---------------+----------+---------------+-----------+-------+
         Starting Socket activation for snappy daemon.
[   32.926983] cloud-init[1441]: ci-info: |   0   |    0.0.0.0    | 10.0.2.2 |    0.0.0.0    |   enp0s3  |   UG  |
[   33.057846] cloud-init[1441]: ci-info: |   1   |    10.0.2.0   | 0.0.0.0  | 255.255.255.0 |   enp0s3  |   U   |
[   33.066655] cloud-init[1441]: ci-info: |   2   |  192.168.43.0 | 0.0.0.0  | 255.255.255.0 |  enp0s16  |   U   |
[   33.068386] cloud-init[1441]: ci-info: |   3   |  192.168.56.0 | 0.0.0.0  | 255.255.255.0 |   enp0s8  |   U   |
         Starting LXD - unix socket.
[   33.088249] cloud-init[1441]: ci-info: |   4   | 192.168.100.0 | 0.0.0.0  | 255.255.255.0 |   enp0s9  |   U   |
[   33.166680] cloud-init[1441]: ci-info: |   5   | 192.168.101.0 | 0.0.0.0  | 255.255.255.0 |  enp0s10  |   U   |
[   33.168376] cloud-init[1441]: ci-info: +-------+---------------+----------+---------------+-----------+-------+
[[0;32m  OK  [0m] Started Daily apt download activities.
[   33.169086] cloud-init[1441]: ci-info: +++++++++++++++++++Route IPv6 info+++++++++++++++++++
[   33.210114] cloud-init[1441]: ci-info: +-------+-------------+---------+-----------+-------+
[[0;32m  OK  [0m] Started Daily apt upgrade and clean activities.
[[   33.211530] cloud-init[1441]: ci-info: | Route | Destination | Gateway | Interface | Flags |
[   33.274837] cloud-init[1441]: ci-info: +-------+-------------+---------+-----------+-------+
[0;32m  OK  [0m] Started Daily Cleanup of Temporary Directories.
[   33.275936] cloud-init[1441]: ci-info: |   0   |  fe80::/64  |    ::   |   enp0s9  |   U   |
[[0;32m  OK  [0m] Reached target Timers.
[   33.298822] cloud-init[1441]: ci-info: |   1   |  fe80::/64  |    ::   |   enp0s8  |   U   |
[   33.319417] cloud-init[1441]: ci-info: |   2   |  fe80::/64  |    ::   |  enp0s16  |   U   |
[[0;32m  OK  [0m] Listening on ACPID Listen Socket.
[   33.320934] cloud-init[1441]: ci-info: |   3   |  fe80::/64  |    ::   |   enp0s3  |   U   |
[   33.362775] cloud-init[1441]: ci-info: |   4   |  fe80::/64  |    ::   |  enp0s10  |   U   |
[[   33.384198] cloud-init[1441]: ci-info: |   12  |   ff00::/8  |    ::   |   enp0s9  |   U   |
[   33.386183] cloud-init[1441]: ci-info: |   13  |   ff00::/8  |    ::   |   enp0s8  |   U   |
[0;32m  OK  [0m] Started ACPI Events Check.
[   33.387018] cloud-init[1441]: ci-info: |   14  |   ff00::/8  |    ::   |  enp0s16  |   U   |
[   33.405747] cloud-init[1441]: ci-info: |   15  |   ff00::/8  |    ::   |   enp0s3  |   U   |
[[0;32m  OK  [0m] Reached target Paths.
[   33.407159] cloud-init[1441]: ci-info: |   16  |   ff00::/8  |    ::   |  enp0s10  |   U   |
[   33.448644] cloud-init[1441]: ci-info: +-------+-------------+---------+-----------+-------+
[[0;32m  OK  [0m] Listening on UUID daemon activation socket.
[[0;32m  OK  [0m] Reached target Cloud-config availability.
[[0;32m  OK  [0m] Reached target Network is Online.
         Starting iSCSI initiator daemon (iscsid)...
[[0;32m  OK  [0m] Listening on Socket activation for snappy daemon.
[[0;32m  OK  [0m] Listening on LXD - unix socket.
[[0;32m  OK  [0m] Started iSCSI initiator daemon (iscsid).
         Starting Login to default iSCSI targets...
[[0;32m  OK  [0m] Reached target Sockets.
[[0;32m  OK  [0m] Reached target Basic System.
         Starting System Logging Service...
[[0;32m  OK  [0m] Started Unattended Upgrades Shutdown.
         Starting Accounts Service...
         Starting Virtualbox guest utils...
         Starting Login Service...
         Starting LXD - container startup/shutdown...
[[0;32m  OK  [0m] Started FUSE filesystem for LXC.
         Starting /etc/rc.local Compatibility...
[[0;32m  OK  [0m] Started Deferred execution scheduler.
         Starting LSB: MD monitoring daemon...
[[0;32m  OK  [0m] Started Regular background program processing daemon.
[[0;32m  OK  [0m] Started D-Bus System Message Bus.
         Starting LSB: Record successful boot for GRUB...
[[0;32m  OK  [0m] Started ACPI event daemon.
         Starting OpenBSD Secure Shell server...
         Starting Snappy daemon...
[[0;32m  OK  [0m] Started System Logging Service.
[[0;32m  OK  [0m] Started OpenBSD Secure Shell server.
[[0;32m  OK  [0m] Started LXD - container startup/shutdown.
[[0;32m  OK  [0m] Started /etc/rc.local Compatibility.
[[0;32m  OK  [0m] Started Login to default iSCSI targets.
[[0;32m  OK  [0m] Started Snappy daemon.
[[0;32m  OK  [0m] Started LSB: MD monitoring daemon.
[[0;32m  OK  [0m] Started LSB: Record successful boot for GRUB.
[[0;32m  OK  [0m] Started Virtualbox guest utils.
[[0;32m  OK  [0m] Started Login Service.
         Starting Authenticate and Authorize Users to Run Privileged Tasks...
         Starting Wait until snapd is fully seeded...
[[0;32m  OK  [0m] Reached target Remote File Systems (Pre).
[[0;32m  OK  [0m] Reached target Remote File Systems.
         Starting LSB: Set the CPU Frequency Scaling governor to "ondemand"...
         Starting LSB: daemon to balance interrupts for SMP systems...
         Starting LSB: automatic crash report generation...
         Starting Permit User Sessions...
[[0;32m  OK  [0m] Started Wait until snapd is fully seeded.
[[0;32m  OK  [0m] Started Permit User Sessions.
[[0;32m  OK  [0m] Started Authenticate and Authorize Users to Run Privileged Tasks.
[[0;32m  OK  [0m] Started Accounts Service.
[[0;32m  OK  [0m] Started LSB: Set the CPU Frequency Scaling governor to "ondemand".
         Starting Terminate Plymouth Boot Screen...
         Starting Hold until boot process finishes up...
         Starting Apply the settings specified in cloud-config...
[[0;32m  OK  [0m] Started LSB: daemon to balance interrupts for SMP systems.
[[0;32m  OK  [0m] Started LSB: automatic crash report generation.
[[0;32m  OK  [0m] Started Terminate Plymouth Boot Screen.
[[0;32m  OK  [0m] Started Hold until boot process finishes up.
[[0;32m  OK  [0m] Started Getty on tty1.
         Starting Set console scheme...
[[0;32m  OK  [0m] Started Serial Getty on ttyS0.
[[0;32m  OK  [0m] Reached target Login Prompts.
[[0;32m  OK  [0m] Reached target Multi-User System.
[[0;32m  OK  [0m] Reached target Graphical Interface.
         Starting Update UTMP about System Runlevel Changes...
[[0;32m  OK  [0m] Started Set console scheme.
[[0;32m  OK  [0m] Started Update UTMP about System Runlevel Changes.
[   37.537682] cloud-init[1676]: Cloud-init v. 18.3-9-g2e62cb8a-0ubuntu1~16.04.2 running 'modules:config' at Fri, 30 Nov 2018 22:35:09 +0000. Up 36.89 seconds.
[[0;32m  OK  [0m] Started Apply the settings specified in cloud-config.
         Starting Execute cloud user/final scripts...
[   39.445006] cloud-init[1698]: Cloud-init v. 18.3-9-g2e62cb8a-0ubuntu1~16.04.2 running 'modules:final' at Fri, 30 Nov 2018 22:35:11 +0000. Up 38.99 seconds.
[   39.541624] cloud-init[1698]: Cloud-init v. 18.3-9-g2e62cb8a-0ubuntu1~16.04.2 finished at Fri, 30 Nov 2018 22:35:12 +0000. Datasource DataSourceNoCloud [seed=/dev/sdb][dsmode=net].  Up 39.42 seconds
[[0;32m  OK  [0m] Started Execute cloud user/final scripts.
[[0;32m  OK  [0m] Reached target Cloud-init target.

Ubuntu 16.04.5 LTS app02 ttyS0

app02 login: 