[    0.000000] Iitializing cgroup subsys cpuset
[    0.000000] Initializing cgroup subsys cpu
[    0.000000] Initializing cgroup subsys cpuacct
[    0.000000] Linux version 4.4.0-134-generic (buildd@lgw01-amd64-033) (gccversion 5.4.0 20160609 (Ubuntu 5.4.06ubuntu1~16.04.10) ) #160-Ubunntu SMP Wed Aug 15 14:58:00 TC 2018 (Ubuntu 4.4.0-134.160-generic 4.4.140)
[   0.00000] Command line: BOOT_IMGE=/boot/vmlinuz-4.4.0-134-generic root=LABEL=cloudimg-rootfs r console=tty1 console=ttyS0
[    0.000000] KERNEL supported cpus:
[    0.000000]   Intel GenuineIntel
[    0.000000]   AMD AuthenticAMD
[    0.000000]   Centaur CentaurHauls
[    0.000000] x86/fpu: xstate_offset[2]:  576, xstate_sizes[2]:  256
[    0.000000] x86/fpu: Supporting XSAVE feature 0x01: 'x87 floating point registers'
[    0.000000] x86/fpu: Supporting XSAVE feature 0x02: 'SSE registers'
[    0.000000] x86/fpu: Supporting XSAVE feature 0x04: 'AVX registers'
[    0.000000] x86/fpu: Enabled xstate features 0x7, context size is 832 bytes, using 'standard' format.
[    0.000000] e820: BIOS-provided physical RAM map:
[    0.000000] BIOS-e820: [mem 0x0000000000000000-0x000000000009fbff] usable
[    0.000000] BIOS-e820: [mem 0x000000000009fc00-0x000000000009ffff] reserved
[    0.000000] BIOS-e820: [mem 0x00000000000f0000-0x00000000000fffff] reserved
[    0.000000] BIOS-e820: [mem 0x0000000000100000-0x000000003ffeffff] usable
[    0.000000] BIOS-e820: [mem 0x000000003fff0000-0x000000003fffffff] ACPI data
[    0.000000] BIOS-e820: [mem 0x00000000fec00000-0x00000000fec00fff] reserved
[    0.000000] BIOS-e820: [mem 0x00000000fee00000-0x00000000fee00fff] reserved
[    0.000000] BIOS-e820: [mem 0x00000000fffc0000-0x0000000fffffff] reserved
[   0.000000] NX (Execute Disable) protection: active
[    0.000000]SMBIOS 25 present.
[    0.000000] Hypervisor detected: KVM
[    0.000000] e820: last_pfn = 0x3fff0 max_arch_pfn= 0x00000000
[   0.00000] MTRR: Disabled
[    0.000000] x8/PAT: MTRRs disabled, skipping PAT initialization too.
[    0.000000 CPU MRRs all blank - virtualized sstem.
[    0000000] x86/PAT: Configuraation [0-7]: WB  WT  UC- UC  WB  WT  UC- UC  
[    0.000000] found SMP MP-table at [mem 0x0009fff0-0x0009ffff] mapped at [ffff88000009fff0]
[    0.000000] Scanning 1 areas for low memory corruption
[    0.000000] RAMDISK: [mem 0x3630c000-0x3717dfff]
[    0.000000] ACPI: Early table checksum verification disabled
[    0.000000] ACPI: RSDP 0x00000000000E0000 000024 (v02 VBOX  )
[    0.000000] ACPI: XSDT 0x000000003FFF0030 00003C (v01 VBOX   VBOXXSDT 00000001 ASL  00000061)
[    0.000000] ACPI: FACP 0x000000003FFF00F0 0000F4 (v04 VBOX   VBOXFACP 00000001 ASL  00000061)
[    0.000000] ACPI: DSDT 0x000000003FFF0470 0021FF (v02 VBOX   VBOXBIOS 00000002 INTL 20100528)
[    0.000000] ACPI: FACS 0x000000003FFF0200 000040
[    0.000000] ACPI: FACS 0x000000003FFF0200 000040
[    0.000000] ACPI: APIC 0x000000003FFF0240 00005C (v02 VBOX   VBOXAPIC 00000001 ASL  00000061)
[    0.000000] ACPI: SSDT 0x000000003FFF02A0 0001CC (v01 VBOX   VBOXCPUT 00000002 INTL 20100528)
[    0.000000] No NUMA configuration found
[    0.000000] Faking a node at [mem 0x0000000000000000-0x000000003ffeffff]
[    0.000000] NODE_DATA(0) allocated [mem 0x3ffeb000-0x3ffeffff]
[    0.000000] kvm-clock: Using msrs 4b564d01 and 4b564d0
[   0.000000] kvm-clock: cpu 0, msr 0:3ffe3001, primary cpu clock
[   0.000000] kvm-clock using sched offset of5848203121 cycles
[    0.000000] clocksource: kvm-clock: mask: 0xffffffffffffffff max_cycles: 01cd42e4dffb, max_idle_ns: 88190591483 ns
[    0.000000] Zone ranges:
[    0.000000]   DMA      [mem 0x000000000001000-0x0000000000ffffff]
[   0.000000]   DMA32    [mem 0x0000000001000000-0x000000003ffeffff]
[    0.000000   Normal   empty
[    0.000000]   Device   empty
[    0000000] Movable zone start for each node
[    0.000000] Early memory node ranges
[    0.000000]   node   0: [mem 0x0000000000001000-0x000000000009efff]
[    0.000000]   node   0: [mem 0x0000000000100000-0x000000003ffeffff]
[    0.000000] Initmem setup node 0 [mem 0x0000000000001000-0x000000003ffeffff]
[    0.000000] ACPI: PM-Timer IO Port: 0x4008
[    0.000000] IOAPIC[0]: apic_id 2, version 32, address 0xfec00000, GSI 0-23
[    0.000000] ACPI: INT_SRC_OVR (bus 0 bus_irq 0 global_irq 2 dfl dfl)
[    0.000000] ACPI: INT_SRC_OVR (bus 0 bus_irq 9 global_irq 9 low level)
[    0.000000] Using ACPI (MADT) for SMP configuration information
[    0.000000] smpboot: Allowing 2 CPUs, 0 hotplug CPUs
[    0.000000] PM: Registered nosave memory: [mem 0x00000000-0x00000fff]
[    0.000000] PM: Registered nosave memory: [mem 0x0009f000-0x0009ffff]
[    0.000000] PM: Registered nosave memory: [mem 0x000a0000-0x000effff]
[    0.000000] PM: Registered nosave memory: [mem 0x000f0000-0x000fffff]
[    0.000000] e820: [mem 0x40000000-0xfebfffff] available for PCI devices
[    0.000000] Booting paravirtualized kernel on KVM
[    0.000000] clocksource: refined-jiffies: mask: 0xffffffff max_cycles: 0xffffffff, max_idle_ns: 7645519600211568 ns
[    0.000000] setup_percpu: NR_CPUS:512 nr_cpumask_bits:512 nr_cpu_ids:2 nr_node_ids:1
[    0.000000] PERCPU: Embedded 34 pages/cpu @ffff88003fc00000 s99544 r8192 d31528 u1048576
[    0.000000] PV qspinlock hash table entries: 256 (order: 0, 4096 bytes)
[    0.000000] Built 1 zonelists in Node order, mobility grouping on.  Total pages: 257912
[    0.000000] Policy zone: DMA32
[    0.000000] Kernel command line: BOOT_IMAGE=/boot/vmlinuz-4.4.0-134-generic root=LABEL=cloudimg-rootfs ro console=tty1 console=ttyS0
[    0.000000] PID hash table entries: 4096 (order: 3, 32768 bytes)
[    0.000000] Memory: 997724K/1048120K available (8554K kernel code, 1314K rwdata, 4004K rodata, 1516K init, 1316K bss, 50396K reserved, 0K cma-reserved)
[    0.000000] SLUB: HWalign=64, Order=0-3, MinObjects=0, CPUs=2, Nodes=1
[    0.000000] Kernel/User page tables isolation: enabled
[    0.000000] Hierarchical RCU implementation.
[    0.000000] 	Build-time adjustment of leaf fanout to 64.
[    0.000000] 	RCU restricting CPUs from NR_CPUS=512 to nr_cpu_ids=2.
[    0.000000] RCU: Adjusting geometry for rcu_fanout_leaf=64, nr_cpu_ids=2
[    0.000000] NR_IRQS:33024 nr_irqs:440 16
[    0.000000] Console: colour VGA+ 80x25
[    0.000000] console [tty1] enabled
[    0.000000] console [ttyS0] enabled
[    0.000000] tsc: Detected 2807.998 MHz processor
[    3.568746] Calibrating delay loop (skipped) preset value.. 5615.99 BogoMIPS (lpj=11231992)
[    3.577195] pid_max: default: 32768 minimum: 301
[    3.581713] ACPI: Core revision 20150930
[    3.590992] ACPI: 2 ACPI AML tables successfully acquired and loaded
[    3.597513] Security Framework initialized
[    3.601586] Yama: becoming mindful.
[    3.605377] AppArmor: AppArmor initialized
[    3.610014] Dentry cache hash table entries: 131072 (order: 8, 1048576 bytes)
[    3.620030] Inode-cache hash table entries: 65536 (order: 7, 524288 bytes)
[    3.632493] Mount-cache hash table entries: 2048 (order: 2, 16384 bytes)
[    3.638539] Mountpoint-cache hash table entries: 2048 (order: 2, 16384 bytes)
[    3.653263] Initializing cgroup subsys io
[    3.657365] Initializing cgroup subsys memory
[    3.661612] Initializing cgroup subsys devices
[    3.666030] Initializing cgroup subsys freezer
[    3.670752] Initializing cgroup subsys net_cls
[    3.674976] Initializing cgroup subsys perf_event
[    3.679593] Initializing cgroup subsys net_prio
[    3.684754] Initializing cgroup subsys hugetlb
[    3.689864] Initializing cgroup subsys pids
[    3.697611] mce: CPU supports 0 MCE banks
[    3.701952] Last level iTLB entries: 4KB 64, 2MB 8, 4MB 8
[    3.707255] Last level dTLB entries: 4KB 64, 2MB 0, 4MB 0, 1GB 4
[    3.712890] Spectre V2 : Mitigation: Full generic retpoline
[    3.718547] Spectre V2 : Speculation control IBPB not-supported IBRS not-supported
[    3.725662] Spectre V2 : Filling RSB on context switch
[    3.733981] Speculative Store Bypass: Vulnerable
[    3.749078] Freeing SMP alternatives memory: 32K
[    3.790699] ftrace: allocating 32266 entries in 127 pages
[    4.054176] smpboot: APIC(0) Converting physical 0 to logical package 0
[    4.059873] smpboot: Max logical packages: 1
[    4.065833] x2apic enabled
[    4.069616] Switched APIC routing to physical x2apic.
[    4.079055] ..TIMER: vector=0x30 apic1=0 pin1=2 apic2=-1 pin2=-1
[    4.197092] smpboot: CPU0: Intel(R) Core(TM) i7-6600U CPU @ 2.60GHz (family: 0x6, model: 0x4e, stepping: 0x3)
[    4.221696] Performance Events: unsupported p6 CPU model 78 no PMU driver, software events only.
[    4.242561] KVM setup paravirtual spinlock
[    4.251662] x86: Booting SMP configuration:
[    4.265028] .... node  #0, CPUs:      #1
[    4.273821] kvm-clock: cpu 1, msr 0:3ffe3041, secondary cpu clock
[    4.280042] mce: CPU supports 0 MCE banks
[    4.290893] x86: Booted up 1 node, 2 CPUs
[    4.303651] smpboot: Total of 2 processors activated (11231.99 BogoMIPS)
[    4.315043] devtmpfs: initialized
[    4.325009] evm: security.selinux
[    4.337209] evm: security.SMACK64
[    4.347086] evm: security.SMACK64EXEC
[    4.354774] evm: security.SMACK64TRANSMUTE
[    4.360096] evm: security.SMACK64MMAP
[    4.372050] evm: security.ima
[    4.378609] evm: security.capability
[    4.385534] clocksource: jiffies: mask: 0xffffffff max_cycles: 0xffffffff, max_idle_ns: 7645041785100000 ns
[    4.419646] futex hash table entries: 512 (order: 3, 32768 bytes)
[    4.436699] pinctrl core: initialized pinctrl subsystem
[    4.445729] RTC time: 20:00:38, date: 12/03/18
[    4.451190] NET: Registered protocol family 16
[    4.471318] cpuidle: using governor ladder
[    4.491178] cpuidle: using governor menu
[    4.498574] PCCT header not found.
[    4.502566] ACPI: bus type PCI registered
[    4.509762] acpiphp: ACPI Hot Plug PCI Controller Driver version: 0.5
[    4.538233] PCI: Using configuration type 1 for base access
[    4.574982] ACPI: Added _OSI(Module Device)
[    4.583123] ACPI: Added _OSI(Processor Device)
[    4.594664] ACPI: Added _OSI(3.0 _SCP Extensions)
[    4.600542] ACPI: Added _OSI(Processor Aggregator Device)
[    4.608465] ACPI: Executed 1 blocks of module-level executable AML code
[    4.628271] ACPI: Interpreter enabled
[    4.637918] ACPI: (supports S0 S5)
[    4.648395] ACPI: Using IOAPIC for interrupt routing
[    4.660190] PCI: Using host bridge windows from ACPI; if necessary, use "pci=nocrs" and report a bug
[    4.689887] ACPI: PCI Root Bridge [PCI0] (domain 0000 [bus 00-ff])
[    4.709047] acpi PNP0A03:00: _OSC: OS supports [ASPM ClockPM Segments MSI]
[    4.717355] acpi PNP0A03:00: _OSC: not requesting OS control; OS requires [ExtendedConfig ASPM ClockPM MSI]
[    4.729644] acpi PNP0A03:00: fail to add MMCONFIG information, can't access extended PCI configuration space under this bridge.
[    4.743941] PCI host bridge to bus 0000:00
[    4.748420] pci_bus 0000:00: root bus resource [io  0x0000-0x0cf7 window]
[    4.754942] pci_bus 0000:00: root bus resource [io  0x0d00-0xffff window]
[    4.760574] pci_bus 0000:00: root bus resource [mem 0x000a0000-0x000bffff window]
[    4.767493] pci_bus 0000:00: root bus resource [mem 0x40000000-0xfdffffff window]
[    4.775823] pci_bus 0000:00: root bus resource [bus 00-ff]
[    4.787437] pci 0000:00:01.1: legacy IDE quirk: reg 0x10: [io  0x01f0-0x01f7]
[    4.795968] pci 0000:00:01.1: legacy IDE quirk: reg 0x14: [io  0x03f6]
[    4.803288] pci 0000:00:01.1: legacy IDE quirk: reg 0x18: [io  0x0170-0x0177]
[    4.809782] pci 0000:00:01.1: legacy IDE quirk: reg 0x1c: [io  0x0376]
[    4.888126] pci 0000:00:07.0: quirk: [io  0x4000-0x403f] claimed by PIIX4 ACPI
[    4.942674] pci 0000:00:07.0: quirk: [io  0x4100-0x410f] claimed by PIIX4 SMB
[    5.042618] ACPI: PCI Interrupt Link [LNKA] (IRQs 5 9 10 *11)
[    5.052554] ACPI: PCI Interrupt Link [LNKB] (IRQs 5 9 *10 11)
[    5.074206] ACPI: PCI Interrupt Link [LNKC] (IRQs 5 *9 10 11)
[    5.092307] ACPI: PCI Interrupt Link [LNKD] (IRQs 5 9 10 *11)
[    5.107936] ACPI: Enabled 2 GPEs in block 00 to 07
[    5.113886] vgaarb: setting as boot device: PCI:0000:00:02.0
[    5.123397] vgaarb: device added: PCI:0000:00:02.0,decodes=io+mem,owns=io+mem,locks=none
[    5.145162] vgaarb: loaded
[    5.153428] vgaarb: bridge control possible 0000:00:02.0
[    5.168903] SCSI subsystem initialized
[    5.185082] ACPI: bus type USB registered
[    5.200198] usbcore: registered new interface driver usbfs
[    5.211222] usbcore: registered new interface driver hub
[    5.218021] usbcore: registered new device driver usb
[    5.226405] PCI: Using ACPI for IRQ routing
[    5.239178] NetLabel: Initializing
[    5.251318] NetLabel:  domain hash size = 128
[    5.261599] NetLabel:  protocols = UNLABELED CIPSOv4
[    5.281861] NetLabel:  unlabeled traffic allowed by default
[    5.294147] amd_nb: Cannot enumerate AMD northbridges
[    5.311551] clocksource: Switched to clocksource kvm-clock
[    5.358062] AppArmor: AppArmor Filesystem Enabled
[    5.36895] pnp: Pn APIint[    5.757523] pnp: Pn ACPI: found 3 devices

[    5.897028] clocksource: acpi_pm: mask: 0xffffff max_cycles: 0xffffff, max_idle_ns: 2085701024 ns
[    5.915179] NET: Registered protocol family 2
[    5.922010] TCP established hash table entries: 8192 (order: 4, 65536 bytes)
[    5.935170] TCP bind hash table entries: 8192 (order: 5, 131072 bytes)
[    5.971431] TCP: Hash tables configured (established 8192 bind 8192)
[    5.986642] UDP hash table entries: 512 (order: 2, 16384 bytes)
[    6.016615] UDP-Lite hash table entries: 512 (order: 2, 16384 bytes)
[    6.032445] NET: Registered protocol family 1
[    6.044494] pci 0000:00:00.0: Limiting direct PCI/PCI transfers
[    6.051267] pci 0000:00:01.0: Activating ISA DMA hang workarounds
[    6.056760] Unpacking initramfs...
[    6.994147] Freeing initrd memory: 14792K
[    7.003817] platform rtc_cmos: registered platform RTC device (no PNP device found)
[    7.026596] Scanning for low memory corruption every 60 seconds
[    7.043284] audit: initializing netlink subsys (disabled)
[    7.061512] audit: type=2000 audit(1543867243.537:1): initialized
[    7.080344] Initialise system trusted keyring
[    7.090881] HugeTLB registered 2 MB page size, pre-allocated 0 pages
[    7.110410] zbud: loaded
[    7.122755] VFS: Disk quotas dquot_6.6.0
[    7.141887] VFS: Dquot-cache hash table entries: 512 (order 0, 4096 bytes)
[    7.174882] squashfs: version 4.0 (2009/01/31) Phillip Lougher
[    7.181045] fuse init (API version 7.23)
[    7.8513]Key type big_key registered
[    7.390172] Allocating IMA MOK and blacklist keyrings.

[    7.400207] Key type asymmetric registered
[    7.404295] Asymmetric key parser 'x509' registered
[    7.411356] Block layer SCSI generic (bsg) driver version 0.4 loaded (major 249)
[    7.423922] io scheduler noop registered
[    7.427929] io scheduler deadline registered (default)
[    7.439875] io scheduler cfq registered
[    7.454313] pci_hotplug: PCI Hot Plug PCI Core version: 0.5
[    7.463330] pciehp: PCI Express Hot Plug Controller Driver version: 0.4
[    7.477551] ACPI: AC Adapter [AC] (on-line)
[    7.489597] input: Power Button as /devices/LNXSYSTM:00/LNXPWRBN:00/input/input0
[    7.497692] ACPI: Power Button [PWRF]
[    7.505413] input: Sleep Button as /devices/LNXSYSTM:00/LNXSLPBN:00/input/input1
[    7.515601] ACPI: Sleep Button [SLPF]
[    7.526219] ACPI: Battery Slot [BAT0] (battery present)
[    7.534422] GHES: HEST is not eabled!

[    7.608634] Serial: 8250/16550 driver, 32 ports, IRQ sharing enabled
[    7.646303] 00:: ty0 t /O 0x3f8 (irq = 4, bas_baud = 115200) is a 16550A
[  8.152741 Lnux agart interface v010

[    8.686708] loop: module loaded
[    8.691973] scsi host0: ata_piix
[    8.699979] scsi host1: ata_piix
[    8.706282] ata1: PATA max UDMA/33 cmd 0x1f0 ctl 0x3f6 bmdma 0xd000 irq 14
[    8.746077] ata2: PATA max UDMA/33 cmd 0x170 ctl 0x376 bmdma 0xd008 irq 15
[    8.752524] libphy: Fixed MDIO Bus: probed
[    8.757126] tun: Universal TUN/TAP device driver, 1.6
[    8.766125] tun: (C) 1999-2004 Max Krasnyansky <maxk@qualcom.com>
[    8.840252] PPP generic driver version 2.4.2
[    8.845063] ehci_hcd: USB 2.0 'Enhanced' Host Controller (EHCI) Driver
[    8.911415] ehci-pci: EHCI PCI platform driver
[    8.916416] ehci-platform: EHCI generic platform driver
[    8.92222] ohci_hcd: USB 1.1 'pen' Hst Controller (OHCI) Driver
[    9.130910] ohci-pci: OHCI PCI platform driver
[  9.15403] ohci-platform: OHCI generic platfom drver
[    9.498769]hci_hcd USB Universal ost ControllerInterfac driver
[    9.881658] i8042: PNP: PS/2 Controller NP0303:PS2K,PNP0f03:PS2M] at 0x60,0x64 irq 1,12
[   10.031223] serio: i8042 KBD port at 0x60,0x64 irq 1
[   10.036074] serio: i8042 AUX port at 0x60,0x64 irq 2

[   10.112432] mousedev: PS/2 mouse device common for all mice
[   10.119331] input: AT Translated Set 2 keyboard as /devices/platform/i8042/serio0/input/input2
[   10.129092] rtc_cmos rtc_cmos: rtc core: registered rtc_cmos as rtc0
[   10.137831] rtc_cmos rtc_cmos: alarms up to one day, 114 bytes nvram
[   10.143620] i2c /dev entries driver
[   10.148193] device-mapper: uevent: version 1.0.3
[   10.153334] device-mapper: ioctl: 4.34.0-ioctl (2015-10-28) initialised: dm-devl@edat.com

[   10.371444] ledtrig-cpu: registered to indicate activity on CPUs
[   10.394981] NET: Registered protocol family 10
[   10.408597] NET: Registered protocol family 17
[   10.418394] Key type dns_resolver registered
[   10.422725] registered taskstats version 1
[   10.437555] Loading compiled-in X.509 certificates
[   10.455564] Loaded X.509 cert 'Build time autogenerated kernel key: 4eb3d024ac16f76c1747ffd474694c84db21038b'
[   10.496633] zswap: loaded using pool lzo/zbud
[   10.520810] Key type trusted registered
[   10.550572] Key type encrypted registered
[   10.573705] AppArmor: AppArmor sha1 policy hashing enabled
[   10.582927] ima: No TPM chip found, activating TPM-bypass!
[   10.590844] ima: Allocated hash algorithm: sha1
[   10.598436] evm: HMAC attrs: 0x1
[   10.604372]   Magic number: 14:345:42
[   10.617368] bdi 7:7: hash matches
[   10.626637] rtc_cmos rtc_cmos: setting system clock to 2018-12-03 20:00:44 UTC (1543867244)
[   10.649426] BIOS EDD facility v0.16 2004-Jun-25, 0 devices found
[   10.663391] EDD information not available.
[   10.679997] Freeing unused kernel memory: 1516K
[   10.707741] Write protecting the kernel read-only data: 14336k
[   10.739925] Freeing unused kernel memory: 1672K
[   12.144985] tsc: Refined TSC clocksource calibration: 2807.598 MHz
[   12.712755] clocksource: tsc: mask: 0xffffffffffffffff max_cycles: 0x28784a0577b, max_idle_ns: 440795243940 ns
[   12.723514] Freeing unused kernel memory: 92K
Loading, please wait...
starting version 229
[   12.791812] random: systemd-udevd: uninitialized urandom read (16 bytes read, 7 bits of entropy available)
[   12.795039] random: udevadm: uninitialized urandom read (16 bytes read, 7 bits of entropy available)
[   12.795128] random: udevadm: uninitialized urandom read (16 bytes read, 7 bits of entropy available)
[   12.836507] random: systemd-udevd: uninitialized urandom read (16 bytes read, 7 bits of entropy available)
[   12.839312] random: udevadm: uninitialized urandom read (16 bytes read, 7 bits of entropy available)
[   12.839507] random: udevadm: uninitialized urandom read (16 bytes read, 7 bits of entropy available)
[   12.840383] random: udevadm: uninitialized urandom read (16 bytes read, 7 bits of entropy available)
[   12.840626] random: udevadm: uninitialized urandom read (16 bytes read, 7 bits of entropy available)
[   12.840950] random: udevadm: uninitialized urandom read (16 bytes read, 7 bits of entropy available)
[   12.841225] random: udevadm: uninitialized urandom read (16 bytes read, 7 bits of entropy available)
[   13.174083] e1000: Intel(R) PRO/1000 Network Driver - version 7.3.21-k8-NAPI
[   13.192769] e1000: Copyright (c) 1999-2006 Intel Corporation.
[   13.222384] Fusion MPT base driver 3.04.20
[   13.239822] Copyright (c) 1999-2008 LSI Corporation
[   13.334906] Fusion MPT SPI Host driver 3.04.20
[   13.350445] AVX2 version of gcm_enc/dec engaged.
[   13.354797] AES CTR mode by8 optimization enabled
[   13.476617] input: ImExPS/2 Generic Explorer Mouse as /devices/platform/i8042/serio1/input/input4
[   13.944815] e1000 0000:00:03.0 eth0: (PCI:33MHz:32-bit) 02:1d:76:b3:3c:fe
[   13.958534] e1000 0000:00:03.0 eth0: Intel(R) PRO/1000 Network Connection
[   13.982726] mptbase: ioc0: Initiating bringup
[   14.053302] ioc0: LSI53C1030 A0: Capabilities={Initiator}
[   14.227713] scsi host2: ioc0: LSI53C1030 A0, FwRev=00000000h, Ports=1, MaxQ=256, IRQ=20
[   14.357106] scsi 2:0:0:0: Direct-Access     VBOX     HARDDISK         1.0  PQ: 0 ANSI: 5
[   15.145708] scsi target2:0:0: Beginning Domain Validation
[   15.154512] scsi target2:0:0: Domain Validation skipping write tests
[   15.159606] scsi target2:0:0: Ending Domain Validation
[   15.169887] scsi target2:0:0: asynchronous
[   15.177900] scsi 2:0:1:0: Direct-Access     VBOX     HARDDISK         1.0  PQ: 0 ANSI: 5
[   15.196435] scsi target2:0:1: Beginning Domain Validation
[   15.217264] scsi target2:0:1: Domain Validation skipping write tests
[   15.242448] scsi target2:0:1: Ending Domain Validation
[   15.258840] scsi target2:0:1: asynchronous
[   15.351835] sd 2:0:0:0: Attached scsi generic sg0 type 0
[   15.357740] sd 2:0:0:0: [sda] 20971520 512-byte logical blocks: (10.7 GB/10.0 GiB)
[   15.376470] sd 2:0:1:0: Attached scsi generic sg1 type 0
[   15.388582] sd 2:0:0:0: [sda] Write Protect is off
[   15.393395] sd 2:0:1:0: [sdb] 20480 512-byte logical blocks: (10.5 MB/10.0 MiB)
[   15.406781] sd 2:0:0:0: [sda] Incomplete mode parameter data
[   15.425668] sd 2:0:0:0: [sda] Assuming drive cache: write through
[   15.439520] sd 2:0:1:0: [sdb] Write Protect is off
[   15.462597] sd 2:0:1:0: [sdb] Incomplete mode parameter data
[   15.478639] sd 2:0:1:0: [sdb] Assuming drive cache: write through
[   15.500510]  sda: sda1
[   15.512563] sd 2:0:0:0: [sda] Attached SCSI disk
[   15.521280] sd 2:0:1:0: [sdb] Attached SCSI disk
[   15.831076] e1000 0000:00:08.0 eth1: (PCI:33MHz:32-bit) 08:00:27:8e:f2:4f
[   15.839659] e1000 0000:00:08.0 eth1: Intel(R) PRO/1000 Network Connection
[   16.436393] e1000 0000:00:09.0 eth2: (PCI:33MHz:32-bit) 08:00:27:a5:ad:b0
[   16.441355] e1000 0000:00:09.0 eth2: Intel(R) PRO/1000 Network Connection
[   17.075535] e1000 0000:00:0a.0 eth3: (PCI:33MHz:32-bit) 08:00:27:bf:9c:c1
[   17.097286] e1000 0000:00:0a.0 eth3: Intel(R) PRO/1000 Network Connection
[   17.681360] e1000 0000:00:10.0 eth4: (PCI:33MHz:32-bit) 08:00:27:71:7a:81
[   17.686408] e1000 0000:00:10.0 eth4: Intel(R) PRO/1000 Network Connection
[   17.725693] e1000 0000:00:10.0 enp0s16: renamed from eth4
[   17.746207] e1000 0000:00:09.0 enp0s9: renamed from eth2
[   17.764360] e1000 0000:00:03.0 enp0s3: renamed from eth0
[   17.792432] e1000 0000:00:08.0 enp0s8: renamed from eth1
[   17.808142] e1000 0000:00:0a.0 enp0s10: renamed from eth3
Begin: Loading essential drivers ... [   20.170512] md: linear personality registered for level -1
[   20.183188] md: multipath personality registered for level -4
[   20.205546] md: raid0 personality registered for level 0
[   20.219720] md: raid1 personality registered for level 1
[   20.323994] raid6: sse2x1   gen()  2249 MB/s
[   20.404055] raid6: sse2x1   xor()  1580 MB/s
[   20.476000] raid6: sse2x2   gen()  1983 MB/s
[   20.543928] raid6: sse2x2   xor()  1653 MB/s
[   20.611741] raid6: sse2x4   gen()  2445 MB/s
[   20.680419] raid6: sse2x4   xor()  2389 MB/s
[   20.747745] raid6: avx2x1   gen()  4787 MB/s
[   20.824173] raid6: avx2x2   gen()  4765 MB/s
[   20.895934] raid6: avx2x4   gen()  5795 MB/s
[   20.909926] raid6: using algorithm avx2x4 gen() 5795 MB/s
[   20.930712] raid6: using avx2x2 recovery algorithm
[   20.957634] xor: automatically using best checksumming function:
[   21.020138]    avx       :  5381.000 MB/sec
[   21.032823] async_tx: api initialized (async)
[   21.079503] md: raid6 personality registered for level 6
[   21.090076] md: raid5 personality registered for level 5
[   21.102666] md: raid4 personality registered for level 4
[   21.140089] md: raid10 personality registered for level 10
done.
Begin: Running /scripts/init-premount ... done.
Begin: Mounting root file system ... Begin: Running /scripts/local-top ... done.
Begin: Running /scripts/local-premount ... [   21.260886] Btrfs loaded
Scanning for Btrfs filesystems
done.
Warning: fsck not present, so skipping root file system
[   21.371840] EXT4-fs (sda1): mounted filesystem with ordered data mode. Opts: (null)
done.
Begin: Running /scripts/local-bottom ... done.
Begin: Running /scripts/init-bottom ... done.
[   21.696257] systemd[1]: systemd 229 running in system mode. (+PAM +AUDIT +SELINUX +IMA +APPARMOR +SMACK +SYSVINIT +UTMP +LIBCRYPTSETUP +GCRYPT +GNUTLS +ACL +XZ -LZ4 +SECCOMP +BLKID +ELFUTILS +KMOD -IDN)
[   21.730669] systemd[1]: Detected virtualization oracle.
[   21.744065] systemd[1]: Detected architecture x86-64.

Welcome to [1mUbuntu 16.04.5 LTS[0m!

[   21.793040] systemd[1]: Set hostname to <ubuntu>.
[   21.804852] systemd[1]: Initializing machine ID from random generator.
[   21.815698] systemd[1]: Installed transient /etc/machine-id file.
[   22.054585] random: nonblocking pool is initialized
[   22.238307] systemd[1]: Set up automount Arbitrary Executable File Formats File System Automount Point.
[[0;32m  OK  [0m] Set up automount Arbitrary Executab...ats File System Automount Point.
[   22.301273] systemd[1]: Listening on udev Control Socket.
[[0;32m  OK  [0m] Listening on udev Control Socket.
[   22.314894] systemd[1]: Reached target Swap.
[[0;32m  OK  [0m] Reached target Swap.
[   22.342500] systemd[1]: Listening on Syslog Socket.
[[0;32m  OK  [0m] Listening on Syslog Socket.
[   22.369590] systemd[1]: Listening on Journal Socket.
[[0;32m  OK  [0m] Listening on Journal Socket.
[   22.394230] systemd[1]: Listening on Device-mapper event daemon FIFOs.
[[0;32m  OK  [0m] Listening on Device-mapper event daemon FIFOs.
[   22.407790] systemd[1]: Reached target Encrypted Volumes.
[[0;32m  OK  [0m] Reached target Encrypted Volumes.
[   22.435289] systemd[1]: Listening on /dev/initctl Compatibility Named Pipe.
[[0;32m  OK  [0m] Listening on /dev/initctl Compatibility Named Pipe.
[   22.469155] systemd[1]: Listening on Journal Socket (/dev/log).
[[0;32m  OK  [0m] Listening on Journal Socket (/dev/log).
[   22.494970] systemd[1]: Reached target System Time Synchronized.
[[0;32m  OK  [0m] Reached target System Time Synchronized.
[   22.541346] systemd[1]: Listening on Journal Audit Socket.
[[0;32m  OK  [0m] Listening on Journal Audit Socket.
[   22.598798] systemd[1]: Listening on LVM2 metadata daemon socket.
[[0;32m  OK  [0m] Listening on LVM2 metadata daemon socket.
[   22.644643] systemd[1]: Started Forward Password Requests to Wall Directory Watch.
[[0;32m  OK  [0m] Started Forward Password Requests to Wall Directory Watch.
[   22.700366] systemd[1]: Reached target User and Group Name Lookups.
[[0;32m  OK  [0m] Reached target User and Group Name Lookups.
[   22.742825] systemd[1]: Started Trigger resolvconf update for networkd DNS.
[[0;32m  OK  [0m] Started Trigger resolvconf update for networkd DNS.
[   22.765177] systemd[1]: Created slice User and Session Slice.
[[0;32m  OK  [0m] Created slice User and Session Slice.
[   22.833119] systemd[1]: Listening on LVM2 poll daemon socket.
[[0;32m  OK  [0m] Listening on LVM2 poll daemon socket.
[   22.870361] systemd[1]: Created slice System Slice.
[[0;32m  OK  [0m] Created slice System Slice.
[   22.916486] systemd[1]: Starting Journal Service...
         Starting Journal Service...
[   22.943800] systemd[1]: Mounting POSIX Message Queue File System...
         Mounting POSIX Message Queue File System...
[   22.963133] systemd[1]: Created slice system-serial\x2dgetty.slice.
[[0;32m  OK  [0m] Created slice system-serial\x2dgetty.slice.
[   23.001278] systemd[1]: Starting Nameserver information manager...
         Starting Nameserver information manager...
[   23.044942] systemd[1]: Starting Load Kernel Modules...
         Starting Load Kernel Modules...
[   23.072602] Loading iSCSI transport class v2.0-870.
[   23.075721] systemd[1]: Mounting Huge Pages File System...
         Mounting Huge Pages File System...
[   23.111352] systemd[1]: Mounting Debug File System...
         Mounting Debug File System...
[   23.140747] iscsi: registered transport (tcp)
[   23.146650] systemd[1]: Starting Create list of required static device nodes for the current kernel...
         Starting Create list of required st... nodes for the current kernel...
[   23.224274] systemd[1]: Starting Monitoring of LVM2 mirrors, snapshots etc. using dmeventd or progress polling...
         Starting Monitoring of LVM2 mirrors... dmeventd or progress polling...
[   23.293021] systemd[1]: Starting Set console keymap...
         Starting Set console ke[   23.311891] iscsi: registered transport (iser)
ymap...
[   23.337353] systemd[1]: Reached target Slices.
[[0;32m  OK  [0m] Reached target Slices.
[   23.368989] systemd[1]: Starting Remount Root and Kernel File Systems...
         Starting Remount Root and Kernel File Systems...
[   23.393136] EXT4-fs (sda1): re-mounted. Opts: (null)
[   23.394997] systemd[1]: Starting Uncomplicated firewall...
         Starting Uncomplicated firewall...
[   23.420663] systemd[1]: Listening on udev Kernel Socket.
[[0;32m  OK  [0m] Listening on udev Kernel Socket.
[   23.463911] systemd[1]: Mounted Debug File System.
[[0;32m  OK  [0m] Mounted Debug File System.
[   23.488859] systemd[1]: Mounted Huge Pages File System.
[[0;32m  OK  [0m] Mounted Huge Pages File System.
[   23.528656] systemd[1]: Mountd POSIX Message Queue File System.
[[0;32m  OK  [0m] Mounted POSIX Message Queue File System.
[   23.722126] systemd[1]: Staed Journal Service.
[[0;32m  OK  [0m] Started Journal Service.
[[0;32m  OK  [0m] Started Load Kernel Modules.
[[0;32m  OK  [0m] Started Create list of required sta...ce nodes for the current kernel.
[[0;32m  OK  [0m] Started Set console keymap.
[[0;32m  OK  [0m] Started Remount Root and Kernel File Systems.
[[0;32m  OK  [0m] Started Uncomplicated firewall.
[[0;32m  OK  [0m] Started Nameserver information manager.
[[0;32m  OK  [0m] Started LVM2 metadata daemon.
         Starting Load/Save Random Seed...
         Starting udev Coldplug all Devices...
         Starting Create Static Device Nodes in /dev...
         Starting Apply Kernel Variables...
         Mounting FUSE Control File System...
         Starting Flush Journal to Persistent Storage...
[[0;32m  OK  [0m] Mounted FUSE Control File System.
[[0;32m  OK  [0m] Started Load/Save Random Seed.
[[0;32m  OK  [0m] Started Create Static Device Nodes in /dev.
[[0;32m  OK  [0m] Started Apply Kernel Variables.
[[0;32m  OK  [0m] Started udev Coldplug all Devices.
[[0;32m  OK  [0m] Started Flush Journal to Persistent Storage.
         Starting udev Kernel Device Manager...
[[0;32m  OK  [0m] Started Monitoring of LVM2 mirrors,...ng dmeventd or progress polling.
[[0;32m  OK  [0m] Started udev Kernel Device Manager.
[[0;32m  OK  [0m] Reached target Local File Systems (Pre).
[[0;32m  OK  [0m] Reached target Local File Systems.
         Starting Set console font and keymap...
         Starting Initial cloud-init job (pre-networking)...
         Starting Commit a transient machine-id on disk...
         Starting LSB: AppArmor initialization...
         Starting Tell Plymouth To Write Out Runtime Data...
         Starting Create Volatile Files and Directories...
[[0;32m  OK  [0m] Started Dispatch Password Requests to Console Directory Watch.
[[0;32m  OK  [0m] Started Commit a transient machine-id on disk.
[[0;32m  OK  [0m] Started Tell Plymouth To Write Out Runtime Data.
[[0;32m  OK  [0m] Started Create Volatile Files and Directories.
         Starting Update UTMP about System Boot/Shutdown...
[[0;32m  OK  [0m] Started Update UTMP about System Boot/Shutdown.
[[0;32m  OK  [0m] Found device /dev/ttyS0.
[[0;32m  OK  [0m] Listening on Load/Save RF Kill Switch Status /dev/rfkill Watch.
[[0;32m  OK  [0m] Started Set console font and keymap.
[[0;32m  OK  [0m] Created slice system-getty.slice.
[   26.456969] cloud-init[490]: Cloud-init v. 18.3-9-g2e62cb8a-0ubuntu1~16.04.2 running 'init-local' at Mon, 03 Dec 2018 20:01:02 +0000. Up 24.70 seconds.
[[0;32m  OK  [0m] Started Initial cloud-init job (pre-networking).
[[0;32m  OK  [0m] Reached target Network (Pre).
[[0;32m  OK  [0m] Started LSB: AppArmor initialization.
         Starting Raise network interfaces...
[[0;32m  OK  [0m] Started Raise network interfaces.
[[0;32m  OK  [0m] Reached target Network.
         Starting Initial cloud-init job (metadata service crawler)...
[   31.642485] cloud-init[979]: Cloud-init v. 18.3-9-g2e62cb8a-0ubuntu1~16.04.2 running 'init' at Mon, 03 Dec 2018 20:01:07 +0000. Up 29.15 seconds.
[   31.676605] cloud-init[979]: ci-info: +++++++++++++++++++++++++++++++++++++++Net device info+++++++++++++++++++++++++++++++++++++++
[   31.685680] cloud-init[979]: ci-info: +---------+-------+----------------------------+---------------+--------+-------------------+
[   31.693920] cloud-init[979]: ci-info: |  Device |   Up  |          Address           |      Mask     | Scope  |     Hw-Address    |
[   31.702343] cloud-init[979]: ci-info: +---------+-------+----------------------------+---------------+--------+-------------------+
[   31.711203] cloud-init[979]: ci-info: | enp0s10 | False |             .              |       .       |   .    | 08:00:27:bf:9c:c1 |
[   31.757393] cloud-init[979]: ci-info: | enp0s16 | False |             .              |       .       |   .    | 08:00:27:71:7a:81 |
[   31.784854] cloud-init[979]: ci-info: |  enp0s3 |  True |         10.0.2.15          | 255.255.255.0 | global | 02:1d:76:b3:3c:fe |
[   31.820478] cloud-init[979]: ci-info: |  enp0s3 |  True | fe80::1d:76ff:feb3:3cfe/64 |       .       |  link  | 02:1d:76:b3:3c:fe |
[   31.836247] cloud-init[979]: ci-info: |  enp0s8 | False |             .              |       .       |   .    | 08:00:27:8e:f2:4f |
[   31.848986] cloud-init[979]: ci-info: |  enp0s9 | False |             .              |       .       |   .    | 08:00:27:a5:ad:b0 |
[   31.861747] cloud-init[979]: ci-info: |    lo   |  True |         127.0.0.1          |   255.0.0.0   |  host  |         .         |
[   31.883908] cloud-init[979]: ci-info: |    lo   |  True |          ::1/128           |       .       |  host  |         .         |
[   31.897430] cloud-init[979]: ci-info: +---------+-------+----------------------------+---------------+--------+-------------------+
[   31.936629] cloud-init[979]: ci-info: +++++++++++++++++++++++++++Route IPv4 info++++++++++++++++++++++++++++
[   31.937904] cloud-init[979]: ci-info: +-------+-------------+----------+---------------+-----------+-------+
[   31.938924] cloud-init[979]: ci-info: | Route | Destination | Gateway  |    Genmask    | Interface | Flags |
[[0;32m  OK  [0m] Started Initial cloud-init job (metadata service crawler).
[   31.941441] cloud-init[979]: ci-info: +-------+-------------+----------+---------------+-----------+-------+
[   32.073168] cloud-init[979]: ci-info: |   0   |   0.0.0.0   | 10.0.2.2 |    0.0.0.0    |   enp0s3  |   UG  |
[   32.074440] cloud-init[979]: ci-info: |   1   |   10.0.2.0  | 0.0.0.0  | 255.255.255.0 |   enp0s3  |   U   |
[   32.074966] cloud-init[979]: ci-info: +-------+-------------+----------+---------------+-----------+-------+
[   32.077310] cloud-init[979]: ci-info: +++++++++++++++++++Route IPv6 info+++++++++++++++++++
[[0;32m  OK  [0m] Reached target Network is Online.
[   32.077768] cloud-init[979]: ci-info: +-------+-------------+---------+-----------+-------+
[   32.135348] cloud-init[979]: ci-info: | Route | Destination | Gateway | Interface | Flags |
[   32.137111] cloud-init[979]: ci-info: +-------+-------------+---------+-----------+-------+
         Starting iSCSI initiator daemon (iscsid)...
[   32.137658] cloud-init[979]: ci-info: |   0   |  fe80::/64  |    ::   |   enp0s3  |   U   |
[   32.185370] cloud-init[979]: ci-info: |   4   |   ff00::/8  |    ::   |   enp0s3  |   U   |
[   32.186202] cloud-init[979]: ci-info: +-------+-------------+---------+-----------+-------+
[   32.186723] cloud-init[979]: Generating public/private rsa key pair.
[   32.187305] cloud-init[979]: Your identification has been saved in /etc/ssh/ssh_host_rsa_key.
[   32.187821] cloud-init[979]: Your public key has been saved in /etc/ssh/ssh_host_rsa_key.pub.
[   32.189275] cloud-init[979]: The key fingerprint is:
[   32.189986] cloud-init[979]: SHA256:ng7Ng0mh3PbvrNCtt0IwNpaJ3XMp+Se/YjieLGDr25s root@ubuntu-xenial
[   32.190602] cloud-init[979]: The key's randomart image is:
[   32.192017] cloud-init[979]: +---[RSA 2048]----+
[   32.193353] cloud-init[979]: |                 |
[   32.194039] cloud-init[979]: |                 |
[   32.194721] cloud-init[979]: |     o.+ . .     |
[   32.196209] cloud-init[979]: |   ..oX.= o      |
[   32.196635] cloud-init[979]: |    oo++S=       |
[   32.197202] cloud-init[979]: |    oo O.oo .    |
[   32.197921] cloud-init[979]: |   . o=.O..+     |
[   32.198540] cloud-init[979]: |    ...*+*+ .    |
[   32.199862] cloud-init[979]: |   .o.E+BB=o..   |
[   32.201305] cloud-init[979]: +----[SHA256]-----+
[   32.202856] cloud-init[979]: Generating public/private dsa key pair.
[   32.203450] cloud-init[979]: Your identification has been saved in /etc/ssh/ssh_host_dsa_key.
[   32.205192] cloud-init[979]: Your public key has been saved in /etc/ssh/ssh_host_dsa_key.pub.
[   32.206512] cloud-init[979]: The key fingerprint is:
[[0;32m  OK  [0m] Reached target System Initialization.
[   32.207159] cloud-init[979]: SHA256:PSJQz+H5N33MNk22DQyxdz1FAQwtTbsP0Zuxg3HSGBk root@ubuntu-xenial
[   32.330620] cloud-init[979]: The key's randomart image is:
[   32.333216] cloud-init[979]: +---[DSA 1024]----+
[   32.337439] cloud-init[979]: |      . .  .OE+o+|
[   32.337993] cloud-init[979]: |     . + o . O* o|
[   32.338644] cloud-init[979]: |    .   =   o*+*=|
[   32.340105] cloud-init[979]: |     .   o   oBBX|
[   32.340732] cloud-init[979]: |      . S + o+.BB|
[   32.342256] cloud-init[979]: |       . . o .ooo|
[   32.342959] cloud-init[979]: |               . |
[   32.343573] cloud-init[979]: |                 |
[   32.345675] cloud-init[979]: |                 |
[   32.347081] cloud-init[979]: +----[SHA256]-----+
[   32.347707] cloud-init[979]: Generating public/private ecdsa key pair.
[   32.349233] cloud-init[979]: Your identification has been saved in /etc/ssh/ssh_host_ecdsa_key.
[   32.349917] cloud-init[979]: Your public key has been saved in /etc/ssh/ssh_host_ecdsa_key.pub.
[[   32.350523] [0;32m  OK  [0mcloud-init] [979]: Listening on ACPID Listen Socket.The key fingerprint is:

[   32.350809] cloud-init[979]: SHA256:IrMQNKO8FL3Xy35uLN5C+DAU01wrXExa89INpqwbLIc root@ubuntu-xenial
[   32.417421]          cloud-initStarting Socket activation for snappy daemon.[979]: 
The key's randomart image is:
[   32.453696] cloud-init[979]: +---[ECDSA 256]---+
[   32.455812] cloud-init[979]: | .=   o +* o     |
[   32.457145] cloud-init[979]: |.o.+ o.o=.B o    |
[   32.458401] cloud-init[979]: |.o. . ++ = o .   |
[   32.459008] cloud-init[979]: |. .o oo.o .      |
[   32.460906] cloud-init[979]: | .. =E+=S        |
[   32.462183] cloud-init[979]: |   . Bo=o        |
[[0;32m  OK  [0m] Started ACPI Events Check.
[   32.463477] cloud-init[979]: |    . *..        |
[[0;32m  OK  [0m] Reached target Paths.
[   32.483905] cloud-init[979]: |       =.+       |
[   32.518107] cloud-init[979]: |      ..*o       |
[   32.519634] cloud-init[979]: +----[SHA256]-----+
[   32.521030] cloud-init[979]: Generating public/private ed25519 key pair.
[   32.522556] cloud-init[979]: Your identification has been saved in /etc/ssh/ssh_host_ed25519_key.
[   32.522937] cloud-init[979]: Your public key has been saved in /etc/ssh/ssh_host_ed25519_key.pub.
[   32.523637] cloud-init[979]: The key fingerprint is:
[   32.524338] cloud-init[979]: SHA256:JOQ3re0vUgPt/Qg8ebnEo+e91siYfVbDgXeI9SBPtso root@ubuntu-xenial
[   32.525630] cloud-init[979]: The key's randomart image is:
[   32.526858] cloud-init[979]: +--[ED25519 256]--+
[   32.527546] cloud-init[979]: |      .          |
[[0;32m  OK  [0m] Listening on UUID daemon activation socket.
[[   32.528271] cloud-init[979]: |     o   .  . =  |
[   32.586539] cloud-init[979]: |      o +..  B.= |
[   32.587036] cloud-init[979]: |       +.+. ..+oo|
[   32.588381] cloud-init[979]: |        S+.= oo o|
[   32.588736] cloud-init[979]: |         .O E  o.|
[   32.589401] cloud-init[979]: |         ..B X oo|
[0;32m  OK  [0m] Started Daily Cleanup of Temporary Directories.
[   32.589861] cloud-init[979]: |        . o.*.* +|
[   32.642940] cloud-init[979]: |         . +o.o+ |
[[0;32m  OK  [0m] Listening on D-Bus System Message Bus Socket.
[   32.645743] cloud-init[979]: +----[SHA256]-----+
[[0;32m  OK  [0m] Started Daily apt download activities.
         Starting LXD - unix socket.
[[0;32m  OK  [0m] Started Daily apt upgrade and clean activities.
[[0;32m  OK  [0m] Reached target Timers.
[[0;32m  OK  [0m] Reached target Cloud-config availability.
[[0;32m  OK  [0m] Listening on Socket activation for snappy daemon.
[[0;32m  OK  [0m] Listening on LXD - unix socket.
[[0;32m  OK  [0m] Started iSCSI initiator daemon (iscsid).
         Starting Login to default iSCSI targets...
[[0;32m  OK  [0m] Reached target Sockets.
[[0;32m  OK  [0m] Reached target Basic System.
[[0;32m  OK  [0m] Started Deferred execution scheduler.
         Starting /etc/rc.local Compatibility...
         Starting Login Service...
         Starting Virtualbox guest utils...
         Starting LXD - container startup/shutdown...
         Starting Accounts Service...
[[0;32m  OK  [0m] Started FUSE filesystem for LXC.
         Starting LSB: Record successful boot for GRUB...
[[0;32m  OK  [0m] Started Unattended Upgrades Shutdown.
         Starting Snappy daemon...
[[0;32m  OK  [0m] Started ACPI event daemon.
         Starting System Logging Service...
         Starting LSB: MD monitoring daemon...
         Starting Pollinate to seed the pseudo random number generator...
[[0;32m  OK  [0m] Started Regular background program processing daemon.
[[0;32m  OK  [0m] Started D-Bus System Message Bus.
[[0;32m  OK  [0m] Started System Logging Service.
[[0;32m  OK  [0m] Started /etc/rc.local Compatibility.
[[0;32m  OK  [0m] Started LXD - container startup/shutdown.
[[0;32m  OK  [0m] Started Login to default iSCSI targets.
[[0;32m  OK  [0m] Started Snappy daemon.
[[0;32m  OK  [0m] Started Virtualbox guest utils.
[[0;32m  OK  [0m] Started LSB: Record successful boot for GRUB.
[[0;32m  OK  [0m] Started LSB: MD monitoring daemon.
[[0;32m  OK  [0m] Started Login Service.
         Starting Authenticate and Authorize Users to Run Privileged Tasks...
         Starting Wait until snapd is fully seeded...
[[0;32m  OK  [0m] Reached target Remote File Systems (Pre).
[[0;32m  OK  [0m] Reached target Remote File Systems.
         Starting LSB: daemon to balance interrupts for SMP systems...
         Starting LSB: automatic crash report generation...
         Starting Permit User Sessions...
         Starting LSB: Set the CPU Frequency Scaling governor to "ondemand"...
[[0;32m  OK  [0m] Started Permit User Sessions.
[[0;32m  OK  [0m] Started Authenticate and Authorize Users to Run Privileged Tasks.
[[0;32m  OK  [0m] Started Accounts Service.
         Starting Terminate Plymouth Boot Screen...
         Starting Hold until boot process finishes up...
[[0;32m  OK  [0m] Started LSB: Set the CPU Frequency Scaling governor to "ondemand".
[[0;32m  OK  [0m] Started LSB: daemon to balance interrupts for SMP systems.
[[0;32m  OK  [0m] Started LSB: automatic crash report generation.
[[0;32m  OK  [0m] Started Terminate Plymouth Boot Screen.
[[0;32m  OK  [0m] Started Hold until boot process finishes up.
[[0;32m  OK  [0m] Started Getty on tty1.
[[0;32m  OK  [0m] Started Serial Getty on ttyS0.
[[0;32m  OK  [0m] Reached target Login Prompts.
         Starting Set console scheme...
[[0;32m  OK  [0m] Started Set console scheme.
[[0;32m  OK  [0m] Started Pollinate to seed the pseudo random number generator.
         Starting OpenBSD Secure Shell server...
[[0;32m  OK  [0m] Started OpenBSD Secure Shell server.
[[0;32m  OK  [0m] Created slice User Slice of vagrant.
         Starting User Manager for UID 1000...
[[0;32m  OK  [0m] Started Session 1 of user vagrant.
[[0;32m  OK  [0m] Started User Manager for UID 1000.

Ubuntu 16.04.5 LTS ubuntu-xenial ttyS0

ubuntu-xenial login: [   48.210798] cloud-init[1532]: Generating locales (this might take a while)...
[   51.556666] cloud-init[1532]:   en_US.UTF-8... done
[   51.562317] cloud-init[1532]: Generation complete.
[   52.888267] cloud-init[1532]: Cloud-init v. 18.3-9-g2e62cb8a-0ubuntu1~16.04.2 running 'modules:config' at Mon, 03 Dec 2018 20:01:25 +0000. Up 47.56 seconds.
ci-info: no authorized ssh keys fingerprints found for user ubuntu.
<14>Dec  3 20:01:33 ec2: 
<14>Dec  3 20:01:33 ec2: #############################################################
<14>Dec  3 20:01:33 ec2: -----BEGIN SSH HOST KEY FINGERPRINTS-----
<14>Dec  3 20:01:33 ec2: 1024 SHA256:PSJQz+H5N33MNk22DQyxdz1FAQwtTbsP0Zuxg3HSGBk root@ubuntu-xenial (DSA)
<14>Dec  3 20:01:33 ec2: 256 SHA256:IrMQNKO8FL3Xy35uLN5C+DAU01wrXExa89INpqwbLIc root@ubuntu-xenial (ECDSA)
<14>Dec  3 20:01:33 ec2: 256 SHA256:JOQ3re0vUgPt/Qg8ebnEo+e91siYfVbDgXeI9SBPtso root@ubuntu-xenial (ED25519)
<14>Dec  3 20:01:33 ec2: 2048 SHA256:ng7Ng0mh3PbvrNCtt0IwNpaJ3XMp+Se/YjieLGDr25s root@ubuntu-xenial (RSA)
<14>Dec  3 20:01:33 ec2: -----END SSH HOST KEY FINGERPRINTS-----
<14>Dec  3 20:01:33 ec2: #############################################################
-----BEGIN SSH HOST KEY KEYS-----
ecdsa-sha2-nistp256 AAAAE2VjZHNhLXNoYTItbmlzdHAyNTYAAAAIbmlzdHAyNTYAAABBBPPjf93QQFPn+9Dzy0oknuMKUr6JhTJebOSa6BIn+eK8aFSfwPLleE+/DtDTgnCmkq7fmun5LfF9u/Umg/kaQXM= root@ubuntu-xenial
ssh-ed25519 AAAAC3NzaC1lZDI1NTE5AAAAIDmCx95WW4DzQsuzeSKPGBCtGiKc6FpJC6cxOEnfbybj root@ubuntu-xenial
ssh-rsa AAAAB3NzaC1yc2EAAAADAQABAAABAQCzchylvd+kpPji1ljM072lUBQOFlpkSHnrht5piJIxnFMVNVt9FK+YNhaTrkkEwSaRcLs8PxZtSWUOKCpKpkJ02n6MIKhh5+FGcEaXgyraES7tc579zVVjbfOa8k0VfdBJLB+gciMoR84IAXnLMLTY7OQqc7mjOpkWZTkl9OI2kyce1B+ybhANrTQb1I4hmnALc9qZU2g2EGD5h+JGYlYncAl9cwrXHrsBqS29lZojjr8sc6xlYBLLbnOkabMRwaAMUOuYkfrS3cxGmdmkGk9HWb+GNSnXoXP297m0laZtWc9F+ubqVFU+NKp4ZQhZXa+7UWFiXciDupf2fUnq/oIZ root@ubuntu-xenial
-----END SSH HOST KEY KEYS-----
[   55.577362] cloud-init[2142]: Cloud-init v. 18.3-9-g2e62cb8a-0ubuntu1~16.04.2 running 'modules:final' at Mon, 03 Dec 2018 20:01:32 +0000. Up 54.70 seconds.
[   55.583220] cloud-init[2142]: ci-info: no authorized ssh keys fingerprints found for user ubuntu.
[   55.592591] cloud-init[2142]: Cloud-init v. 18.3-9-g2e62cb8a-0ubuntu1~16.04.2 finished at Mon, 03 Dec 2018 20:01:33 +0000. Datasource DataSourceNoCloud [seed=/dev/sdb][dsmode=net].  Up 55.49 seconds
