[   0.0000] nitliing cou subsys cpuset
    0.0000] nializngcgroup subsys cpu
[   0.000000] Initializing cgroup subsys cpuacct
[    0.00000 Lnux veron4.4.0-13geericbuldd@lcy01md4-00 (cc veio 5.4.2060609 bunt 5.4-6bun1~6.04.10) #14-untu S Te Oc2 7:1602TC 2018 (Unt 4.40-8.16-geric 4.4155)
[    0.000000] Command line: BOOT_IMAGE=/boot/vmlinuz-4.4.0-138-generic root=LABEL=cloudimg-rootfs ro console=tty1 console=ttyS0
[    0.000000] KERNEL supported cpus:
[    0.000000]   Intel GenuineIntel
[    0.000000]   AMD AuthenticAMD
[    0.000000]   Centaur CentaurHauls
[    0.000000] x86/fpu: xstate_offset[2]:  576, xstate_sizes[2]:  256
[    0.000000] x86/fpu: Supporting XSAVE feature 0x01: 'x87 floatngpoin rister
    0.0000 x86/fpu: Supporting XSAVE feature 0x02: 'SSE risers
[    0.000000] x86/fpu Suppoin XSA fature 04:'AVX regtes'
[  0.000000] x86/fpu:Enablexsate eares 0, cotext size  82 bytes, using 'standard' format.
[   .00000] e820: BIOS-provided physical RAM map:
[    0.000000] BIOS-e820: [mem 0x0000000000000000-0x000000000009fbff] usable
[    0.000000] BIOS-e820: [mem 0x000000000009fc00-0x000000000009ffff] reserved
[    0.000000] BIOS-e820: [mem 0x00000000000f0000-0x00000000000fffff] reserved
[    0.000000] BIOS-e820: [mem 0x0000000000100000-0x000000003ffeffff] usable
[    0.000000] BIOS-e820: [mem 0x000000003fff0000-0x000000003fffffff] ACPI data
[    0.000000] BIOS-e820: [mem 0x00000000fec00000-0x00000000fec00fff] reserved
[    0.000000] BIOS-e820: [mem 0x00000000fee00000-0x00000000fee00fff] reserved
[    0.000000] BIOS-e820: [mem 0x00000000fffc0000-0x00000000ffffffff] reserved
[  0.000000] NX (Execute Disab) rotection: active
[  00000 SMBIOS 2.5 present.
[    0.000000] Herisor detected: KVM
[    0.000000] e820: last_pfn = 0x3fff0 max_arch_pfn = 0x400000000
[    0.000000] MTRR: Disabled
[    0.000000] x86/PAT: MTRRs disabled, skipping PAT initialization too.
[    0.000000] CPU MTRRs all blank - virtualized system.
[    0.000000] x86/PAT: Configuration [0-7]: WB  WT  UC- UC  WB  WT  UC- UC  
[    0.000000] found SMP MP-table at [mem 0x0009fff0-0x0009ffff] mapped at [ffff88000009fff0]
[    0.000000] Scanning 1 areas for low memory corruption
[    0.000000] RAMDISK: [mem 0x3630a000-0x3717cfff]
[    0.000000] ACPI: Early table checksum verification disabled
[  0000000] ACPI: RSDP 0x00000000000E0000 000024 (v02 VBOX  )
[    0.000000] ACPI: XSDT 0x000000003FFF0030 00003C (v01 VBOX   VBOXXSDT 00000001 ASL  00000061)
[    0.000000ACI: FACP 0x000000003FFF00F0 0000F4 (v04 VBOX   VBOXFACP 00000001 ASL  00000061)
[    0.000000] ACPI: DSDT 0x000000003FFF0470 0021FF (v02 VBOX   VBOXBIOS 00000002 INTL 20100528)[   0.0000] ACPI: FACS 0x000000003FFF0200 000040
[    0.000000] ACPI: FACS 0x000000003FFF0200 000040
[    0.000000] ACPI: APIC 0x000000003FFF0240 00005C (v02 VBOX   VBOXAPIC 00000001 ASL  00000061)
[    0.000000] ACPI: SSDT 0x000000003FFF02A0 0001CC (v01 VBOX   VBOXCPUT 00000002 INTL 20100528)
[    0.000000] No NUMA configuration found
[    0.000000] Faking a node at [mem 0x0000000000000000-0x000000003ffeffff]
[    0.000000] NODE_DATA(0) allocated [mem 0x3ffeb000-0x3ffeffff]
[    0.000000] kvm-clock: Using msrs 4b564d01 and 4b564d00
[    0.000000] kvm-clock: cpu 0, msr 0:3ffe3001, primary cpu clock
[    0.000000] kvm-clock: using sched offset of 3988135434 cycles
[   .000000] clocksource: kvm-clock: mask: 0xffffffffffffffff max_cycles: 0x1cd42e4dffb, max_idle_ns: 881590591483 ns
[   0.0000] Zone range:
[    0.000]   DMA      [mem 0x0000000000001000-0x0000000000ffffff]
[   000000]  MA2  [mm 000000001000-0x000003ffeff]
[   .0000]  Nrmal empy
   00000]   Device   empy
[    0.0000] ovab zne art or each node
[  000000] rly merynodeanes
[  00000]  nod  : [m x0000000001000x00000009efff][    00000]  no   0 [me0x0000000000000x00000003ffeffff]
[  00000]Inimem seup ne 0[mem 000000001000-0x000003ffefff
[    .000000] PI: M-mer IO rt 0x4008
[    00000] IPI[0]: apic_id 2, version 32, address 0xc0000, GSI 0-23
[    0.000000] ACPI: INT_SRC_OVR (bus 0 bus_irq 0 global_irq 2 dfl dfl)
[    0.000000] ACPI: INT_SRC_OVR (bus 0 bus_irq 9 global_irq 9 low level)
[    0.000000] Using ACPI (MADT) for SMP configuration information
[    0.000000] smpboot: Allowing 2 CPUs, 0 hotplug CPUs
[    0.000000] PM: Registered nosave memory: [mem 0x0000000x00000fff]
[    0.000000] PM: Registered nosave memory: [mem 0x0009f000-0x0009ffff]
[    0.000000] PM: Registered nosave memory: [mem 0x000a0000-0x000effff]
[    0.000000] PM: Registered nosave memory: [mem 0x000f0000-0x000fffff]
[    0.000000] e820: [mem 0x40000000-0xfebfffff] available for PCI devices
[  000000 Booting paravirtualized kernel on KVM
[   0.000000] clocksource: refined-jiffies: mask: 0xffffffff max_cycles: 0xffffffff, max_idle_ns: 7645519600211568 ns
[    0.000000] setup_percpu: NR_CPUS:512 nr_cpumask_bits:512 nr_cpu_ids:2 nr_node_ids:1
[    0.000000] PERCPU: Embedded 34 pages/cpu @ffff88003fc00000 s99608 r8192 d314464 u1048576
[    0.000000] PV qspinlock hash table entries: 256 (order: 0, 4096 bytes)
[    0.000000] Built 1 zonelists in Node order, mobility grouping on.  Total pages: 257912
[    0.000000] Policy zone: DMA32
[    0.000000] Kernel command line: BOOT_IMAGE=/boot/vmlinuz-4.4.0-138-generic root=LABEL=cloudimg-rootfs ro console=tty1 console=ttyS0
[  0000000] PID hash table entries: 4096 (order: 3, 32768 bytes)
[    0.000000] Memory: 997708K/1048120K available (8563K kernel code, 1314K rwdata, 4004K rodata, 1528K init, 1316K bss, 50412K reserved, 0K cma-reserved)
[    0.000000] SLUB: HWalign=64, Order=0-3, MinObjects=0, CPUs=2, Nodes=1
[    0.000000] Kernel/User page tables isolation: enabled
[    0.0000] Hierarchical RCU implementation.
[    0.000000] 	Build-time adjustment of leaf fanout to 64.
[    0.000000] 	RCU restricting CPUs from NR_CPUS=512 to nr_cpu_ids=2.
[    0.000000] RCU: Adjusting geometry for rcu_fanout_leaf=64, nr_cpu_ids=2
[    0.000000] NR_IRQS:33024 nr_irqs:440 16
[   0.000000] Console: colour VGA+ 80x25
[    0.000000] console [tty1] enabled
[    0.000000] console [ttyS0] enabled
[    0.000000] tsc: Detected 2712002 MHz processor
[    5.948109] Calibrating delay loop (skipped) preset value.. 5424.00 BogoMIPS (lpj=10848008)
[   5.950325] pid_max: default: 32768 minimum: 301
[    5.973420] ACPI: Core revision 20150930
[    5.976726] ACPI: 2 ACPI AML tables successfully acquired and loaded
[    5.989479] Security Framework initialized
[    5.990524] Yama: becoming mindful.
[    5.991504] AppArmor: AppArmor initialized
[    5.992630] Dentry cache hash table entries: 131072 (order: 8, 1048576 bytes)
[    6.029738] Inode-cache hash table entries: 65536 (order: 7, 524288 bytes)
[    6.034357] Mount-cache hash table entries: 2048 (order: 2, 16384 bytes)
[    6.035926] Mountpoint-cache hash table entries: 2048 (order: 2, 16384 bytes)
[    6.037613] Initializing cgroup subsys io
[    6.052336] Initializing cgroup subsys memory
[    6.053526] Initializing cgroup subsys devices
[    6.068039] Initializing cgroup subsys freezer
[    6.069146] Initializing cgroup subsys net_cls
[    6.070189] Initializing cgroup subsys perf_event
[    6.071481] Initializing cgroup subsys net_prio
[    6.079801] Initializing cgroup subsys hugetlb
[    6.080884] Initializing cgroup subsys pids
[    6.083021] mce: CPU supports 0 MCE banks
[    6.090448] Last level iTLB entries: 4KB 128, 2MB 8, 4MB 8
[    6.091855] Last level dTLB entries: 4KB 64, 2MB 0, 4MB 0, 1GB 4
[    6.110730] Spectre V2 : Mitigation: Full generic retpoline
[    6.119059] Spectre V2 : Spectre v2 mitigation: Speculation control IBPB not-supported IBRS not-supported
[    6.121021] Spectre V2 : Spectre v2 / SpectreRSB mitigation: Filling RSB on context switch
[    6.124636] Speculative Store Bypass: Vulnerable
[    6.128618] Freeing SMP alternatives memory: 32K
[    6.160011] ftrace: allocating 32278 entries in 127 pages
[    6.262824] smpboot: APIC(0) Converting physical 0 to logical package 0
[    6.435450] smpboot: Max logical packages: 1
[    6.458120] x2apic enabled
[    6.485682] Switched APIC routing to physical x2apic.
[    6.495170] ..TIMER: vector=0x30 apic1=0 pin1=2 apic2=-1 pin2=-1
[    6.602840] smpboot: CPU0: Intel(R) Core(TM) i5-7500T CPU @ 2.70GHz (family: 0x6, model: 0x9e, stepping: 0x9)
[    6.632652] Performance Events: unsupported p6 CPU model 158 no PMU driver, software events only.
[    6.668407] KVM setup paravirtual spinlock
[    6.714576] x86: Booting SMP configuration:
[    6.721889] .... node  #0, CPUs:      #1
[    6.722915] kvm-clock: cpu 1, msr 0:3ffe3041, secondary cpu clock
[    6.738033] mce: CPU supports 0 MCE banks
[    6.760028] x86: Booted up 1 node, 2 CPUs
[    6.782307] smpboot: Total of 2 processors activated (10848.00 BogoMIPS)
[    6.784251] devtmpfs: initialized
[    6.793779] evm: security.selinux
[    6.801579] evm: security.SMACK64
[    6.809797] evm: security.SMACK64EXEC
[    6.829814] evm: security.SMACK64TRANSMUTE
[    6.875734] evm: security.SMACK64MMAP
[    6.889705] evm: security.ima
[    6.899355] evm: security.capability
[    6.939564] clocksource: jiffies: mask: 0xffffffff max_cycles: 0xffffffff, max_idle_ns: 7645041785100000 ns
[    7.003880] futex hash table entries: 512 (order: 3, 32768 bytes)
[    7.005488] pinctrl core: initialized pinctrl subsystem
[    7.019877] RTC time:  4:57:19, date: 12/01/18
[    7.021323] NET: Registered protocol family 16
[    7.040102] cpuidle: using governor ladder
[    7.063483] cpuidle: using governor menu
[    7.071353] PCCT header not found.
[    7.074284] ACPI: bus type PCI registered
[    7.089605] acpiphp: ACPI Hot Plug PCI Controller Driver version: 0.5
[    7.160347] PCI: Using configuration type 1 for base access
[    7.180512] ACPI: Added _OSI(Module Device)
[    7.188751] ACPI: Added _OSI(Processor Device)
[    7.196360] ACPI: Added _OSI(3.0 _SCP Extensions)
[    7.204104] ACPI: Added _OSI(Processor Aggregator Device)
[    7.214836] ACPI: Executed 1 blocks of module-level executable AML code
[    7.227514] ACPI: Interpreter enabled
[    7.228477] ACPI: (supports S0 S5)
[    7.229367] ACPI: Using IOAPIC for interrupt routing
[    7.230738] PCI: Using host bridge windows from ACPI; if necessary, use "pci=nocrs" and report a bug
[    7.236976] ACPI: PCI Root Bridge [PCI0] (domain 0000 [bus 00-ff])
[    7.238328] acpi PNP0A03:00: _OSC: OS supports [ASPM ClockPM Segments MSI]
[    7.242617] acpi PNP0A03:00: _OSC: not requesting OS control; OS requires [ExtendedConfig ASPM ClockPM MSI]
[    7.272506] acpi PNP0A03:00: fail to add MMCONFIG information, can't access extended PCI configuration space under this bridge.
[    7.275374] PCI host bridge to bus 0000:00
[    7.276402] pci_bus 0000:00: root bus resource [io  0x0000-0x0cf7 window]
[    7.277825] pci_bus 0000:00: root bus resource [io  0x0d00-0xffff window]
[    7.279305] pci_bus 0000:00: root bus resource [mem 0x000a0000-0x000bffff window]
[    7.281180] pci_bus 0000:00: root bus resource [mem 0x40000000-0xfdffffff window]
[    7.346554] pci_bus 0000:00: root bus resource [bus 00-ff]
[    7.349786] pci 0000:00:01.1: legacy IDE quirk: reg 0x10: [io  0x01f0-0x01f7]
[    7.351306] pci 0000:00:01.1: legacy IDE quirk: reg 0x14: [io  0x03f6]
[    7.398897] pci 0000:00:01.1: legacy IDE quirk: reg 0x18: [io  0x0170-0x0177]
[    7.480102] pci 0000:00:01.1: legacy IDE quirk: reg 0x1c: [io  0x0376]
[    7.627744] pci 0000:00:07.0: quirk: [io  0x4000-0x403f] claimed by PIIX4 ACPI
[    7.768330] pci 0000:00:07.0: quirk: [io  0x4100-0x410f] claimed by PIIX4 SMB
[    7.840449] ACPI: PCI Interrupt Link [LNKA] (IRQs 5 9 10 *11)
[    7.892956] ACPI: PCI Interrupt Link [LNKB] (IRQs 5 9 *10 11)
[    7.898224] ACPI: PCI Interrupt Link [LNKC] (IRQs 5 *9 10 11)
[    7.941557] ACPI: PCI Interrupt Link [LNKD] (IRQs 5 9 10 *11)
[    7.954361] ACPI: Enabled 2 GPEs in block 00 to 07
[    7.955860] vgaarb: setting as boot device: PCI:0000:00:02.0
[    7.961710] vgaarb: device added: PCI:0000:00:02.0,decodes=io+mem,owns=io+mem,locks=none
[    8.013583] vgaarb: loaded
[    8.027521] vgaarb: bridge control possible 0000:00:02.0
[    8.049656] SCSI subsystem initialized
[    8.056204] ACPI: bus type USB registered
[    8.084337] usbcore: registered new interface driver usbfs
[    8.092972] usbcore: registered new interface driver hub
[    8.100324] usbcore: registered new device driver usb
[    8.134238] PCI: Using ACPI for IRQ routing
[    8.148937] NetLabel: Initializing
[    8.181459] NetLabel:  domain hash size = 128
[    8.189854] NetLabel:  protocols = UNLABELED CIPSOv4
[    8.191038] NetLabel:  unlabeled traffic allowed by default
[    8.192482] amd_nb: Cannot enumerate AMD northbridges
[    8.209505] clocksource: Switched to clocksource kvm-clock
[  82904]AprmorAprmor Filesystem Enabl
    6623 pp: PnP ACPI init  8.8979 p: P PIfod  deic
[    9.463354] clocksource: acpi_pm: mask: 0xffffff max_cycles: 0xffffff, max_idle_ns: 2085701024 ns
[    9.537724] NET: Registered protocol family 2
[    9.619401] TCP established hash table entries: 8192 (order: 4, 65536 bytes)
[    9.689182] TCP bind hash table entries: 8192 (order: 5, 131072 bytes)
[    9.770883] TCP: Hash tables configured (established 8192 bind 8192)
[    9.804383] UDP hash table entries: 512 (order: 2, 16384 bytes)
[    9.813285] UDP-Lite hash table entries: 512 (order: 2, 16384 bytes)
[    9.841728] NET: Registered protocol family 1
[    9.884073] pci 0000:00:00.0: Limiting direct PCI/PCI transfers
[    9.885561] pci 0000:00:01.0: Activating ISA DMA hang workarounds
[    9.893508] Unpacking initramfs...
[   10.887000] Freeing initrd memory: 14796K
[   10.958856] platform rtc_cmos: registered platform RTC device (no PNP device found)
[   11.090222] Scanning for low memory corruption every 60 seconds
[   11.173964] audit: initializing netlink subsys (disabled)
[   11.182563] audit: type=2000 audit(1543640241.151:1): initialized
[   11.199471] Initialise system trusted keyring
[   11.208889] HugeTLB registered 2 MB page size, pre-allocated 0 pages
[   11.219133] zbud: loaded
[   11.227345] VFS: Disk quotas dquot_6.6.0
[   11.278675] VFS: Dquot-cache hash table entries: 512 (order 0, 4096 bytes)
[   11.288429] squashfs: version 4.0 (2009/01/31) Phillip Lougher
[   11.303911] fuse init (API version 7.23)
[   11.312170] Key type big_key registered
[   11.318936] Allocating IMA MOK and blacklist keyrings.
[   11.336966] Key type asymmetric registered
[   11.353966] Asymmetric key parser 'x509' registered
[   11.355383] Block layer SCSI generic (bsg) driver version 0.4 loaded (major 249)
[   11.364064] io scheduler noop registered
[   11.400309] io scheduler deadline registered (default)
[   11.411236] io scheduler cfq registered
[   11.422071] pci_hotplug: PCI Hot Plug PCI Core version: 0.5
[   11.443844] pciehp: PCI Express Hot Plug Controller Driver version: 0.4
[   11.493103] ACPI: AC Adapter [AC] (on-line)
[   11.548792] input: Power Button as /devices/LNXSYSTM:00/LNXPWRBN:00/input/input0
[   11.557042] ACPI: Power Button [PWRF]
[   11.583508] input: Sleep Button as /devices/LNXSYSTM:00/LNXSLPBN:00/input/input1
[   11.613402] ACPI: Sleep Button [SLPF]
[   11.621794] GHES: HEST is not enabled!
[   11.676887] Serial: 8250/16550 driver, 32 ports, IRQ sharing enabled
[   11.746513] 00:02: ttyS0 at I/O 0x3f8 (irq = 4, base_baud = 115200) is a 16550A
[   11.802553] Linux agpgart interface v0.103
[   11.819246] loop: module loaded
[   11.839604] scsi host0: ata_piix
[   11.846978] scsi host1: ata_piix
[   11.877954] ata1: PATA max UDMA/33 cmd 0x1f0 ctl 0x3f6 bmdma 0xd000 irq 14
[   11.879556] ata2: PATA max UDMA/33 cmd 0x170 ctl 0x376 bmdma 0xd008 irq 15
[   11.912118] libphy: Fixed MDIO Bus: probed
[   11.913530] tun: Universal TUN/TAP device driver, 1.6
[   11.952427] tun: (C) 1999-2004 Max Krasnyansky <maxk@qualcomm.com>
[   11.961299] tsc: Refined TSC clocksource calibration: 2711.553 MHz
[   11.993490] clocksource: tsc: mask: 0xffffffffffffffff max_cycles: 0x2715e049fb5, max_idle_ns: 440795344912 ns
[   11.995956] PPP generic driver version 2.4.2
[   12.016356] ehci_hcd: USB 2.0 'Enhanced' Host Controller (EHCI) Driver
[   12.027528] ehci-pci: EHCI PCI platform driver
[   12.028782] ehci-platform: EHCI generic platform driver
[   12.045618] ohci_hcd: USB 1.1 'Open' Host Controller (OHCI) Driver
[   12.047137] ohci-pci: OHCI PCI platform driver
[   12.050113] ohci-platform: OHCI generic platform driver
[   12.051392] uhci_hcd: USB Universal Host Controller Interface driver
[   12.066694] i8042: PNP: PS/2 Controller [PNP0303:PS2K,PNP0f03:PS2M] at 0x60,0x64 irq 1,12
[   12.087781] serio: i8042 KBD port at 0x60,0x64 irq 1
[   12.091099] serio: i8042 AUX port at 0x60,0x64 irq 12
[   12.099025] mousedev: PS/2 mouse device common for all mice
[   12.116894] rtc_cmos rtc_cmos: rtc core: registered rtc_cmos as rtc0
[   12.132551] rtc_cmos rtc_cmos: alarms up to one day, 114 bytes nvram
[   12.140245] i2c /dev entries driver
[   12.154619] input: AT Translated Set 2 keyboard as /devices/platform/i8042/serio0/input/input2
[   12.163270] device-mapper: uevent: version 1.0.3
[   12.204279] device-mapper: ioctl: 4.34.0-ioctl (2015-10-28) initialised: dm-devel@redhat.com
[   12.235425] ledtrig-cpu: registered to indicate activity on CPUs
[   12.244174] NET: Registered protocol family 10
[   12.251330] NET: Registered protocol family 17
[   12.280275] Key type dns_resolver registered
[   12.299000] registered taskstats version 1
[   12.319141] Loading compiled-in X.509 certificates
[   12.335632] Loaded X.509 cert 'Build time autogenerated kernel key: 9a104bc44b81e9426fe5c715e47d021d02d69eba'
[   12.369402] zswap: loaded using pool lzo/zbud
[   12.378630] Key type trusted registered
[   12.405912] Key type encrypted registered
[   12.414038] AppArmor: AppArmor sha1 policy hashing enabled
[   12.415631] ima: No TPM chip found, activating TPM-bypass!
[   12.416974] ima: Allocated hash algorithm: sha1
[   12.420553] evm: HMAC attrs: 0x1
[   12.428820]   Magic number: 14:973:968
[   12.430162] rtc_cmos rtc_cmos: setting system clock to 2018-12-01 04:57:24 UTC (1543640244)
[   12.432293] BIOS EDD facility v0.16 2004-Jun-25, 0 devices found
[   12.435069] EDD information not available.
[   12.437534] Freeing unused kernel memory: 1528K
[   12.453990] Write protecting the kernel read-only data: 14336k
[   12.487559] Freeing unused kernel memory: 1664K
[   12.503103] Freeing unused kernel memory: 92K
Loading, please [   12.522816] random: systemd-udevd: uninitialized urandom read (16 bytes read, 5 bits of entropy available)
wait...
startin[   12.523346] random: udevadm: uninitialized urandom read (16 bytes read, 5 bits of entropy available)
g version 229
[   12.523363] random: udevadm: uninitialized urandom read (16 bytes read, 5 bits of entropy available)
[   12.531483] random: udevadm: uninitialized urandom read (16 bytes read, 5 bits of entropy available)
[   12.531520] random: udevadm: uninitialized urandom read (16 bytes read, 5 bits of entropy available)
[   12.531655] random: udevadm: uninitialized urandom read (16 bytes read, 5 bits of entropy available)
[   12.531702] random: udevadm: uninitialized urandom read (16 bytes read, 5 bits of entropy available)
[   12.531751] random: udevadm: uninitialized urandom read (16 bytes read, 5 bits of entropy available)
[   12.531799] random: udevadm: uninitialized urandom read (16 bytes read, 5 bits of entropy available)
[   12.531844] random: udevadm: uninitialized urandom read (16 bytes read, 5 bits of entropy available)
[   12.810291] e1000: Intel(R) PRO/1000 Network Driver - version 7.3.21-k8-NAPI
[   12.820428] e1000: Copyright (c) 1999-2006 Intel Corporation.
[   12.863460] Fusion MPT base driver 3.04.20
[   12.926027] Copyright (c) 1999-2008 LSI Corporation
[   12.932926] Fusion MPT SPI Host driver 3.04.20
[   12.983454] AVX2 version of gcm_enc/dec engaged.
[   12.997697] AES CTR mode by8 optimization enabled
[   13.063006] input: ImExPS/2 Generic Explorer Mouse as /devices/platform/i8042/serio1/input/input4
[   13.299298] e1000 0000:00:03.0 eth0: (PCI:33MHz:32-bit) 02:46:93:03:7f:ca
[   13.447595] e1000 0000:00:03.0 eth0: Intel(R) PRO/1000 Network Connection
[   13.899415] e1000 0000:00:08.0 eth1: (PCI:33MHz:32-bit) 08:00:27:42:71:e6
[   13.973773] e1000 0000:00:08.0 eth1: Intel(R) PRO/1000 Network Connection
[   14.507229] e1000 0000:00:09.0 eth2: (PCI:33MHz:32-bit) 08:00:27:f4:0d:1f
[   14.588350] e1000 0000:00:09.0 eth2: Intel(R) PRO/1000 Network Connection
[   14.996145] e1000 0000:00:0a.0 eth3: (PCI:33MHz:32-bit) 08:00:27:65:59:53
[   15.004661] e1000 0000:00:0a.0 eth3: Intel(R) PRO/1000 Network Connection
[   15.396524] e1000 0000:00:10.0 eth4: (PCI:33MHz:32-bit) 08:00:27:9d:21:16
[   15.401732] e1000 0000:00:10.0 eth4: Intel(R) PRO/1000 Network Connection
[   15.408582] e1000 0000:00:03.0 enp0s3: renamed from eth0
[   15.416880] mptbase: ioc0: Initiating bringup
[   15.502407] e1000 0000:00:0a.0 enp0s10: renamed from eth3
[   15.590421] e1000 0000:00:10.0 enp0s16: renamed from eth4
[   15.626369] ioc0: LSI53C1030 A0: Capabilities={Initiator}
[   15.710316] e1000 0000:00:09.0 enp0s9: renamed from eth2
[   15.806073] e1000 0000:00:08.0 enp0s8: renamed from eth1
[   15.881308] scsi host2: ioc0: LSI53C1030 A0, FwRev=00000000h, Ports=1, MaxQ=256, IRQ=20
[   16.123475] scsi 2:0:0:0: Direct-Access     VBOX     HARDDISK         1.0  PQ: 0 ANSI: 5
[   16.272222] scsi target2:0:0: Beginning Domain Validation
[   16.300730] scsi target2:0:0: Domain Validation skipping write tests
[   16.399086] scsi target2:0:0: Ending Domain Validation
[   16.477911] scsi target2:0:0: asynchronous
[   16.878510] scsi 2:0:1:0: Direct-Access     VBOX     HARDDISK         1.0  PQ: 0 ANSI: 5
[   18.006756] scsi target2:0:1: Beginning Domain Validation
[   19.008059] scsi target2:0:1: Domain Validation skipping write tests
[   19.106212] scsi target2:0:1: Ending Domain Validation
[   19.214635] scsi target2:0:1: asynchronous
[   19.302486] sd 2:0:0:0: [sda] 20971520 512-byte logical blocks: (10.7 GB/10.0 GiB)
[   19.304645] sd 2:0:0:0: [sda] Write Protect is off
[   19.305890] sd 2:0:0:0: [sda] Incomplete mode parameter data
[   19.313785] sd 2:0:0:0: [sda] Assuming drive cache: write through
[   19.346929] sd 2:0:0:0: Attached scsi generic sg0 type 0
[   19.349005] sd 2:0:1:0: [sdb] 20480 512-byte logical blocks: (10.5 MB/10.0 MiB)
[   19.349056]  sda: sda1
[   19.350054] sd 2:0:0:0: [sda] Attached SCSI disk
[   19.398476] sd 2:0:1:0: Attached scsi generic sg1 type 0
[   19.586986] sd 2:0:1:0: [sdb] Write Protect is off
[   19.614944] sd 2:0:1:0: [sdb] Incomplete mode parameter data
[   19.728928] sd 2:0:1:0: [sdb] Assuming drive cache: write through
[   19.765741] sd 2:0:1:0: [sdb] Attached SCSI disk
Begin: Loading e[   21.260963] md: linear personality registered for level -1
ssential drivers[   21.309628] md: multipath personality registered for level -4
 ... [   21.322560] md: raid0 personality registered for level 0
[   21.363380] md: raid1 personality registered for level 1
[   21.441831] raid6: sse2x1   gen() 10982 MB/s
[   21.529700] raid6: sse2x1   xor()  7999 MB/s
[   21.597551] raid6: sse2x2   gen() 13308 MB/s
[   21.670179] raid6: sse2x2   xor()  9389 MB/s
[   21.746380] raid6: sse2x4   gen() 15349 MB/s
[   21.813727] raid6: sse2x4   xor()  9870 MB/s
[   21.905524] raid6: avx2x1   gen() 21530 MB/s
[   21.990337] raid6: avx2x2   gen() 24992 MB/s
[   22.065517] raid6: avx2x4   gen() 27590 MB/s
[   22.066632] raid6: using algorithm avx2x4 gen() 27590 MB/s
[   22.067886] raid6: using avx2x2 recovery algorithm
[   22.076136] xor: automatically using best checksumming function:
[   22.189963]    avx       : 24248.000 MB/sec
[   22.200538] async_tx: api initialized (async)
[   22.210376] md: raid6 personality registered for level 6
[   22.211817] md: raid5 personality registered for level 5
[   22.214778] md: raid4 personality registered for level 4
[   22.228224] md: raid10 personality registered for level 10
done.
Begin: Running /scripts/init-premount ... done.
Begin: Mounti[   22.382165] Btrfs loaded
ng root file system ... Begin: Running /scripts/local-top ... done.
Begin: Running /scripts/local-premount ... Scanning for Btrfs filesystems
done.
Warning: fsck no[   22.445916] EXT4-fs (sda1): mounted filesystem with ordered data mode. Opts: (null)
t present, so skipping root file system
done.
Begin: Running /scripts/local-bottom ... done.
Begin: Running /scripts/init-bottom ... done.
[   22.680507] systemd[1]: systemd 229 running in system mode. (+PAM +AUDIT +SELINUX +IMA +APPARMOR +SMACK +SYSVINIT +UTMP +LIBCRYPTSETUP +GCRYPT +GNUTLS +ACL +XZ -LZ4 +SECCOMP +BLKID +ELFUTILS +KMOD -IDN)
[   22.818915] systemd[1]: Detected virtualization oracle.
[   22.878682] systemd[1]: Detected architecture x86-64.

Welcome to [1mUbuntu 16.04.5 LTS[0m!

[   22.998737] systemd[1]: Set hostname to <ubuntu>.
[   23.045614] systemd[1]: Initializing machine ID from random generator.
[   23.105726] systemd[1]: Installed transient /etc/machine-id file.
[   23.360671] systemd[1]: Listening on Syslog Socket.
[[0;32m  OK  [0m] Listening on Syslog Socket.
[   23.401657] systemd[1]: Created slice User and Session Slice.
[[0;32m  OK  [0m] Created slice User and Session Slice.
[   23.562382] systemd[1]: Listening on Journal Socket.
[[0;32m  OK  [0m] Listening on Journal Socket.
[   23.726390] systemd[1]: Reached target Swap.
[[0;32m  OK  [0m] Reached target Swap.
[   23.810816] systemd[1]: Created slice System Slice.
[[0;32m  OK  [0m] Created slice System Slice.
[   23.858609] systemd[1]: Created slice system-serial\x2dgetty.slice.
[[0;32m  OK  [0m] Created slice system-serial\x2dgetty.slice.
[   23.982073] systemd[1]: Starting Nameserver information manager...
         Starting Nameserver information manager...
[   24.109986] systemd[1]: Reached target Slices.
[[0;32m  OK  [0m] Reached target Slices.
[   24.153889] systemd[1]: Mounting Debug File System...
[   24.155834] random: nonblocking pool is initialized
         Mounting Debug File System...
[   24.383168] systemd[1]: Listening on LVM2 metadata daemon socket.
[[0;32m  OK  [0m] Listening on LVM2 metadata daemon socket.
[   24.394744] systemd[1]: Set up automount Arbitrary Executable File Formats File System Automount Point.
[[0;32m  OK  [0m] Set up automount Arbitrary Executab...ats File System Automount Point.
[   24.410496] systemd[1]: Starting Uncomplicated firewall...
         Starting Uncomplicated firewall...
[   24.518044] systemd[1]: Listening on udev Kernel Socket.
[[0;32m  OK  [0m] Listening on udev Kernel Socket.
[   24.594042] systemd[1]: Starting Create list of required static device nodes for the current kernel...
         Starting Create list of required st... nodes for the current kernel...
[   24.744120] systemd[1]: Reached target User and Group Name Lookups.
[[0;32m  OK  [0m] Reached target User and Group Name Lookups.
[   24.807376] systemd[1]: Reached target System Time Synchronized.
[[0;32m  OK  [0m] Reached target System Time Synchronized.
[   24.906727] systemd[1]: Listening on Device-mapper event daemon FIFOs.
[[0;32m  OK  [0m] Listening on Device-mapper event daemon FIFOs.
[   25.010280] systemd[1]: Started Trigger resolvconf update for networkd DNS.
[[0;32m  OK  [0m] Started Trigger resolvconf update for networkd DNS.
[   25.193839] systemd[1]: Starting Set console keymap...
         Starting Set console keymap...
[   25.225989] systemd[1]: Started Forward Password Requests to Wall Directory Watch.
[[0;32m  OK  [0m] Started Forward Password Requests to Wall Directory Watch.
[ 25.34339] systemd[: stenngn ev Cntoloct.

[[0;32m  OK  [0m] Listening on udev Control Socket.
[  25.21911] ste[1 Listeninonourl di Socket.
[[0;32m  OK  [0m] Listening on Journal Audit Socket.
[   27.046475] systemd[1]: Mounting Huge Pages File System...
         Mounting Huge Pages File System...
[   27.070334] systemd[1]: Lisnig  /v/ittlCopatibility Named Pipe.
[[0;32m  OK  [0m] Listening on /dev/initctl Compatibility Named Pipe.
[   27.569994] systemd[1]: Starting Monitoring of LVM2 mirrors, snapshots etc. using dmeventd or progress polling...
         Starting Monitoring of LVM2 mirrors... dmeventd or progress polling...
[   27.741806] systemd[1]: Starting Load Kernel Modules...
         Starting Load Ke[   27.873056] Loading iSCSI transport class v2.0-870.
rnel Modules...[   27.960290] iscsi: registered transport (tcp)

[   28.029865] systemd[1]: Starting Remount Root and Kernel File Systems...
         Starting Remount[   28.137225] EXT4-fs (sda1): re-mounted. Opts: (null)
 Root and Kernel[   28.238099] iscsi: registered transport (iser)
 File Systems...
[   28.281913] systemd[1]: Listening on LVM2 poll daemon socket.
[[0;32m  OK  [0m] Listening on LVM2 poll daemon socket.
[   28.318640] systemd[1]: Reached target Encrypted Volumes.
[[0;32m  OK  [0m] Reached target Encrypted Volumes.
[   28.473787] systemd[1]: Mounting POSIX Message Queue File System...
         Mounting POSIX Message Queue File System...
[   28.602061] systemd[1]: Listening on Journal Socket (/dev/log).
[[0;32m  OK  [0m] Listening on Journal Socket (/dev/log).
[   28.706335] systemd[1]: Starting Journal Service...
         Starting Journal Service...
[   28.819346] systemd[1]: Mounted Debug File System.
[[0;32m  OK  [0m] Mounted Debug File System.
[   28.950455] systemd[1]: Mounted Huge Pages File System.
[[0;32m  OK  [0m] Mounted Huge Pages File System.
[   29.082314] systemd[1]: Mounted POSIX Message Queue File System.
[[0;32m  OK  [0m] Mounted POSIX Message Queue File System.
[   29.154575] systemd[1]: Started Journal Service.
[[0;32m  OK  [0m] Started Journal Service.
[[0;32m  OK  [0m] Started Uncomplicated firewall.
[[0;32m  OK  [0m] Started Create list of required sta...ce nodes for the current kernel.
[[0;32m  OK  [0m] Started Set console keymap.
[[0;32m  OK  [0m] Started Load Kernel Modules.
[[0;32m  OK  [0m] Started Remount Root and Kernel File Systems.
[[0;32m  OK  [0m] Started Nameserver information manager.
[[0;32m  OK  [0m] Started LVM2 metadata daemon.
         Starting udev Coldplug all Devices...
         Starting Load/Save Random Seed...
         Starting Apply Kernel Variables...
         Mounting FUSE Control File System...
         Starting Create Static Device Nodes in /dev...
         Starting Flush Journal to Persistent Storage...
[[0;32m  OK  [0m] Mounted FUSE Control File System.
[[0;32m  OK  [0m] Started Monitoring of LVM2 mirrors,...ng dmeventd or progress polling.
[[0;32m  OK  [0m] Started Load/Save Random Seed.
[[0;32m  OK  [0m] Started Apply Kernel Variables.
[[0;32m  OK  [0m] Started Create Static Device Nodes in /dev.
[[0;32m  OK  [0m] Started udev Coldplug all Devices.
[[0;32m  OK  [0m] Started Flush Journal to Persistent Storage.
         Starting udev Kernel Device Manager...
[[0;32m  OK  [0m] Reached target Local File Systems (Pre).
[[0;32m  OK  [0m] Reached target Local File Systems.
         Starting LSB: AppArmor initialization...
         Starting Set console font and keymap...
         Starting Initial cloud-init job (pre-networking)...
         Starting Commit a transient machine-id on disk...
         Starting Create Volatile Files and Directories...
         Starting Tell Plymouth To Write Out Runtime Data...
[[0;32m  OK  [0m] Started udev Kernel Device Manager.
[[0;32m  OK  [0m] Started Commit a transient machine-id on disk.
[[0;32m  OK  [0m] Started Create Volatile Files and Directories.
[[0;32m  OK  [0m] Started Tell Plymouth To Write Out Runtime Data.
[   24.217302] cloud-init[517]: Cloud-init v. 18.4-0ubuntu1~16.04.2 running 'init-local' at Sat, 01 Dec 2018 04:57:43 +0000. Up 23.90 seconds.
[[0;32m  OK  [0m] Started Initial cloud-init job (pre-networking).
[[0;32m  OK  [0m] Started Set console font and keymap.
[[0;32m  OK  [0m] Found device /dev/ttyS0.
[[0;32m  OK  [0m] Listening on Load/Save RF Kill Switch Status /dev/rfkill Watch.
[[0;32m  OK  [0m] Created slice system-getty.slice.
[[0;32m  OK  [0m] Reached target Network (Pre).
         Starting Update UTMP about System Boot/Shutdown...
[[0;32m  OK  [0m] Started Dispatch Password Requests to Console Directory Watch.
[[0;32m  OK  [0m] Started Update UTMP about System Boot/Shutdown.
[[0;32m  OK  [0m] Started LSB: AppArmor initialization.
         Starting Raise network interfaces...
[[0;32m  OK  [0m] Started Raise network interfaces.
         Starting Initial cloud-init job (metadata service crawler)...
[[0;32m  OK  [0m] Reached target Network.
[   27.174376] cloud-init[976]: Cloud-init v. 18.4-0ubuntu1~16.04.2 running 'init' at Sat, 01 Dec 2018 04:57:45 +0000. Up 26.22 seconds.
[   27.256431] cloud-init[976]: ci-info: +++++++++++++++++++++++++++++++++++++++Net device info+++++++++++++++++++++++++++++++++++++++
[[   27.316528] cloud-init[976]: ci-info: +---------+-------+----------------------------+---------------+--------+-------------------+
[   27.316850] cloud-init[976]: ci-info: |  Device |   Up  |          Address           |      Mask     | Scope  |     Hw-Address    |
[   27.317347] cloud-init[976]: ci-info: +---------+-------+----------------------------+---------------+--------+-------------------+
[   27.317450] cloud-init[976]: ci-info: | enp0s10 | False |             .              |       .       |   .    | 08:00:27:65:59:53 |
[   27.317543] cloud-init[976]: ci-info: | enp0s16 | False |             .              |       .       |   .    | 08:00:27:9d:21:16 |
[   27.317627] cloud-init[976]: ci-info: |  enp0s3 |  True |         10.0.2.15          | 255.255.255.0 | global | 02:46:93:03:7f:ca |
[   27.317711] cloud-init[976]: ci-info: |  enp0s3 |  True | fe80::46:93ff:fe03:7fca/64 |       .       |  link  | 02:46:93:03:7f:ca |
[   27.317795] cloud-init[976]: ci-info: |  enp0s8 | False |             .              |       .       |   .    | 08:00:27:42:71:e6 |
[   27.317879] cloud-init[976]: ci-info: |  enp0s9 | False |             .              |       .       |   .    | 08:00:27:f4:0d:1f |
[   27.317966] cloud-init[976]: ci-info: |    lo   |  True |         127.0.0.1          |   255.0.0.0   |  host  |         .         |
[   27.318050] cloud-init[976]: ci-info: |    lo   |  True |          ::1/128           |       .       |  host  |         .         |
[   27.318134] cloud-init[976]: ci-info: +---------+-------+----------------------------+---------------+--------+-------------------+
[   27.318220] cloud-init[976]: ci-info: +++++++++++++++++++++++++++Route IPv4 info++++++++++++++++++++++++++++
[   27.318307] cloud-init[976]: ci-info: +-------+-------------+----------+---------------+-----------+-------+
[   27.318499] cloud-init[976]: ci-info: | Route | Destination | Gateway  |    Genmask    | Interface | Flags |
[   27.318754] cloud-init[976]: ci-info: +-------+-------------+----------+---------------+-----------+-------+
[   27.318843] cloud-init[976]: ci-info: |   0   |   0.0.0.0   | 10.0.2.2 |    0.0.0.0    |   enp0s3  |   UG  |
[   27.318928] cloud-init[976]: ci-info: |   1   |   10.0.2.0  | 0.0.0.0  | 255.255.255.0 |   enp0s3  |   U   |
[   27.319012] cloud-init[976]: ci-info: +-------+-------------+----------+---------------+-----------+-------+
[   27.319108] cloud-init[976]: ci-info: +++++++++++++++++++Route IPv6 info+++++++++++++++++++
[   27.319198] cloud-init[976]: ci-info: +-------+-------------+---------+-----------+-------+
[   27.319285] cloud-init[976]: ci-info: | Route | Destination | Gateway | Interface | Flags |
[   27.319394] cloud-init[976]: ci-info: +-------+-------------+---------+-----------+-------+
[   27.319480] cloud-init[976]: ci-info: |   0   |  fe80::/64  |    ::   |   enp0s3  |   U   |
[   27.319564] cloud-init[976]: ci-info: |   3   |   ff00::/8  |    ::   |   enp0s3  |   U   |
[   27.319647] cloud-init[976]: ci-info: +-------+-------------+---------+-----------+-------+
[   27.319731] cloud-init[976]: Generating public/private rsa key pair.
[   27.319818] cloud-init[976]: Your identification has been saved in /etc/ssh/ssh_host_rsa_key.
[   27.319903] cloud-init[976]: Your public key has been saved in /etc/ssh/ssh_host_rsa_key.pub.
[   27.319989] cloud-init[976]: The key fingerprint is:[0;32m  OK  [0m] Started Initial cloud-init job (metadata service crawler).
[[0;32m  OK  [0m] Reached target System Initialization.
[[0;32m  OK  [0m] Started Daily apt download activities.
[[0;32m  OK  [0m] Listening on D-Bus System Message Bus Socket.

[[0;32m  OK  [0m] Started ACPI Events Check.
[[0;32m  OK  [0m] Reached target Paths.
[   29.744882] cloud-init[976]: SHA256:7kLUW1g2sm/aPas2N6RTxHS5MyuXqunFzHVM21MKId0 root@ubuntu-xenial
[   29.786252] cloud-init[976]: The key's randomart image is:
[   29.792814] cloud-init[976]: +---[RSA 2048]----+
[   29.804803] cloud-init[976]: |          .... . |
[   29.821208] cloud-init[976]: |        . +.o.E  |
[   29.868683] cloud-init[976]: |       . * +.. .o|
         Starting LXD - unix socket.
[[0;32m  OK  [0m] Started Daily Cleanup of Temporary Directories.
[[0;32m  OK  [0m] Started Daily apt upgrade and clean activities.
[   29.907656] cloud-init[976]: |      . + . o.+++|
[   30.036780] cloud-init[976]: |     .  S+ .  oB+|
[[0;32m  OK  [0m] Listening on UUID daemon activation socket.
[[0;32m  OK  [0m] Listening on ACPID Listen Socket.
         Starting Socket activation for snappy daemon.
[[0;32m  OK  [0m] Reached target Timers.
[[0;32m  OK  [0m] Reached target Cloud-config availability.
[[0;32m  OK  [0m] Reached target Network is Online.
[   30.059697] cloud-init[976]: |      ... o++.+..|
[   30.200908]          cloud-initStarting iSCSI initiator daemon (iscsid)...[976]: 
|     .  .+ ==+   |
[   30.250716] cloud-init[976]: |      ... *o*    |
[[0;32m  OK  [0m] Listening on LXD - unix socket.
[   30.252697] cloud-init[976]: |       ..o=*.+   |
[[0;32m  OK  [0m] Listening on Socket activation for snappy daemon.
[   30.272841] cloud-init[976]: +----[SHA256]-----+
[   30.331081] cloud-init[976]: Generating public/private dsa key pair.
[   30.361947] cloud-init[976]: Your identification has been saved in /etc/ssh/ssh_host_dsa_key.
[   30.397267] cloud-init[976]: Your public key has been saved in /etc/ssh/ssh_host_dsa_key.pub.
[   30.449006] cloud-init[976]: The key fingerprint is:
[   30.477164] cloud-init[976]: SHA256:QIoZwke+rzP7fKHECIbPk+q62Q6qtk/RPO6cNTg9yvA root@ubuntu-xenial
[[0;32m  OK  [0m] Started iSCSI initiator daemon (iscsid).
[   30.545552] cloud-init[976]: The key's randomart image is:
[   30.580510] cloud-init[976]: +---[DSA 1024]----+
[   30.608803] cloud-init[976]: |o o.  .          |
[   30.644927] cloud-init[976]: | o.= o           |
         Starting Login to default iSCSI targets...
[[0;32m  OK  [0m] Reached target Sockets.
[[0;32m  OK  [0m] Reached target Basic System.
[   30.684000] cloud-init[976]: |. +.. .          |
[   30.773912] cloud-init[976]: |.o  +  .         |
         Starting /etc/rc.local Compatibility...
[   30.801068] cloud-init[976]: |.o.+o+  S        |
[   30.838032]          cloud-initStarting Pollinate to seed the pseudo random number generator...[976]: 
|  =.+o+.         |
[[0;32m  OK  [0m] Started FUSE filesystem for LXC.
[   30.877339] cloud-init[976]: |.. +.=.=.        |
[   30.881126] cloud-init[976]: |o=.oO.=.o        |
[   30.885949] cloud-init[976]: |@==+=E.          |
         Starting Login Service...
[   30.908530] [cloud-init[0;32m  OK  [0m[976]: ] +----[SHA256]-----+Started D-Bus System Message Bus.

[   30.912362] cloud-init[976]: Generating public/private ecdsa key pair.
[   30.932368] cloud-init[976]: Your identification has been saved in /etc/ssh/ssh_host_ecdsa_key.
[   30.972310] [cloud-init[0;32m  OK  [0m[976]: ] Your public key has been saved in /etc/ssh/ssh_host_ecdsa_key.pub.Started Regular background program processing daemon.

[   30.973706] cloud-init[976]: The key fingerprint is:
[   31.033565]          cloud-initStarting LSB: Record successful boot for GRUB...[976]: 
SHA256:lH/39YvUyrXjdizDRTeWshmY3TR//gPVtLOf4ZwLntw root@ubuntu-xenial
[   31.121600] cloud-init[976]: The key's randomart image is:
[   31.123206] cloud-init[976]: +---[ECDSA 256]---+
[   31.123319] cloud-init[976]: |                 |
[   31.123419] cloud-init[976]: |         .     o.|
[   31.123530] cloud-init[976]: |        o   + o.*|
[   31.123628] cloud-init[976]: |       . . o + O*|
[   31.123838] cloud-init[976]: |        S . . OoB|
[   31.123946] cloud-init[976]: |           . =.+=|
[   31.124136] cloud-init[976]: |             ++=O|
[   31.124241] cloud-init[976]: |            = @OB|
[   31.124337] cloud-init[976]: |             BoE=|
[   31.124432] cloud-init[976]: +----[SHA256]-----+
[   31.124528] cloud-init[976]: Generating public/private ed25519 key pair.
         Starting LSB: MD monitoring daemon...
[   31.125915] cloud-init[976]: Your identification has been saved in /etc/ssh/ssh_host_ed25519_key.
[   31.700905]          cloud-initStarting Snappy daemon...[976]: 
Your public key has been saved in /etc/ssh/ssh_host_ed25519_key.pub.
[   31.724222] [cloud-init[0;32m  OK  [0m[976]: ] The key fingerprint is:Started Deferred execution scheduler.

[   31.724678] cloud-init[976]: SHA256:Fn7v5XDTVtWGFodXMCBgrP77RazajqiCMufKpGitVLE root@ubuntu-xenial
[   31.764644] cloud-init[976]: The key's randomart image is:
[   31.766257] cloud-init[976]: +--[ED25519 256]--+
[   31.776139]          Starting Accounts Service...
[[0;32m  OK  [0m] Started Unattended Upgrades Shutdown.
cloud-init[976]: |       .o.. ..+o+|
[   31.799109] [[0;32m  OK  [0m] Started ACPI event daemon.
cloud-init[976]: |       ..  .  .=o|
[   31.805642] cloud-init[976]: |   .   ..     o.+|
[   31.813687]          Starting System Logging Service...
cloud-init[976]: |    o .. . . . ..|
[   31.841247]          Starting Virtualbox guest utils...
cloud-init[976]: |   E .  S . o   .|
[   31.872082]          Starting LXD - container startup/shutdown...
cloud-init[976]: |  .   .. . +   ..|
[   31.897794] [[0;32m  OK  [0m] Started System Logging Service.
cloud-init[976]: | +.    .  . + + o|[[0;32m  OK  [0m] Started /etc/rc.local Compatibility.
[[0;32m  OK  [0m] Started Pollinate to seed the pseudo random number generator.

[   31.924563] cloud-init[976]: |X.o.   ..+ o = o |
[   31.952042] [[0;32m  OK  [0m] Started Snappy daemon.
cloud-init[976]: |*Bo.... +++ . .  |
[   31.956091] cloud-init[976]: +----[SHA256]-----+
[[0;32m  OK  [0m] Started Login to default iSCSI targets.
[[0;32m  OK  [0m] Started LXD - container startup/shutdown.
[[0;32m  OK  [0m] Started LSB: Record successful boot for GRUB.
[[0;32m  OK  [0m] Started LSB: MD monitoring daemon.
[[0;32m  OK  [0m] Started Login Service.
         Starting Authenticate and Authorize Users to Run Privileged Tasks...
[[0;32m  OK  [0m] Reached target Remote File Systems (Pre).
[[0;32m  OK  [0m] Reached target Remote File Systems.
         Starting LSB: daemon to balance interrupts for SMP systems...
         Starting LSB: Set the CPU Frequency Scaling governor to "ondemand"...
         Starting Permit User Sessions...
         Starting LSB: automatic crash report generation...
         Starting Wait until snapd is fully seeded...
         Starting OpenBSD Secure Shell server...
[[0;32m  OK  [0m] Started Virtualbox guest utils.
[[0;32m  OK  [0m] Started Permit User Sessions.
[[0;32m  OK  [0m] Started Authenticate and Authorize Users to Run Privileged Tasks.
[[0;32m  OK  [0m] Started OpenBSD Secure Shell server.
[[0;32m  OK  [0m] Started Accounts Service.
[[0;32m  OK  [0m] Started LSB: Set the CPU Frequency Scaling governor to "ondemand".
[[0;32m  OK  [0m] Started LSB: daemon to balance interrupts for SMP systems.
[[0;32m  OK  [0m] Started LSB: automatic crash report generation.
         Starting Terminate Plymouth Boot Screen...
         Starting Hold until boot process finishes up...
[[0;32m  OK  [0m] Started Terminate Plymouth Boot Screen.
[[0;32m  OK  [0m] Started Hold until boot process finishes up.
[[0;32m  OK  [0m] Started Getty on tty1.
[[0;32m  OK  [0m] Started Serial Getty on ttyS0.
[[0;32m  OK  [0m] Reached target Login Prompts.
         Starting Set console scheme...
[[0;32m  OK  [0m] Started Set console scheme.
[[0;32m  OK  [0m] Started Wait until snapd is fully seeded.
[[0;32m  OK  [0m] Created slice User Slice of vagrant.
         Starting User Manager for UID 1000...
[[0;32m  OK  [0m] Reached target Multi-User System.
[[0;32m  OK  [0m] Reached target Graphical Interface.
         Starting Update UTMP about System Runlevel Changes...
         Starting Apply the settings specified in cloud-config...
[[0;32m  OK  [0m] Started User Manager for UID 1000.
[[0;32m  OK  [0m] Started Update UTMP about System Runlevel Changes.
[[0;32m  OK  [0m] Started Session 1 of user vagrant.
[   35.780378] cloud-init[1310]: Generating locales (this might take a while)...
[   36.981839] cloud-init[1310]:   en_US.UTF-8... done
[   37.000753] cloud-init[1310]: Generation complete.
[   37.334033] cloud-init[1310]: Cloud-init v. 18.4-0ubuntu1~16.04.2 running 'modules:config' at Sat, 01 Dec 2018 04:57:55 +0000. Up 35.59 seconds.
[[0;32m  OK  [0m] Started Apply the settings specified in cloud-config.
         Starting Execute cloud user/final scripts...
ci-info: no authorized ssh keys fingerprints found for user ubuntu.
<14>Dec  1 04:57:57 ec2: 
<14>Dec  1 04:57:57 ec2: #############################################################
<14>Dec  1 04:57:57 ec2: -----BEGIN SSH HOST KEY FINGERPRINTS-----
<14>Dec  1 04:57:57 ec2: 1024 SHA256:QIoZwke+rzP7fKHECIbPk+q62Q6qtk/RPO6cNTg9yvA root@ubuntu-xenial (DSA)
<14>Dec  1 04:57:57 ec2: 256 SHA256:lH/39YvUyrXjdizDRTeWshmY3TR//gPVtLOf4ZwLntw root@ubuntu-xenial (ECDSA)
<14>Dec  1 04:57:57 ec2: 256 SHA256:Fn7v5XDTVtWGFodXMCBgrP77RazajqiCMufKpGitVLE root@ubuntu-xenial (ED25519)
<14>Dec  1 04:57:57 ec2: 2048 SHA256:7kLUW1g2sm/aPas2N6RTxHS5MyuXqunFzHVM21MKId0 root@ubuntu-xenial (RSA)
<14>Dec  1 04:57:57 ec2: -----END SSH HOST KEY FINGERPRINTS-----
<14>Dec  1 04:57:57 ec2: #############################################################
-----BEGIN SSH HOST KEY KEYS-----
ecdsa-sha2-nistp256 AAAAE2VjZHNhLXNoYTItbmlzdHAyNTYAAAAIbmlzdHAyNTYAAABBBCkxDjLG5QApabmNvEfRpNky4mWxE2PyEvAbVYoKKa680wI7C+CfBeVxM+ZJkblIUzFtTmdfP2gQVdJZKA+dHdc= root@ubuntu-xenial
ssh-ed25519 AAAAC3NzaC1lZDI1NTE5AAAAIK+r8Iub6xQDO/RC6fw1KEMDff9P9OG2yYt53IPIi8NO root@ubuntu-xenial
ssh-rsa AAAAB3NzaC1yc2EAAAADAQABAAABAQCvqXxIB5dNv4ErUrqWtN8Hh5lKnxEWza9SFZ5X8uWyI3/W0YLH0OrdgKkwcP3MmQ7iBhEHuuJoqxWPxvEZGmxDOLKGleZWhuDzIHbV88TYiyOQkdaDL+GawavkEsBLD8AkZddH0SzkwZ1QH5HVSo5sgljAIM/+RGA7hK3tic78SrqEo4sUNh586+zQxszMZXSypsAJNaSqc4nT9l8L3gvAerAjgz5tDgov1NvdQOQBtCJSRnKO2p4CLW3JoXKHM/na7Sx3bS8WCtPWBtmzzA5ADGEIfI2N7OTwOD3BFjMEoJi6PzXyqQWDUaxWHkZgMuu8g9Z8OmWQQhNcmV/Jnad1 root@ubuntu-xenial
-----END SSH HOST KEY KEYS-----
[   38.014472] cloud-init[1512]: Cloud-init v. 18.4-0ubuntu1~16.04.2 running 'modules:final' at Sat, 01 Dec 2018 04:57:57 +0000. Up 37.84 seconds.
[   38.014631] cloud-init[1512]: ci-info: no authorized ssh keys fingerprints found for user ubuntu.
[   38.014742] cloud-init[1512]: Cloud-init v. 18.4-0ubuntu1~16.04.2 finished at Sat, 01 Dec 2018 04:57:57 +0000. Datasource DataSourceNoCloud [seed=/dev/sdb][dsmode=net].  Up 38.00 seconds

Ubuntu 16.04.5 LTS ubuntu-xenial ttyS0

ubuntu-xenial login: 